[2026-06-15T06:42:23.042Z] [ALL] 06-15 12:12:22.452  2891  3171 D TelephonyInterface: getRealNrState start:0
[2026-06-15T06:42:23.042Z] [ALL] 06-15 12:12:22.452  2891  3171 D ReflectionHelper: android.telephony.OplusTelephonyManager@2236f2e callDeclaredMethodOrThrow : android.telephony.OplusTelephonyManager.getRealNrState
[2026-06-15T06:42:23.042Z] [ALL] 06-15 12:12:22.455  2891  3171 D ReflectionHelper: android.telephony.OplusTelephonyManager@2236f2e callDeclaredMethodOrThrow : android.telephony.OplusTelephonyManager.getIfTestSim
[2026-06-15T06:42:23.042Z] [ALL] 06-15 12:12:22.475  2891  3171 D TelephonyInterface: getRealNrState start:0
[2026-06-15T06:42:23.042Z] [ALL] 06-15 12:12:22.475  2891  3171 D ReflectionHelper: android.telephony.OplusTelephonyManager@2236f2e callDeclaredMethodOrThrow : android.telephony.OplusTelephonyManager.getRealNrState
[2026-06-15T06:42:23.042Z] [ALL] 06-15 12:12:22.477  2891  3171 D ReflectionHelper: android.telephony.OplusTelephonyManager@2236f2e callDeclaredMethodOrThrow : android.telephony.OplusTelephonyManager.getIfTestSim
[2026-06-15T06:42:23.069Z] [ALL] 06-15 12:12:22.530  4410  4420 I tomator2.server: Background concurrent copying GC freed 3720KB AllocSpace bytes, 25(3504KB) LOS objects, 52% free, 5572KB/11MB, paused 172us,82us total 102.697ms
[2026-06-15T06:42:23.190Z] [ALL] 06-15 12:12:22.649 27307 27307 I adbd    : adbd service requested 'shell,v2,raw:dumpsys window displays'
[2026-06-15T06:42:23.190Z] [ALL] 06-15 12:12:22.651  6422  9791 D IHansComunication: HANS sendMessageToKernel: threadId = 505638010032, netLinkSetup = 1, type = FROZEN_TRANS, targetUid = 10394, pkgCmd = PKG_CMD_MAX
[2026-06-15T06:42:23.243Z] [ALL] 06-15 12:12:22.707  4410  4442 I appium  : channel read: POST /session/f52e8ec1-73bf-4361-bb99-ba7f0d7a5903/elements
[2026-06-15T06:42:23.244Z] [ALL] 06-15 12:12:22.709  4410  4442 I appium  : FindElements command
[2026-06-15T06:42:23.247Z] [ALL] 06-15 12:12:22.712  4410  4442 I appium  : method: '-android uiautomator', selector: 'new UiSelector().className("android.widget.EditText")'
[2026-06-15T06:42:23.249Z] [ALL] 06-15 12:12:22.712  4410  4442 I appium  : Waiting up to 1000ms for the device to idle
[2026-06-15T06:42:23.276Z] [ALL] 06-15 12:12:22.740  4410  4442 I QueryController: Matched selector: UiSelector[CLASS=android.widget.EditText, INSTANCE=0] <<==>> [android.view.accessibility.AccessibilityNodeInfo@a899; boundsInParent: Rect(0, 0 - 0, 0); boundsInScreen: Rect(102, 1104 - 978, 1281); packageName: com.safebank.ai; className: android.widget.EditText; text: testotp@safebank.aiinvalidemail; error: null; maxTextLength: -1; stateDescription: null; contentDescription: null; tooltipText: null; viewIdResName: null; uniqueId: null; checkable: false; checked: false; focusable: false; focused: false; selected: false; clickable: true; longClickable: true; contextClickable: false; enabled: false; password: false; scrollable: false; importantForAccessibility: true; visible: true; actions: [AccessibilityAction: ACTION_NEXT_AT_MOVEMENT_GRANULARITY - null, AccessibilityAction: ACTION_PREVIOUS_AT_MOVEMENT_GRANULARITY - null, AccessibilityAction: ACTION_ACCESSIBILITY_FOCUS - null, AccessibilityAction: ACTION_SET_SELECTION - null]; isTextSelectable: false]
[2026-06-15T06:42:23.288Z] [ALL] 06-15 12:12:22.752  4410  4442 I QueryController: Matched selector: UiSelector[CLASS=android.widget.EditText, INSTANCE=1, COUNT=1] <<==>> [android.view.accessibility.AccessibilityNodeInfo@b1cd; boundsInParent: Rect(0, 0 - 0, 0); boundsInScreen: Rect(102, 1312 - 978, 1540); packageName: com.safebank.ai; className: android.widget.EditText; text: ; error: null; maxTextLength: -1; stateDescription: null; contentDescription: null; tooltipText: null; viewIdResName: otp_input_field; uniqueId: null; checkable: false; checked: false; focusable: true; focused: false; selected: false; clickable: true; longClickable: true; contextClickable: false; enabled: true; password: false; scrollable: false; importantForAccessibility: true; visible: true; actions: [AccessibilityAction: ACTION_FOCUS - null, AccessibilityAction: ACTION_ACCESSIBILITY_FOCUS - null, AccessibilityAction: ACTION_CLICK - null, AccessibilityAction: ACTION_LONG_CLICK - null, AccessibilityAction: ACTION_SET_TEXT - null, AccessibilityAction: ACTION_IME_ENTER - null]; isTextSelectable: false]
[2026-06-15T06:42:23.377Z] [ALL] 06-15 12:12:22.840  4410  4442 I appium  : Matched 2 elements using selector UiSelector[CLASS=android.widget.EditText]
[2026-06-15T06:42:23.378Z] [ALL] 06-15 12:12:22.840  4410  4442 I appium  : Matched 2 elements including possible duplicates
[2026-06-15T06:42:23.378Z] [ALL] 06-15 12:12:22.841  4410  4442 I appium  : 2 element(s) left after deduplication
[2026-06-15T06:42:23.378Z] [ALL] 06-15 12:12:22.841  4410  4442 I appium  : Caching 2 found elements
[2026-06-15T06:42:23.380Z] [ALL] 06-15 12:12:22.844  4410  4442 I appium  : Cached 2 elements
[2026-06-15T06:42:23.396Z] [ALL] 06-15 12:12:22.855  4410  4442 I appium  : AppiumResponse: {"sessionId":"f52e8ec1-73bf-4361-bb99-ba7f0d7a5903","value":[{"ELEMENT":"00000000-0000-0085-0000-012f00000004","element-6066-11e4-a52e-4f735466cecf":"00000000-0000-0085-0000-012f00000004"},{"ELEMENT":"00000000-0000-0085-0000-017b00000004","element-6066-11e4-a52e-4f735466cecf":"00000000-0000-0085-000…
[2026-06-15T06:42:23.441Z] [ALL] 06-15 12:12:22.893  4410  4442 I appium  : channel read: POST /session/f52e8ec1-73bf-4361-bb99-ba7f0d7a5903/elements
[2026-06-15T06:42:23.442Z] [ALL] 06-15 12:12:22.895  4410  4442 I appium  : FindElements command
[2026-06-15T06:42:23.442Z] [ALL] 06-15 12:12:22.898  4410  4442 I appium  : method: 'xpath', selector: '//*[contains(@resource-id, "otp_input_field") or @content-desc="otp_input_field"]'
[2026-06-15T06:42:23.443Z] [ALL] 06-15 12:12:22.899  4410  4442 I appium  : Waiting up to 1000ms for the device to idle
[2026-06-15T06:42:23.444Z] [ALL] 06-15 12:12:22.902  4410  4442 I appium  : The following attributes will be included to the page source: [content-desc, resource-id]
[2026-06-15T06:42:23.563Z] [ALL] 06-15 12:12:23.028  1854  6028 I DeepThinkerSDK: [APP] ClientConnection: getDeepThinkerBridge start
[2026-06-15T06:42:23.566Z] [ALL] 06-15 12:12:23.028  1854  6028 I DeepThinkerSDK: [APP] ClientConnection: getDeepThinkerBridge end
[2026-06-15T06:42:23.603Z] [ALL] 06-15 12:12:23.067  1191  1248 D SurfaceFlinger: kickIdle 631, 583, 35, 0
[2026-06-15T06:42:23.603Z] [ALL] 06-15 12:12:23.068  1062  1156 E hwcomposer: [DRMDEV] DRM_IOCTL_MTK_KICK_IDLE failed, drm_id_crtc: 64, error: -1  
[2026-06-15T06:42:23.665Z] [ALL] 06-15 12:12:23.125  4410  4442 I appium  : Took 0ms to retrieve 1 matches for '//*[contains(@resource-id, "otp_input_field") or @content-desc="otp_input_field"]' XPath1 query
[2026-06-15T06:42:23.674Z] [ALL] 06-15 12:12:23.128  4410  4442 I appium  : Caching 1 found element
[2026-06-15T06:42:23.674Z] [ALL] 06-15 12:12:23.128  4410  4442 I appium  : Cached 1 element
[2026-06-15T06:42:23.674Z] [ALL] 06-15 12:12:23.131  4410  4442 I appium  : AppiumResponse: {"sessionId":"f52e8ec1-73bf-4361-bb99-ba7f0d7a5903","value":[{"ELEMENT":"00000000-0000-0085-0000-017b00000004","element-6066-11e4-a52e-4f735466cecf":"00000000-0000-0085-0000-017b00000004"}]}
[2026-06-15T06:42:23.701Z] [ALL] 06-15 12:12:23.164  1854  2927 I OplusHansManager : uid=10394, pkg=io.appium.uiautomator2.server can transition from M to F
[2026-06-15T06:42:23.703Z] [ALL] 06-15 12:12:23.164  1854  2927 I OplusHansManager : uid=10394, pkg=io.appium.uiautomator2.server F enter(), M stay=1
[2026-06-15T06:42:23.703Z] [ALL] 06-15 12:12:23.167  1854  2927 I OplusHansManager : freeze uid: 10394 io.appium.uiautomator2.server pids: [4410] scene: LcdOn
[2026-06-15T06:42:23.705Z] [ALL] 06-15 12:12:23.168  6422  9791 D IHansComunication: HansComunication::addUid-- 10394, persistent--0
[2026-06-15T06:42:23.705Z] [ALL] 06-15 12:12:23.168  6422  9791 D IHansComunication: HANS sendMessageToKernel: threadId = 505638010032, netLinkSetup = 1, type = PKG, targetUid = 10394, pkgCmd = ADD_ONE_UID
[2026-06-15T06:42:23.886Z] [ALL] 06-15 12:12:23.345  2850  2850 D OplusTelephonyController: onSignalStrengthChanged: SignalStrength=SignalStrength:{mCdma=CellSignalStrengthCdma: cdmaDbm=2147483647 cdmaEcio=2147483647 evdoDbm=2147483647 evdoEcio=2147483647 evdoSnr=2147483647 level=0,mGsm=CellSignalStrengthGsm: rssi=2147483647 ber=2147483647 mTa=2147483647 mLevel=0,mWcdma=CellSignalStrengthWcdma: ss=2147483647 ber=2147483647 rscp=2147483647 ecno=2147483647 level=0,mTdscdma=CellSignalStrengthTdscdma: rssi=2147483647 ber=2147483647 rscp=2147483647 level=0,mLte=CellSignalStrengthLte: rssi=2147483647 rsrp=-128 rsrq=2147483647 rssnr=2147483647 cqiTableIndex=2147483647 cqi=2147483647 ta=2147483647 level=0 parametersUseForLevel=0,mNr=CellSignalStrengthNr:{ csiRsrp = 2147483647 csiRsrq = 2147483647 csiCqiTableIndex = 2147483647 csiCqiReport = [] ssRsrp = 2147483647 ssRsrq = 2147483647 ssSinr = 2147483647 level = 0 parametersUseForLevel = 0 },primary=CellSignalStrengthLte}, phoneId=0, mMtkLevel=0, mMtkRsrpOnly=false, mMtkLteRsrpThreshold=null, mMtkLteRssnrThreshold=null
[2026-06-15T06:42:23.886Z] [ALL] 06-15 12:12:23.346  2850  2850 D OplusTelephonyController: onSignalStrengthChanged: SignalStrength=SignalStrength:{mCdma=CellSignalStrengthCdma: cdmaDbm=2147483647 cdmaEcio=2147483647 evdoDbm=2147483647 evdoEcio=2147483647 evdoSnr=2147483647 level=0,mGsm=CellSignalStrengthGsm: rssi=2147483647 ber=2147483647 mTa=2147483647 mLevel=0,mWcdma=CellSignalStrengthWcdma: ss=2147483647 ber=2147483647 rscp=2147483647 ecno=2147483647 level=0,mTdscdma=CellSignalStrengthTdscdma: rssi=2147483647 ber=2147483647 rscp=2147483647 level=0,mLte=CellSignalStrengthLte: rssi=-111 rsrp=-128 rsrq=-17 rssnr=-5 cqiTableIndex=2147483647 cqi=0 ta=0 level=1 parametersUseForLevel=0,mNr=CellSignalStrengthNr:{ csiRsrp = 2147483647 csiRsrq = 2147483647 csiCqiTableIndex = 2147483647 csiCqiReport = [] ssRsrp = 2147483647 ssRsrq = 2147483647 ssSinr = 2147483647 level = 0 parametersUseForLevel = 0 },primary=CellSignalStrengthLte}, phoneId=0, mMtkLevel=0, mMtkRsrpOnly=false, mMtkLteRsrpThreshold=null, mMtkLteRssnrThreshold=null
[2026-06-15T06:42:23.890Z] [ALL] 06-15 12:12:23.353  1191  1248 D SurfaceFlinger: kickIdle 286, 267, 35, 0
[2026-06-15T06:42:23.890Z] [ALL] 06-15 12:12:23.354  1062  1156 E hwcomposer: [DRMDEV] DRM_IOCTL_MTK_KICK_IDLE failed, drm_id_crtc: 64, error: -1  
[2026-06-15T06:42:24.548Z] [ALL] 06-15 12:12:24.011  1038  1706 E TetherController: property_get sys.radio.data.modem_share_flag return 0, 1!
[2026-06-15T06:42:24.653Z] [ALL] 06-15 12:12:24.109  1854  1866 W System  : A resource failed to call release. 
[2026-06-15T06:42:24.653Z] [ALL] 06-15 12:12:24.110  1854  1866 W System  : A resource failed to call release. 
[2026-06-15T06:42:24.653Z] [ALL] 06-15 12:12:24.110  1854  1866 W System  : A resource failed to call release. 
[2026-06-15T06:42:24.653Z] [ALL] 06-15 12:12:24.110  1854  1866 W System  : A resource failed to call release. 
[2026-06-15T06:42:24.653Z] [ALL] 06-15 12:12:24.111  1854  1866 W System  : A resource failed to call release. 
[2026-06-15T06:42:24.653Z] [ALL] 06-15 12:12:24.111  1854  1866 W System  : A resource failed to call release. 
[2026-06-15T06:42:24.653Z] [ALL] 06-15 12:12:24.111  1854  1866 W System  : A resource failed to call release. 
[2026-06-15T06:42:24.653Z] [ALL] 06-15 12:12:24.111  1854  1866 W System  : A resource failed to call release. 
[2026-06-15T06:42:24.655Z] [ALL] 06-15 12:12:24.111  1854  1866 W System  : A resource failed to call release. 
[2026-06-15T06:42:24.655Z] [ALL] 06-15 12:12:24.112  1854  1866 W System  : A resource failed to call release. 
[2026-06-15T06:42:24.655Z] [ALL] 06-15 12:12:24.112  1854  1866 W System  : A resource failed to call release. 
[2026-06-15T06:42:24.655Z] [ALL] 06-15 12:12:24.112  1854  1866 W System  : A resource failed to call release. 
[2026-06-15T06:42:24.655Z] [ALL] 06-15 12:12:24.112  1854  1866 W System  : A resource failed to call release. 
[2026-06-15T06:42:24.655Z] [ALL] 06-15 12:12:24.112  1854  1866 W System  : A resource failed to call release. 
[2026-06-15T06:42:24.655Z] [ALL] 06-15 12:12:24.112  1854  1866 W System  : A resource failed to call release. 
[2026-06-15T06:42:24.655Z] [ALL] 06-15 12:12:24.112  1854  1866 W System  : A resource failed to call release. 
[2026-06-15T06:42:24.655Z] [ALL] 06-15 12:12:24.113  1854  1866 W System  : A resource failed to call release. 
[2026-06-15T06:42:24.655Z] [ALL] 06-15 12:12:24.113  1854  1866 W System  : A resource failed to call release. 
[2026-06-15T06:42:24.655Z] [ALL] 06-15 12:12:24.113  1854  1866 W System  : A resource failed to call release. 
[2026-06-15T06:42:24.655Z] [ALL] 06-15 12:12:24.113  1854  1866 W System  : A resource failed to call release. 
[2026-06-15T06:42:24.655Z] [ALL] 06-15 12:12:24.114  1854  1866 W System  : A resource failed to call release. 
[2026-06-15T06:42:24.655Z] [ALL] 06-15 12:12:24.114  1854  1866 W System  : A resource failed to call release. 
[2026-06-15T06:42:24.655Z] [ALL] 06-15 12:12:24.115  1854  1866 W System  : A resource failed to call release. 
[2026-06-15T06:42:24.655Z] [ALL] 06-15 12:12:24.115  1854  1866 W System  : A resource failed to call release. 
[2026-06-15T06:42:24.655Z] [ALL] 06-15 12:12:24.115  1854  1866 W System  : A resource failed to call release. 
[2026-06-15T06:42:24.655Z] [ALL] 06-15 12:12:24.115  1854  1866 W System  : A resource failed to call release. 
[2026-06-15T06:42:24.655Z] [ALL] 06-15 12:12:24.115  1854  1866 W System  : A resource failed to call release. 
[2026-06-15T06:42:24.657Z] [ALL] 06-15 12:12:24.115  1854  1866 W System  : A resource failed to call release. 
[2026-06-15T06:42:24.657Z] [ALL] 06-15 12:12:24.116  1854  1866 W System  : A resource failed to call release. 
[2026-06-15T06:42:24.657Z] [ALL] 06-15 12:12:24.116  1854  1866 W System  : A resource failed to call release. 
[2026-06-15T06:42:24.657Z] [ALL] 06-15 12:12:24.116  1854  1866 W System  : A resource failed to call release. 
[2026-06-15T06:42:24.657Z] [ALL] 06-15 12:12:24.116  1854  1866 W System  : A resource failed to call release. 
[2026-06-15T06:42:24.722Z] [ALL] 06-15 12:12:24.171  6422  9791 D IHansComunication: HANS sendMessageToKernel: threadId = 505638010032, netLinkSetup = 1, type = FROZEN_TRANS, targetUid = 10394, pkgCmd = PKG_CMD_MAX
[2026-06-15T06:42:25.093Z] [ALL] 06-15 12:12:24.556  1191  1248 D SurfaceFlinger: kickIdle 1202, 1150, 35, 0
[2026-06-15T06:42:25.096Z] [ALL] 06-15 12:12:24.557  1062  1156 E hwcomposer: [DRMDEV] DRM_IOCTL_MTK_KICK_IDLE failed, drm_id_crtc: 64, error: -1  
[2026-06-15T06:42:25.451Z] [ALL] 06-15 12:12:24.904  1854  2334 E WifiScoringParams: Invalid frequency(-1), using 5G as default rssi array
[2026-06-15T06:42:25.453Z] [ALL] 06-15 12:12:24.917  1854  2334 E AppOps  : package wifi not found, can't check for attributionTag null
[2026-06-15T06:42:25.455Z] [ALL] 06-15 12:12:24.918  1854  2334 E AppOps  : Bad call made by uid 1000. Package "wifi" does not belong to uid 1010.
[2026-06-15T06:42:25.468Z] [ALL] 06-15 12:12:24.932  1383  1383 W wificond: Skip scan ssid for single scan: vivo V21 5G
[2026-06-15T06:42:25.470Z] [ALL] 06-15 12:12:24.935  2461  2513 D WifiHAL : event received NL80211_CMD_TRIGGER_SCAN
[2026-06-15T06:42:25.475Z] [ALL] 06-15 12:12:24.937  1067  1112 W AString : ctor got NULL, using empty string instead
[2026-06-15T06:42:25.477Z] [ALL] 06-15 12:12:24.938  1067  1112 I sensors-hal-SensorSavedChannel: [8263,-23950,3633]==>gyro_bias.json
[2026-06-15T06:42:25.477Z] [ALL] 06-15 12:12:24.938  1854  2362 E AppOps  : package wifi not found, can't check for attributionTag null
[2026-06-15T06:42:25.477Z] [ALL] 06-15 12:12:24.938  1854  2362 E AppOps  : Bad call made by uid 1000. Package "wifi" does not belong to uid 1010.
[2026-06-15T06:42:25.763Z] [ALL] 06-15 12:12:25.226  1105  1117 E PerformanceService: storage_feature: open /sys/devices/platform/soc/112b0000.ufshci//virtualtlcbuff fail
[2026-06-15T06:42:25.981Z] [ALL] 06-15 12:12:25.444  2850  2850 D OplusTelephonyController: onSignalStrengthChanged: SignalStrength=SignalStrength:{mCdma=CellSignalStrengthCdma: cdmaDbm=2147483647 cdmaEcio=2147483647 evdoDbm=2147483647 evdoEcio=2147483647 evdoSnr=2147483647 level=0,mGsm=CellSignalStrengthGsm: rssi=2147483647 ber=2147483647 mTa=2147483647 mLevel=0,mWcdma=CellSignalStrengthWcdma: ss=2147483647 ber=2147483647 rscp=2147483647 ecno=2147483647 level=0,mTdscdma=CellSignalStrengthTdscdma: rssi=2147483647 ber=2147483647 rscp=2147483647 level=0,mLte=CellSignalStrengthLte: rssi=-113 rsrp=-128 rsrq=-17 rssnr=-5 cqiTableIndex=2147483647 cqi=0 ta=0 level=1 parametersUseForLevel=0,mNr=CellSignalStrengthNr:{ csiRsrp = 2147483647 csiRsrq = 2147483647 csiCqiTableIndex = 2147483647 csiCqiReport = [] ssRsrp = 2147483647 ssRsrq = 2147483647 ssSinr = 2147483647 level = 0 parametersUseForLevel = 0 },primary=CellSignalStrengthLte}, phoneId=0, mMtkLevel=0, mMtkRsrpOnly=false, mMtkLteRsrpThreshold=null, mMtkLteRssnrThreshold=null
[2026-06-15T06:42:26.006Z] [ALL] 06-15 12:12:25.469  1191  1248 D SurfaceFlinger: kickIdle 912, 883, 35, 0
[2026-06-15T06:42:26.006Z] [ALL] 06-15 12:12:25.470  1062  1156 E hwcomposer: [DRMDEV] DRM_IOCTL_MTK_KICK_IDLE failed, drm_id_crtc: 64, error: -1  
[2026-06-15T06:42:26.031Z] [ALL] 06-15 12:12:25.489  2891  3171 D TelephonyInterface: getRealNrState start:0
[2026-06-15T06:42:26.033Z] [ALL] 06-15 12:12:25.489  2891  3171 D ReflectionHelper: android.telephony.OplusTelephonyManager@2236f2e callDeclaredMethodOrThrow : android.telephony.OplusTelephonyManager.getRealNrState
[2026-06-15T06:42:26.033Z] [ALL] 06-15 12:12:25.496  2891  3171 D TelephonyInterface: getRealNrState start:0
[2026-06-15T06:42:26.033Z] [ALL] 06-15 12:12:25.496  2891  3171 D ReflectionHelper: android.telephony.OplusTelephonyManager@2236f2e callDeclaredMethodOrThrow : android.telephony.OplusTelephonyManager.getRealNrState
[2026-06-15T06:42:26.036Z] [ALL] 06-15 12:12:25.499  2891  3171 D ReflectionHelper: android.telephony.OplusTelephonyManager@2236f2e callDeclaredMethodOrThrow : android.telephony.OplusTelephonyManager.getIfTestSim
[2026-06-15T06:42:26.052Z] [ALL] 06-15 12:12:25.515  2891  3171 D TelephonyInterface: getRealNrState start:0
[2026-06-15T06:42:26.052Z] [ALL] 06-15 12:12:25.515  2891  3171 D ReflectionHelper: android.telephony.OplusTelephonyManager@2236f2e callDeclaredMethodOrThrow : android.telephony.OplusTelephonyManager.getRealNrState
[2026-06-15T06:42:26.055Z] [ALL] 06-15 12:12:25.517  2891  3171 D ReflectionHelper: android.telephony.OplusTelephonyManager@2236f2e callDeclaredMethodOrThrow : android.telephony.OplusTelephonyManager.getIfTestSim
[2026-06-15T06:42:26.167Z] [ALL] 06-15 12:12:25.629  1119  1119 D vendor.oplus.hardware.charger@1.0-service: getChargerControl:
[2026-06-15T06:42:26.265Z] [ALL] 06-15 12:12:25.728  2891  4306 D AtCmdParser: parserAtcmdUrc can not find parser for +EXLCE
[2026-06-15T06:42:26.631Z] [ALL] 06-15 12:12:26.094  1191  1247 D SurfaceFlinger: kickIdle 625, 608, 35, 0
[2026-06-15T06:42:26.631Z] [ALL] 06-15 12:12:26.095  1062  1156 E hwcomposer: [DRMDEV] DRM_IOCTL_MTK_KICK_IDLE failed, drm_id_crtc: 64, error: -1  
[2026-06-15T06:42:26.644Z] [ALL] 06-15 12:12:26.108  1191  1191 I OplusPerfCount: The num of blur fliter in last 60153 ms is: 72
[2026-06-15T06:42:26.647Z] [ALL] 06-15 12:12:26.109  1191  1191 I Quality : SFJankCountInfo: 151;0;0-0-0-0-0-0-0-0-0-0;1-0-0-0-0-0-0-0-0-0;2-0-0-0-0-0-0-0-0-0;3-0-0-0-0-0-0-0-0-0;4-0-0-0-0-0-0-0-0-0;5-0-0-0-0-0-0-0-0-0;6-0-0-0-0-0-0-0-0-0;7-0-0-0-0-0-0-0-0-0;8-0-0-0-0-0-0-0-0-0;9-0-0-0-0-0-0-0-0-0;
[2026-06-15T06:42:26.647Z] [ALL] 06-15 12:12:26.109  1191  1191 I OplusPerfCount: The layer number in last 60153ms is: 4 layer, 152 time, 
[2026-06-15T06:42:26.711Z] [ALL] 06-15 12:12:26.174  6422  6480 E IHansComunication: HANS printMessageBody: RCV message: type = 0,port = 86870,caller_pid = 1854,caller_uid = 1000,target_pid = 4410,target_uid = 10394,pkg_cmd = -1,rpc = android.accessibilityservice.IAccessibilityServiceClient/2
[2026-06-15T06:42:26.715Z] [ALL] 06-15 12:12:26.179  1854  2930 I OplusHansManager : unfreeze uid: 10394 io.appium.uiautomator2.server pids: [4410] reason: AsyncBinder scene: LcdOn
[2026-06-15T06:42:26.717Z] [ALL] 06-15 12:12:26.181  1854  2927 I OplusHansManager : uid=10394, pkg=io.appium.uiautomator2.server, transition from F to Middle, reason=AsyncBinder
[2026-06-15T06:42:26.719Z] [ALL] 06-15 12:12:26.181  1854  2927 I OplusHansManager : uid=10394, pkg=io.appium.uiautomator2.server F exit(), F stay=3, reason=AsyncBinder
[2026-06-15T06:42:26.719Z] [ALL] 06-15 12:12:26.182  4410  4442 I appium  : channel read: GET /session/f52e8ec1-73bf-4361-bb99-ba7f0d7a5903/element/00000000-0000-0085-0000-017b00000004/attribute/displayed
[2026-06-15T06:42:26.719Z] [ALL] 06-15 12:12:26.183  4410  4442 I appium  : GetElementAttribute command
[2026-06-15T06:42:27.234Z] [ALL] 06-15 12:12:26.686  4410  4442 I appium  : AppiumResponse: {"sessionId":"f52e8ec1-73bf-4361-bb99-ba7f0d7a5903","value":"true"}
[2026-06-15T06:42:27.261Z] [ALL] 06-15 12:12:26.723  4410  4442 I appium  : channel read: POST /session/f52e8ec1-73bf-4361-bb99-ba7f0d7a5903/element
[2026-06-15T06:42:27.261Z] [ALL] 06-15 12:12:26.725  4410  4442 I appium  : FindElement command
[2026-06-15T06:42:27.265Z] [ALL] 06-15 12:12:26.729  4410  4442 I appium  : method: '-android uiautomator', selector: 'new UiSelector().className("android.widget.EditText").instance(0)'
[2026-06-15T06:42:27.265Z] [ALL] 06-15 12:12:26.729  4410  4442 I appium  : Waiting up to 1000ms for the device to idle
[2026-06-15T06:42:27.352Z] [ALL] 06-15 12:12:26.816  4410  4442 I QueryController: Matched selector: UiSelector[CLASS=android.widget.EditText, INSTANCE=0] <<==>> [android.view.accessibility.AccessibilityNodeInfo@a899; boundsInParent: Rect(0, 0 - 0, 0); boundsInScreen: Rect(102, 1104 - 978, 1281); packageName: com.safebank.ai; className: android.widget.EditText; text: testotp@safebank.aiinvalidemail; error: null; maxTextLength: -1; stateDescription: null; contentDescription: null; tooltipText: null; viewIdResName: null; uniqueId: null; checkable: false; checked: false; focusable: false; focused: false; selected: false; clickable: true; longClickable: true; contextClickable: false; enabled: false; password: false; scrollable: false; importantForAccessibility: true; visible: true; actions: [AccessibilityAction: ACTION_NEXT_AT_MOVEMENT_GRANULARITY - null, AccessibilityAction: ACTION_PREVIOUS_AT_MOVEMENT_GRANULARITY - null, AccessibilityAction: ACTION_ACCESSIBILITY_FOCUS - null, AccessibilityAction: ACTION_SET_SELECTION - null]; isTextSelectable: false]
[2026-06-15T06:42:27.370Z] [ALL] 06-15 12:12:26.825  4410  4442 I appium  : AppiumResponse: {"sessionId":"f52e8ec1-73bf-4361-bb99-ba7f0d7a5903","value":{"ELEMENT":"00000000-0000-0085-0000-012f00000004","element-6066-11e4-a52e-4f735466cecf":"00000000-0000-0085-0000-012f00000004"}}
[2026-06-15T06:42:27.397Z] [ALL] 06-15 12:12:26.859  4410  4442 I appium  : channel read: GET /session/f52e8ec1-73bf-4361-bb99-ba7f0d7a5903/element/00000000-0000-0085-0000-012f00000004/attribute/displayed
[2026-06-15T06:42:27.397Z] [ALL] 06-15 12:12:26.862  4410  4442 I appium  : GetElementAttribute command
[2026-06-15T06:42:27.406Z] [ALL] 06-15 12:12:26.869  4410  4442 I QueryController: Matched selector: UiSelector[CLASS=android.widget.EditText, INSTANCE=0] <<==>> [android.view.accessibility.AccessibilityNodeInfo@a899; boundsInParent: Rect(0, 0 - 0, 0); boundsInScreen: Rect(102, 1104 - 978, 1281); packageName: com.safebank.ai; className: android.widget.EditText; text: testotp@safebank.aiinvalidemail; error: null; maxTextLength: -1; stateDescription: null; contentDescription: null; tooltipText: null; viewIdResName: null; uniqueId: null; checkable: false; checked: false; focusable: false; focused: false; selected: false; clickable: true; longClickable: true; contextClickable: false; enabled: false; password: false; scrollable: false; importantForAccessibility: true; visible: true; actions: [AccessibilityAction: ACTION_NEXT_AT_MOVEMENT_GRANULARITY - null, AccessibilityAction: ACTION_PREVIOUS_AT_MOVEMENT_GRANULARITY - null, AccessibilityAction: ACTION_ACCESSIBILITY_FOCUS - null, AccessibilityAction: ACTION_SET_SELECTION - null]; isTextSelectable: false]
[2026-06-15T06:42:27.406Z] [ALL] 06-15 12:12:26.869  4410  4442 D UiObject: Waiting 0ms for UiSelector[CLASS=android.widget.EditText, INSTANCE=0].
[2026-06-15T06:42:27.419Z] [ALL] 06-15 12:12:26.880  4410  4442 I QueryController: Matched selector: UiSelector[CLASS=android.widget.EditText, INSTANCE=0] <<==>> [android.view.accessibility.AccessibilityNodeInfo@a899; boundsInParent: Rect(0, 0 - 0, 0); boundsInScreen: Rect(102, 1104 - 978, 1281); packageName: com.safebank.ai; className: android.widget.EditText; text: testotp@safebank.aiinvalidemail; error: null; maxTextLength: -1; stateDescription: null; contentDescription: null; tooltipText: null; viewIdResName: null; uniqueId: null; checkable: false; checked: false; focusable: false; focused: false; selected: false; clickable: true; longClickable: true; contextClickable: false; enabled: false; password: false; scrollable: false; importantForAccessibility: true; visible: true; actions: [AccessibilityAction: ACTION_NEXT_AT_MOVEMENT_GRANULARITY - null, AccessibilityAction: ACTION_PREVIOUS_AT_MOVEMENT_GRANULARITY - null, AccessibilityAction: ACTION_ACCESSIBILITY_FOCUS - null, AccessibilityAction: ACTION_SET_SELECTION - null]; isTextSelectable: false]
[2026-06-15T06:42:27.422Z] [ALL] 06-15 12:12:26.887  4410  4442 I QueryController: Matched selector: UiSelector[CLASS=android.widget.EditText, INSTANCE=0] <<==>> [android.view.accessibility.AccessibilityNodeInfo@a899; boundsInParent: Rect(0, 0 - 0, 0); boundsInScreen: Rect(102, 1104 - 978, 1281); packageName: com.safebank.ai; className: android.widget.EditText; text: testotp@safebank.aiinvalidemail; error: null; maxTextLength: -1; stateDescription: null; contentDescription: null; tooltipText: null; viewIdResName: null; uniqueId: null; checkable: false; checked: false; focusable: false; focused: false; selected: false; clickable: true; longClickable: true; contextClickable: false; enabled: false; password: false; scrollable: false; importantForAccessibility: true; visible: true; actions: [AccessibilityAction: ACTION_NEXT_AT_MOVEMENT_GRANULARITY - null, AccessibilityAction: ACTION_PREVIOUS_AT_MOVEMENT_GRANULARITY - null, AccessibilityAction: ACTION_ACCESSIBILITY_FOCUS - null, AccessibilityAction: ACTION_SET_SELECTION - null]; isTextSelectable: false]
[2026-06-15T06:42:27.424Z] [ALL] 06-15 12:12:26.889  4410  4442 I appium  : AppiumResponse: {"sessionId":"f52e8ec1-73bf-4361-bb99-ba7f0d7a5903","value":"true"}
[2026-06-15T06:42:27.442Z] [ALL] 06-15 12:12:26.908  4410  4442 I appium  : channel read: POST /session/f52e8ec1-73bf-4361-bb99-ba7f0d7a5903/element/00000000-0000-0085-0000-012f00000004/clear
[2026-06-15T06:42:27.444Z] [ALL] 06-15 12:12:26.910  4410  4442 I appium  : Clear command
[2026-06-15T06:42:27.457Z] [ALL] 06-15 12:12:26.922  4410  4442 I QueryController: Matched selector: UiSelector[CLASS=android.widget.EditText, INSTANCE=0] <<==>> [android.view.accessibility.AccessibilityNodeInfo@a899; boundsInParent: Rect(0, 0 - 0, 0); boundsInScreen: Rect(102, 1104 - 978, 1281); packageName: com.safebank.ai; className: android.widget.EditText; text: testotp@safebank.aiinvalidemail; error: null; maxTextLength: -1; stateDescription: null; contentDescription: null; tooltipText: null; viewIdResName: null; uniqueId: null; checkable: false; checked: false; focusable: false; focused: false; selected: false; clickable: true; longClickable: true; contextClickable: false; enabled: false; password: false; scrollable: false; importantForAccessibility: true; visible: true; actions: [AccessibilityAction: ACTION_NEXT_AT_MOVEMENT_GRANULARITY - null, AccessibilityAction: ACTION_PREVIOUS_AT_MOVEMENT_GRANULARITY - null, AccessibilityAction: ACTION_ACCESSIBILITY_FOCUS - null, AccessibilityAction: ACTION_SET_SELECTION - null]; isTextSelectable: false]
[2026-06-15T06:42:27.464Z] [ALL] 06-15 12:12:26.927  4410  4442 I QueryController: Matched selector: UiSelector[CLASS=android.widget.EditText, INSTANCE=0] <<==>> [android.view.accessibility.AccessibilityNodeInfo@a899; boundsInParent: Rect(0, 0 - 0, 0); boundsInScreen: Rect(102, 1104 - 978, 1281); packageName: com.safebank.ai; className: android.widget.EditText; text: testotp@safebank.aiinvalidemail; error: null; maxTextLength: -1; stateDescription: null; contentDescription: null; tooltipText: null; viewIdResName: null; uniqueId: null; checkable: false; checked: false; focusable: false; focused: false; selected: false; clickable: true; longClickable: true; contextClickable: false; enabled: false; password: false; scrollable: false; importantForAccessibility: true; visible: true; actions: [AccessibilityAction: ACTION_NEXT_AT_MOVEMENT_GRANULARITY - null, AccessibilityAction: ACTION_PREVIOUS_AT_MOVEMENT_GRANULARITY - null, AccessibilityAction: ACTION_ACCESSIBILITY_FOCUS - null, AccessibilityAction: ACTION_SET_SELECTION - null]; isTextSelectable: false]
[2026-06-15T06:42:27.466Z] [ALL] 06-15 12:12:26.928  4410  4442 D UiObject: Setting text to ''.
[2026-06-15T06:42:27.466Z] [ALL] 06-15 12:12:26.928  1854  4951 D PowerManagerService: userActivityNoUpdateLocked: groupId=0, eventTime=10685970, event=3, flags=0x0, uid=1000
[2026-06-15T06:42:27.467Z] [ALL] 06-15 12:12:26.933  1119  1119 D vendor.oplus.hardware.charger@1.0-service: getPsyUsbType type: USB, ret_value = 3
[2026-06-15T06:42:27.467Z] [ALL] 06-15 12:12:26.933  1119  1119 D vendor.oplus.hardware.charger@1.0-service: getPsyUsbType type: USB is usb charging.
[2026-06-15T06:42:27.474Z] [ALL] 06-15 12:12:26.939  4410  4442 I appium  : AppiumResponse: {"sessionId":"f52e8ec1-73bf-4361-bb99-ba7f0d7a5903","value":null}
[2026-06-15T06:42:27.476Z] [ALL] 06-15 12:12:26.941  1119  1119 D vendor.oplus.hardware.charger@1.0-service: getPsyUsbType type: USB, ret_value = 3
[2026-06-15T06:42:27.479Z] [ALL] 06-15 12:12:26.941  1119  1119 D vendor.oplus.hardware.charger@1.0-service: getPsyUsbType type: USB is usb charging.
[2026-06-15T06:42:27.498Z] [ALL] 06-15 12:12:26.959  4410  4442 I appium  : channel read: POST /session/f52e8ec1-73bf-4361-bb99-ba7f0d7a5903/element/00000000-0000-0085-0000-012f00000004/clear
[2026-06-15T06:42:27.498Z] [ALL] 06-15 12:12:26.960  4410  4442 I appium  : Clear command
[2026-06-15T06:42:27.501Z] [ALL] 06-15 12:12:26.965  4410  4442 I QueryController: Matched selector: UiSelector[CLASS=android.widget.EditText, INSTANCE=0] <<==>> [android.view.accessibility.AccessibilityNodeInfo@a899; boundsInParent: Rect(0, 0 - 0, 0); boundsInScreen: Rect(102, 1104 - 978, 1281); packageName: com.safebank.ai; className: android.widget.EditText; text: testotp@safebank.aiinvalidemail; error: null; maxTextLength: -1; stateDescription: null; contentDescription: null; tooltipText: null; viewIdResName: null; uniqueId: null; checkable: false; checked: false; focusable: false; focused: false; selected: false; clickable: true; longClickable: true; contextClickable: false; enabled: false; password: false; scrollable: false; importantForAccessibility: true; visible: true; actions: [AccessibilityAction: ACTION_NEXT_AT_MOVEMENT_GRANULARITY - null, AccessibilityAction: ACTION_PREVIOUS_AT_MOVEMENT_GRANULARITY - null, AccessibilityAction: ACTION_ACCESSIBILITY_FOCUS - null, AccessibilityAction: ACTION_SET_SELECTION - null]; isTextSelectable: false]
[2026-06-15T06:42:27.511Z] [ALL] 06-15 12:12:26.975  4410  4442 I QueryController: Matched selector: UiSelector[CLASS=android.widget.EditText, INSTANCE=0] <<==>> [android.view.accessibility.AccessibilityNodeInfo@a899; boundsInParent: Rect(0, 0 - 0, 0); boundsInScreen: Rect(102, 1104 - 978, 1281); packageName: com.safebank.ai; className: android.widget.EditText; text: testotp@safebank.aiinvalidemail; error: null; maxTextLength: -1; stateDescription: null; contentDescription: null; tooltipText: null; viewIdResName: null; uniqueId: null; checkable: false; checked: false; focusable: false; focused: false; selected: false; clickable: true; longClickable: true; contextClickable: false; enabled: false; password: false; scrollable: false; importantForAccessibility: true; visible: true; actions: [AccessibilityAction: ACTION_NEXT_AT_MOVEMENT_GRANULARITY - null, AccessibilityAction: ACTION_PREVIOUS_AT_MOVEMENT_GRANULARITY - null, AccessibilityAction: ACTION_ACCESSIBILITY_FOCUS - null, AccessibilityAction: ACTION_SET_SELECTION - null]; isTextSelectable: false]
[2026-06-15T06:42:27.511Z] [ALL] 06-15 12:12:26.975  4410  4442 D UiObject: Setting text to ''.
[2026-06-15T06:42:27.512Z] [ALL] 06-15 12:12:26.975  1854  4951 D PowerManagerService: userActivityNoUpdateLocked: groupId=0, eventTime=10686017, event=3, flags=0x0, uid=1000
[2026-06-15T06:42:27.516Z] [ALL] 06-15 12:12:26.981  4410  4442 I appium  : AppiumResponse: {"sessionId":"f52e8ec1-73bf-4361-bb99-ba7f0d7a5903","value":null}
[2026-06-15T06:42:27.541Z] [ALL] 06-15 12:12:27.005  4410  4442 I appium  : channel read: POST /session/f52e8ec1-73bf-4361-bb99-ba7f0d7a5903/element/00000000-0000-0085-0000-012f00000004/value
[2026-06-15T06:42:27.542Z] [ALL] 06-15 12:12:27.008  4410  4442 I appium  : SendKeysToElement command
[2026-06-15T06:42:27.550Z] [ALL] 06-15 12:12:27.013  4410  4442 I QueryController: Matched selector: UiSelector[CLASS=android.widget.EditText, INSTANCE=0] <<==>> [android.view.accessibility.AccessibilityNodeInfo@a899; boundsInParent: Rect(0, 0 - 0, 0); boundsInScreen: Rect(102, 1104 - 978, 1281); packageName: com.safebank.ai; className: android.widget.EditText; text: testotp@safebank.aiinvalidemail; error: null; maxTextLength: -1; stateDescription: null; contentDescription: null; tooltipText: null; viewIdResName: null; uniqueId: null; checkable: false; checked: false; focusable: false; focused: false; selected: false; clickable: true; longClickable: true; contextClickable: false; enabled: false; password: false; scrollable: false; importantForAccessibility: true; visible: true; actions: [AccessibilityAction: ACTION_NEXT_AT_MOVEMENT_GRANULARITY - null, AccessibilityAction: ACTION_PREVIOUS_AT_MOVEMENT_GRANULARITY - null, AccessibilityAction: ACTION_ACCESSIBILITY_FOCUS - null, AccessibilityAction: ACTION_SET_SELECTION - null]; isTextSelectable: false]
[2026-06-15T06:42:27.563Z] [ALL] 06-15 12:12:27.026  4410  4442 I QueryController: Matched selector: UiSelector[CLASS=android.widget.EditText, INSTANCE=0] <<==>> [android.view.accessibility.AccessibilityNodeInfo@a899; boundsInParent: Rect(0, 0 - 0, 0); boundsInScreen: Rect(102, 1104 - 978, 1281); packageName: com.safebank.ai; className: android.widget.EditText; text: testotp@safebank.aiinvalidemail; error: null; maxTextLength: -1; stateDescription: null; contentDescription: null; tooltipText: null; viewIdResName: null; uniqueId: null; checkable: false; checked: false; focusable: false; focused: false; selected: false; clickable: true; longClickable: true; contextClickable: false; enabled: false; password: false; scrollable: false; importantForAccessibility: true; visible: true; actions: [AccessibilityAction: ACTION_NEXT_AT_MOVEMENT_GRANULARITY - null, AccessibilityAction: ACTION_PREVIOUS_AT_MOVEMENT_GRANULARITY - null, AccessibilityAction: ACTION_ACCESSIBILITY_FOCUS - null, AccessibilityAction: ACTION_SET_SELECTION - null]; isTextSelectable: false]
[2026-06-15T06:42:27.568Z] [ALL] 06-15 12:12:27.032  4410  4442 I QueryController: Matched selector: UiSelector[CLASS=android.widget.EditText, INSTANCE=0] <<==>> [android.view.accessibility.AccessibilityNodeInfo@a899; boundsInParent: Rect(0, 0 - 0, 0); boundsInScreen: Rect(102, 1104 - 978, 1281); packageName: com.safebank.ai; className: android.widget.EditText; text: testotp@safebank.aiinvalidemail; error: null; maxTextLength: -1; stateDescription: null; contentDescription: null; tooltipText: null; viewIdResName: null; uniqueId: null; checkable: false; checked: false; focusable: false; focused: false; selected: false; clickable: true; longClickable: true; contextClickable: false; enabled: false; password: false; scrollable: false; importantForAccessibility: true; visible: true; actions: [AccessibilityAction: ACTION_NEXT_AT_MOVEMENT_GRANULARITY - null, AccessibilityAction: ACTION_PREVIOUS_AT_MOVEMENT_GRANULARITY - null, AccessibilityAction: ACTION_ACCESSIBILITY_FOCUS - null, AccessibilityAction: ACTION_SET_SELECTION - null]; isTextSelectable: false]
[2026-06-15T06:42:27.577Z] [ALL] 06-15 12:12:27.042  4410  4442 I QueryController: Matched selector: UiSelector[CLASS=android.widget.EditText, INSTANCE=0] <<==>> [android.view.accessibility.AccessibilityNodeInfo@a899; boundsInParent: Rect(0, 0 - 0, 0); boundsInScreen: Rect(102, 1104 - 978, 1281); packageName: com.safebank.ai; className: android.widget.EditText; text: testotp@safebank.aiinvalidemail; error: null; maxTextLength: -1; stateDescription: null; contentDescription: null; tooltipText: null; viewIdResName: null; uniqueId: null; checkable: false; checked: false; focusable: false; focused: false; selected: false; clickable: true; longClickable: true; contextClickable: false; enabled: false; password: false; scrollable: false; importantForAccessibility: true; visible: true; actions: [AccessibilityAction: ACTION_NEXT_AT_MOVEMENT_GRANULARITY - null, AccessibilityAction: ACTION_PREVIOUS_AT_MOVEMENT_GRANULARITY - null, AccessibilityAction: ACTION_ACCESSIBILITY_FOCUS - null, AccessibilityAction: ACTION_SET_SELECTION - null]; isTextSelectable: false]
[2026-06-15T06:42:27.579Z] [ALL] 06-15 12:12:27.042  4410  4442 D UiObject: Setting text to ''.
[2026-06-15T06:42:27.579Z] [ALL] 06-15 12:12:27.043  1854  4951 D PowerManagerService: userActivityNoUpdateLocked: groupId=0, eventTime=10686084, event=3, flags=0x0, uid=1000
[2026-06-15T06:42:27.583Z] [ALL] 06-15 12:12:27.046  1854  2304 D OplusWifiDriverEventObsever: recieve uevent
[2026-06-15T06:42:27.584Z] [ALL] 06-15 12:12:27.047  2461  2513 D WifiHAL : event received NL80211_CMD_NEW_SCAN_RESULTS
[2026-06-15T06:42:27.584Z] [ALL] 06-15 12:12:27.047  1038  1694 E TetherController:  addInterface wlan0->34 succ
[2026-06-15T06:42:27.584Z] [ALL] 06-15 12:12:27.048  1854  1868 D WifiNl80211Manager: Scan result ready event
[2026-06-15T06:42:27.584Z] [ALL] 06-15 12:12:27.049  1854  1868 D WifiNative: Scan result ready event
[2026-06-15T06:42:27.589Z] [ALL] 06-15 12:12:27.054  4410  4442 I QueryController: Matched selector: UiSelector[CLASS=android.widget.EditText, INSTANCE=0] <<==>> [android.view.accessibility.AccessibilityNodeInfo@a899; boundsInParent: Rect(0, 0 - 0, 0); boundsInScreen: Rect(102, 1104 - 978, 1281); packageName: com.safebank.ai; className: android.widget.EditText; text: testotp@safebank.aiinvalidemail; error: null; maxTextLength: -1; stateDescription: null; contentDescription: null; tooltipText: null; viewIdResName: null; uniqueId: null; checkable: false; checked: false; focusable: false; focused: false; selected: false; clickable: true; longClickable: true; contextClickable: false; enabled: false; password: false; scrollable: false; importantForAccessibility: true; visible: true; actions: [AccessibilityAction: ACTION_NEXT_AT_MOVEMENT_GRANULARITY - null, AccessibilityAction: ACTION_PREVIOUS_AT_MOVEMENT_GRANULARITY - null, AccessibilityAction: ACTION_ACCESSIBILITY_FOCUS - null, AccessibilityAction: ACTION_SET_SELECTION - null]; isTextSelectable: false]
[2026-06-15T06:42:27.599Z] [ALL] 06-15 12:12:27.063  4410  4442 I QueryController: Matched selector: UiSelector[CLASS=android.widget.EditText, INSTANCE=0] <<==>> [android.view.accessibility.AccessibilityNodeInfo@a899; boundsInParent: Rect(0, 0 - 0, 0); boundsInScreen: Rect(102, 1104 - 978, 1281); packageName: com.safebank.ai; className: android.widget.EditText; text: testotp@safebank.aiinvalidemail; error: null; maxTextLength: -1; stateDescription: null; contentDescription: null; tooltipText: null; viewIdResName: null; uniqueId: null; checkable: false; checked: false; focusable: false; focused: false; selected: false; clickable: true; longClickable: true; contextClickable: false; enabled: false; password: false; scrollable: false; importantForAccessibility: true; visible: true; actions: [AccessibilityAction: ACTION_NEXT_AT_MOVEMENT_GRANULARITY - null, AccessibilityAction: ACTION_PREVIOUS_AT_MOVEMENT_GRANULARITY - null, AccessibilityAction: ACTION_ACCESSIBILITY_FOCUS - null, AccessibilityAction: ACTION_SET_SELECTION - null]; isTextSelectable: false]
[2026-06-15T06:42:27.600Z] [ALL] 06-15 12:12:27.064  1854  4951 D PowerManagerService: userActivityNoUpdateLocked: groupId=0, eventTime=10686106, event=3, flags=0x0, uid=1000
[2026-06-15T06:42:27.601Z] [ALL] 06-15 12:12:27.064  1854  2334 D OplusScanResultsProxy: fewApNum:5
[2026-06-15T06:42:27.607Z] [ALL] 06-15 12:12:27.072  1854  2334 D OplusEnableConfigManager: scannedConfiguredNetworksList is null/empty!!
[2026-06-15T06:42:27.609Z] [ALL] 06-15 12:12:27.072  4410  4442 I appium  : AppiumResponse: {"sessionId":"f52e8ec1-73bf-4361-bb99-ba7f0d7a5903","value":{"error":"invalid element state","message":"Cannot set the element to 'testotp@safebank.ai'. Did you interact with the correct element?","stacktrace":"io.appium.uiautomator2.common.exceptions.InvalidElementStateException: Cannot set the element to 'testotp@safebank.ai'. Did you interact with the correct element?\n\tat io.appium.uiautomator2.handler.SendKeysToElement.setText(SendKeysToElement.java:87)\n\tat io.appium.uiautomator2.handler.SendKeysToElement.safeHandle(SendKeysToElement.java:115)\n\tat io.appium.uiautomator2.handler.request.SafeRequestHandler.handle(SafeRequestHandler.java:59)\n\tat io.appium.uiautomator2.server.AppiumServlet.handleRequest(AppiumServlet.java:267)\n\tat io.appium.uiautomator2.server.AppiumServlet.handleHttpRequest(AppiumServlet.java:261)\n\tat io.appium.uiautomator2.http.ServerHandler.channelRead(ServerHandler.java:77)\n\tat io.netty.channel.AbstractChannelHandlerContext.fireChannelRead(AbstractChannelHandlerContext.java:357)\n\tat io.netty.handler.codec.MessageToMessageDecoder.channelRead(MessageToMessageDecoder.java:107)\n\tat io.netty.channel.AbstractChannelHandlerContext.fireChannelRead(AbstractChannelHandlerContext.java:357)\n\tat io.netty.channel.CombinedChannelDuplexHandler$DelegatingChannelHandlerContext.fireChannelRead(CombinedChannelDuplexHandler.java:434)\n\tat io.netty.handler.codec.ByteToMessageDecoder.fireChannelRead(ByteToMessageDecoder.java:361)\n\tat io.netty.handler.codec.ByteToMessageDecoder.channelRead(ByteToMessageDecoder.java:325)\n\tat io.netty.channel.CombinedChannelDuplexHandler.channelRead(CombinedChannelDuplexHandler.java:249)\n\tat io.netty.channel.AbstractChannelHandlerContext.fireChannelRead(AbstractChannelHandlerContext.java:355)\n\tat io.netty.handler.timeout.IdleStateHandler.channelRead(IdleStateHandler.java:288)\n\tat io.netty.channel.AbstractChannelHandlerContext.fireChannelRead(AbstractChannelHandlerContext.java:355)\n\tat io.netty.channel.DefaultChannelPipeline$HeadContext.channelRead(DefaultChannelPipeline.java:1429)\n\tat io.netty.channel.DefaultChannelPipeline.fireChannelRead(DefaultChannelPipeline.java:918)\n\tat io.netty.channel.nio.AbstractNioByteChannel$NioByteUnsafe.read(AbstractNioByteChannel.java:176)\n\tat io.netty.channel.nio.AbstractNioChannel$AbstractNioUnsafe.handle(AbstractNioChannel.java:445)\n\tat io.netty.channel.nio.NioIoHandler$DefaultNioRegistration.handle(NioIoHandler.java:388)\n\tat io.netty.channel.nio.NioIoHandler.processSelectedKey(NioIoHandler.java:596)\n\tat io.netty.channel.nio.NioIoHandler.processSelectedKeysOptimized(NioIoHandler.java:571)\n\tat io.netty.channel.nio.NioIoHandler.processSelectedKeys(NioIoHandler.java:512)\n\tat io.netty.channel.nio.NioIoHandler.run(NioIoHandler.java:484)\n\tat io.netty.channel.SingleThreadIoEventLoop.runIo(SingleThreadIoEventLoop.java:225)\n\tat io.netty.channel.SingleThreadIoEventLoop.run(SingleThreadIoEventLoop.java:196)\n\tat io.netty.util.concurrent.SingleThreadEventExecutor$5.run(SingleThreadEventExecutor.java:1195)\n\tat io.netty.util.internal.ThreadExecutorMap$2.run(ThreadExecutorMap.java:74)\n\tat io.netty.util.concurrent.FastThreadLocalRunnable.run(FastThreadLocalRunnable.java:30)\n\tat java.lang.Thread.run(Thread.java:1572)\n"}}
[2026-06-15T06:42:27.661Z] [ALL] 06-15 12:12:27.126  4410  4442 I appium  : channel read: POST /session/f52e8ec1-73bf-4361-bb99-ba7f0d7a5903/element/00000000-0000-0085-0000-012f00000004/value
[2026-06-15T06:42:27.662Z] [ALL] 06-15 12:12:27.128  4410  4442 I appium  : SendKeysToElement command
[2026-06-15T06:42:27.697Z] [ALL] 06-15 12:12:27.161  4410  4442 I QueryController: Matched selector: UiSelector[CLASS=android.widget.EditText, INSTANCE=0] <<==>> [android.view.accessibility.AccessibilityNodeInfo@a899; boundsInParent: Rect(0, 0 - 0, 0); boundsInScreen: Rect(102, 1104 - 978, 1281); packageName: com.safebank.ai; className: android.widget.EditText; text: testotp@safebank.aiinvalidemail; error: null; maxTextLength: -1; stateDescription: null; contentDescription: null; tooltipText: null; viewIdResName: null; uniqueId: null; checkable: false; checked: false; focusable: false; focused: false; selected: false; clickable: true; longClickable: true; contextClickable: false; enabled: false; password: false; scrollable: false; importantForAccessibility: true; visible: true; actions: [AccessibilityAction: ACTION_NEXT_AT_MOVEMENT_GRANULARITY - null, AccessibilityAction: ACTION_PREVIOUS_AT_MOVEMENT_GRANULARITY - null, AccessibilityAction: ACTION_ACCESSIBILITY_FOCUS - null, AccessibilityAction: ACTION_SET_SELECTION - null]; isTextSelectable: false]
[2026-06-15T06:42:27.705Z] [ALL] 06-15 12:12:27.169  4410  4442 I QueryController: Matched selector: UiSelector[CLASS=android.widget.EditText, INSTANCE=0] <<==>> [android.view.accessibility.AccessibilityNodeInfo@a899; boundsInParent: Rect(0, 0 - 0, 0); boundsInScreen: Rect(102, 1104 - 978, 1281); packageName: com.safebank.ai; className: android.widget.EditText; text: testotp@safebank.aiinvalidemail; error: null; maxTextLength: -1; stateDescription: null; contentDescription: null; tooltipText: null; viewIdResName: null; uniqueId: null; checkable: false; checked: false; focusable: false; focused: false; selected: false; clickable: true; longClickable: true; contextClickable: false; enabled: false; password: false; scrollable: false; importantForAccessibility: true; visible: true; actions: [AccessibilityAction: ACTION_NEXT_AT_MOVEMENT_GRANULARITY - null, AccessibilityAction: ACTION_PREVIOUS_AT_MOVEMENT_GRANULARITY - null, AccessibilityAction: ACTION_ACCESSIBILITY_FOCUS - null, AccessibilityAction: ACTION_SET_SELECTION - null]; isTextSelectable: false]
[2026-06-15T06:42:27.714Z] [ALL] 06-15 12:12:27.178  4410  4442 I QueryController: Matched selector: UiSelector[CLASS=android.widget.EditText, INSTANCE=0] <<==>> [android.view.accessibility.AccessibilityNodeInfo@a899; boundsInParent: Rect(0, 0 - 0, 0); boundsInScreen: Rect(102, 1104 - 978, 1281); packageName: com.safebank.ai; className: android.widget.EditText; text: testotp@safebank.aiinvalidemail; error: null; maxTextLength: -1; stateDescription: null; contentDescription: null; tooltipText: null; viewIdResName: null; uniqueId: null; checkable: false; checked: false; focusable: false; focused: false; selected: false; clickable: true; longClickable: true; contextClickable: false; enabled: false; password: false; scrollable: false; importantForAccessibility: true; visible: true; actions: [AccessibilityAction: ACTION_NEXT_AT_MOVEMENT_GRANULARITY - null, AccessibilityAction: ACTION_PREVIOUS_AT_MOVEMENT_GRANULARITY - null, AccessibilityAction: ACTION_ACCESSIBILITY_FOCUS - null, AccessibilityAction: ACTION_SET_SELECTION - null]; isTextSelectable: false]
[2026-06-15T06:42:27.722Z] [ALL] 06-15 12:12:27.184  4410  4442 I QueryController: Matched selector: UiSelector[CLASS=android.widget.EditText, INSTANCE=0] <<==>> [android.view.accessibility.AccessibilityNodeInfo@a899; boundsInParent: Rect(0, 0 - 0, 0); boundsInScreen: Rect(102, 1104 - 978, 1281); packageName: com.safebank.ai; className: android.widget.EditText; text: testotp@safebank.aiinvalidemail; error: null; maxTextLength: -1; stateDescription: null; contentDescription: null; tooltipText: null; viewIdResName: null; uniqueId: null; checkable: false; checked: false; focusable: false; focused: false; selected: false; clickable: true; longClickable: true; contextClickable: false; enabled: false; password: false; scrollable: false; importantForAccessibility: true; visible: true; actions: [AccessibilityAction: ACTION_NEXT_AT_MOVEMENT_GRANULARITY - null, AccessibilityAction: ACTION_PREVIOUS_AT_MOVEMENT_GRANULARITY - null, AccessibilityAction: ACTION_ACCESSIBILITY_FOCUS - null, AccessibilityAction: ACTION_SET_SELECTION - null]; isTextSelectable: false]
[2026-06-15T06:42:27.722Z] [ALL] 06-15 12:12:27.185  4410  4442 D UiObject: Setting text to ''.
[2026-06-15T06:42:27.722Z] [ALL] 06-15 12:12:27.185  1854  4951 D PowerManagerService: userActivityNoUpdateLocked: groupId=0, eventTime=10686227, event=3, flags=0x0, uid=1000
[2026-06-15T06:42:27.733Z] [ALL] 06-15 12:12:27.197  4410  4442 I QueryController: Matched selector: UiSelector[CLASS=android.widget.EditText, INSTANCE=0] <<==>> [android.view.accessibility.AccessibilityNodeInfo@a899; boundsInParent: Rect(0, 0 - 0, 0); boundsInScreen: Rect(102, 1104 - 978, 1281); packageName: com.safebank.ai; className: android.widget.EditText; text: testotp@safebank.aiinvalidemail; error: null; maxTextLength: -1; stateDescription: null; contentDescription: null; tooltipText: null; viewIdResName: null; uniqueId: null; checkable: false; checked: false; focusable: false; focused: false; selected: false; clickable: true; longClickable: true; contextClickable: false; enabled: false; password: false; scrollable: false; importantForAccessibility: true; visible: true; actions: [AccessibilityAction: ACTION_NEXT_AT_MOVEMENT_GRANULARITY - null, AccessibilityAction: ACTION_PREVIOUS_AT_MOVEMENT_GRANULARITY - null, AccessibilityAction: ACTION_ACCESSIBILITY_FOCUS - null, AccessibilityAction: ACTION_SET_SELECTION - null]; isTextSelectable: false]
[2026-06-15T06:42:27.743Z] [ALL] 06-15 12:12:27.207  4410  4442 I QueryController: Matched selector: UiSelector[CLASS=android.widget.EditText, INSTANCE=0] <<==>> [android.view.accessibility.AccessibilityNodeInfo@a899; boundsInParent: Rect(0, 0 - 0, 0); boundsInScreen: Rect(102, 1104 - 978, 1281); packageName: com.safebank.ai; className: android.widget.EditText; text: testotp@safebank.aiinvalidemail; error: null; maxTextLength: -1; stateDescription: null; contentDescription: null; tooltipText: null; viewIdResName: null; uniqueId: null; checkable: false; checked: false; focusable: false; focused: false; selected: false; clickable: true; longClickable: true; contextClickable: false; enabled: false; password: false; scrollable: false; importantForAccessibility: true; visible: true; actions: [AccessibilityAction: ACTION_NEXT_AT_MOVEMENT_GRANULARITY - null, AccessibilityAction: ACTION_PREVIOUS_AT_MOVEMENT_GRANULARITY - null, AccessibilityAction: ACTION_ACCESSIBILITY_FOCUS - null, AccessibilityAction: ACTION_SET_SELECTION - null]; isTextSelectable: false]
[2026-06-15T06:42:27.744Z] [ALL] 06-15 12:12:27.208  1854  4951 D PowerManagerService: userActivityNoUpdateLocked: groupId=0, eventTime=10686250, event=3, flags=0x0, uid=1000
[2026-06-15T06:42:27.752Z] [ALL] 06-15 12:12:27.216  4410  4442 I appium  : AppiumResponse: {"sessionId":"f52e8ec1-73bf-4361-bb99-ba7f0d7a5903","value":{"error":"invalid element state","message":"Cannot set the element to 'testotp@safebank.ai'. Did you interact with the correct element?","stacktrace":"io.appium.uiautomator2.common.exceptions.InvalidElementStateException: Cannot set the element to 'testotp@safebank.ai'. Did you interact with the correct element?\n\tat io.appium.uiautomator2.handler.SendKeysToElement.setText(SendKeysToElement.java:87)\n\tat io.appium.uiautomator2.handler.SendKeysToElement.safeHandle(SendKeysToElement.java:115)\n\tat io.appium.uiautomator2.handler.request.SafeRequestHandler.handle(SafeRequestHandler.java:59)\n\tat io.appium.uiautomator2.server.AppiumServlet.handleRequest(AppiumServlet.java:267)\n\tat io.appium.uiautomator2.server.AppiumServlet.handleHttpRequest(AppiumServlet.java:261)\n\tat io.appium.uiautomator2.http.ServerHandler.channelRead(ServerHandler.java:77)\n\tat io.netty.channel.AbstractChannelHandlerContext.fireChannelRead(AbstractChannelHandlerContext.java:357)\n\tat io.netty.handler.codec.MessageToMessageDecoder.channelRead(MessageToMessageDecoder.java:107)\n\tat io.netty.channel.AbstractChannelHandlerContext.fireChannelRead(AbstractChannelHandlerContext.java:357)\n\tat io.netty.channel.CombinedChannelDuplexHandler$DelegatingChannelHandlerContext.fireChannelRead(CombinedChannelDuplexHandler.java:434)\n\tat io.netty.handler.codec.ByteToMessageDecoder.fireChannelRead(ByteToMessageDecoder.java:361)\n\tat io.netty.handler.codec.ByteToMessageDecoder.channelRead(ByteToMessageDecoder.java:325)\n\tat io.netty.channel.CombinedChannelDuplexHandler.channelRead(CombinedChannelDuplexHandler.java:249)\n\tat io.netty.channel.AbstractChannelHandlerContext.fireChannelRead(AbstractChannelHandlerContext.java:355)\n\tat io.netty.handler.timeout.IdleStateHandler.channelRead(IdleStateHandler.java:288)\n\tat io.netty.channel.AbstractChannelHandlerContext.fireChannelRead(AbstractChannelHandlerContext.java:355)\n\tat io.netty.channel.DefaultChannelPipeline$HeadContext.channelRead(DefaultChannelPipeline.java:1429)\n\tat io.netty.channel.DefaultChannelPipeline.fireChannelRead(DefaultChannelPipeline.java:918)\n\tat io.netty.channel.nio.AbstractNioByteChannel$NioByteUnsafe.read(AbstractNioByteChannel.java:176)\n\tat io.netty.channel.nio.AbstractNioChannel$AbstractNioUnsafe.handle(AbstractNioChannel.java:445)\n\tat io.netty.channel.nio.NioIoHandler$DefaultNioRegistration.handle(NioIoHandler.java:388)\n\tat io.netty.channel.nio.NioIoHandler.processSelectedKey(NioIoHandler.java:596)\n\tat io.netty.channel.nio.NioIoHandler.processSelectedKeysOptimized(NioIoHandler.java:571)\n\tat io.netty.channel.nio.NioIoHandler.processSelectedKeys(NioIoHandler.java:512)\n\tat io.netty.channel.nio.NioIoHandler.run(NioIoHandler.java:484)\n\tat io.netty.channel.SingleThreadIoEventLoop.runIo(SingleThreadIoEventLoop.java:225)\n\tat io.netty.channel.SingleThreadIoEventLoop.run(SingleThreadIoEventLoop.java:196)\n\tat io.netty.util.concurrent.SingleThreadEventExecutor$5.run(SingleThreadEventExecutor.java:1195)\n\tat io.netty.util.internal.ThreadExecutorMap$2.run(ThreadExecutorMap.java:74)\n\tat io.netty.util.concurrent.FastThreadLocalRunnable.run(FastThreadLocalRunnable.java:30)\n\tat java.lang.Thread.run(Thread.java:1572)\n"}}
[2026-06-15T06:42:27.808Z] [ALL] 06-15 12:12:27.270  4410  4442 I appium  : channel read: POST /session/f52e8ec1-73bf-4361-bb99-ba7f0d7a5903/element/00000000-0000-0085-0000-012f00000004/value
[2026-06-15T06:42:27.809Z] [ALL] 06-15 12:12:27.272  4410  4442 I appium  : SendKeysToElement command
[2026-06-15T06:42:27.814Z] [ALL] 06-15 12:12:27.278  4410  4442 I QueryController: Matched selector: UiSelector[CLASS=android.widget.EditText, INSTANCE=0] <<==>> [android.view.accessibility.AccessibilityNodeInfo@a899; boundsInParent: Rect(0, 0 - 0, 0); boundsInScreen: Rect(102, 1104 - 978, 1281); packageName: com.safebank.ai; className: android.widget.EditText; text: testotp@safebank.aiinvalidemail; error: null; maxTextLength: -1; stateDescription: null; contentDescription: null; tooltipText: null; viewIdResName: null; uniqueId: null; checkable: false; checked: false; focusable: false; focused: false; selected: false; clickable: true; longClickable: true; contextClickable: false; enabled: false; password: false; scrollable: false; importantForAccessibility: true; visible: true; actions: [AccessibilityAction: ACTION_NEXT_AT_MOVEMENT_GRANULARITY - null, AccessibilityAction: ACTION_PREVIOUS_AT_MOVEMENT_GRANULARITY - null, AccessibilityAction: ACTION_ACCESSIBILITY_FOCUS - null, AccessibilityAction: ACTION_SET_SELECTION - null]; isTextSelectable: false]
[2026-06-15T06:42:27.828Z] [ALL] 06-15 12:12:27.292  4410  4442 I QueryController: Matched selector: UiSelector[CLASS=android.widget.EditText, INSTANCE=0] <<==>> [android.view.accessibility.AccessibilityNodeInfo@a899; boundsInParent: Rect(0, 0 - 0, 0); boundsInScreen: Rect(102, 1104 - 978, 1281); packageName: com.safebank.ai; className: android.widget.EditText; text: testotp@safebank.aiinvalidemail; error: null; maxTextLength: -1; stateDescription: null; contentDescription: null; tooltipText: null; viewIdResName: null; uniqueId: null; checkable: false; checked: false; focusable: false; focused: false; selected: false; clickable: true; longClickable: true; contextClickable: false; enabled: false; password: false; scrollable: false; importantForAccessibility: true; visible: true; actions: [AccessibilityAction: ACTION_NEXT_AT_MOVEMENT_GRANULARITY - null, AccessibilityAction: ACTION_PREVIOUS_AT_MOVEMENT_GRANULARITY - null, AccessibilityAction: ACTION_ACCESSIBILITY_FOCUS - null, AccessibilityAction: ACTION_SET_SELECTION - null]; isTextSelectable: false]
[2026-06-15T06:42:27.834Z] [ALL] 06-15 12:12:27.298  4410  4442 I QueryController: Matched selector: UiSelector[CLASS=android.widget.EditText, INSTANCE=0] <<==>> [android.view.accessibility.AccessibilityNodeInfo@a899; boundsInParent: Rect(0, 0 - 0, 0); boundsInScreen: Rect(102, 1104 - 978, 1281); packageName: com.safebank.ai; className: android.widget.EditText; text: testotp@safebank.aiinvalidemail; error: null; maxTextLength: -1; stateDescription: null; contentDescription: null; tooltipText: null; viewIdResName: null; uniqueId: null; checkable: false; checked: false; focusable: false; focused: false; selected: false; clickable: true; longClickable: true; contextClickable: false; enabled: false; password: false; scrollable: false; importantForAccessibility: true; visible: true; actions: [AccessibilityAction: ACTION_NEXT_AT_MOVEMENT_GRANULARITY - null, AccessibilityAction: ACTION_PREVIOUS_AT_MOVEMENT_GRANULARITY - null, AccessibilityAction: ACTION_ACCESSIBILITY_FOCUS - null, AccessibilityAction: ACTION_SET_SELECTION - null]; isTextSelectable: false]
[2026-06-15T06:42:27.845Z] [ALL] 06-15 12:12:27.309  4410  4442 I QueryController: Matched selector: UiSelector[CLASS=android.widget.EditText, INSTANCE=0] <<==>> [android.view.accessibility.AccessibilityNodeInfo@a899; boundsInParent: Rect(0, 0 - 0, 0); boundsInScreen: Rect(102, 1104 - 978, 1281); packageName: com.safebank.ai; className: android.widget.EditText; text: testotp@safebank.aiinvalidemail; error: null; maxTextLength: -1; stateDescription: null; contentDescription: null; tooltipText: null; viewIdResName: null; uniqueId: null; checkable: false; checked: false; focusable: false; focused: false; selected: false; clickable: true; longClickable: true; contextClickable: false; enabled: false; password: false; scrollable: false; importantForAccessibility: true; visible: true; actions: [AccessibilityAction: ACTION_NEXT_AT_MOVEMENT_GRANULARITY - null, AccessibilityAction: ACTION_PREVIOUS_AT_MOVEMENT_GRANULARITY - null, AccessibilityAction: ACTION_ACCESSIBILITY_FOCUS - null, AccessibilityAction: ACTION_SET_SELECTION - null]; isTextSelectable: false]
[2026-06-15T06:42:27.845Z] [ALL] 06-15 12:12:27.309  4410  4442 D UiObject: Setting text to ''.
[2026-06-15T06:42:27.846Z] [ALL] 06-15 12:12:27.310  1854  4951 D PowerManagerService: userActivityNoUpdateLocked: groupId=0, eventTime=10686351, event=3, flags=0x0, uid=1000
[2026-06-15T06:42:27.879Z] [ALL] 06-15 12:12:27.343  4410  4442 I QueryController: Matched selector: UiSelector[CLASS=android.widget.EditText, INSTANCE=0] <<==>> [android.view.accessibility.AccessibilityNodeInfo@a899; boundsInParent: Rect(0, 0 - 0, 0); boundsInScreen: Rect(102, 1104 - 978, 1281); packageName: com.safebank.ai; className: android.widget.EditText; text: testotp@safebank.aiinvalidemail; error: null; maxTextLength: -1; stateDescription: null; contentDescription: null; tooltipText: null; viewIdResName: null; uniqueId: null; checkable: false; checked: false; focusable: false; focused: false; selected: false; clickable: true; longClickable: true; contextClickable: false; enabled: false; password: false; scrollable: false; importantForAccessibility: true; visible: true; actions: [AccessibilityAction: ACTION_NEXT_AT_MOVEMENT_GRANULARITY - null, AccessibilityAction: ACTION_PREVIOUS_AT_MOVEMENT_GRANULARITY - null, AccessibilityAction: ACTION_ACCESSIBILITY_FOCUS - null, AccessibilityAction: ACTION_SET_SELECTION - null]; isTextSelectable: false]
[2026-06-15T06:42:27.891Z] [ALL] 06-15 12:12:27.355  4410  4442 I QueryController: Matched selector: UiSelector[CLASS=android.widget.EditText, INSTANCE=0] <<==>> [android.view.accessibility.AccessibilityNodeInfo@a899; boundsInParent: Rect(0, 0 - 0, 0); boundsInScreen: Rect(102, 1104 - 978, 1281); packageName: com.safebank.ai; className: android.widget.EditText; text: testotp@safebank.aiinvalidemail; error: null; maxTextLength: -1; stateDescription: null; contentDescription: null; tooltipText: null; viewIdResName: null; uniqueId: null; checkable: false; checked: false; focusable: false; focused: false; selected: false; clickable: true; longClickable: true; contextClickable: false; enabled: false; password: false; scrollable: false; importantForAccessibility: true; visible: true; actions: [AccessibilityAction: ACTION_NEXT_AT_MOVEMENT_GRANULARITY - null, AccessibilityAction: ACTION_PREVIOUS_AT_MOVEMENT_GRANULARITY - null, AccessibilityAction: ACTION_ACCESSIBILITY_FOCUS - null, AccessibilityAction: ACTION_SET_SELECTION - null]; isTextSelectable: false]
[2026-06-15T06:42:27.893Z] [ALL] 06-15 12:12:27.356  1854  4951 D PowerManagerService: userActivityNoUpdateLocked: groupId=0, eventTime=10686398, event=3, flags=0x0, uid=1000
[2026-06-15T06:42:27.907Z] [ALL] 06-15 12:12:27.372  4410  4442 I appium  : AppiumResponse: {"sessionId":"f52e8ec1-73bf-4361-bb99-ba7f0d7a5903","value":{"error":"invalid element state","message":"Cannot set the element to 'testotp@safebank.ai'. Did you interact with the correct element?","stacktrace":"io.appium.uiautomator2.common.exceptions.InvalidElementStateException: Cannot set the element to 'testotp@safebank.ai'. Did you interact with the correct element?\n\tat io.appium.uiautomator2.handler.SendKeysToElement.setText(SendKeysToElement.java:87)\n\tat io.appium.uiautomator2.handler.SendKeysToElement.safeHandle(SendKeysToElement.java:115)\n\tat io.appium.uiautomator2.handler.request.SafeRequestHandler.handle(SafeRequestHandler.java:59)\n\tat io.appium.uiautomator2.server.AppiumServlet.handleRequest(AppiumServlet.java:267)\n\tat io.appium.uiautomator2.server.AppiumServlet.handleHttpRequest(AppiumServlet.java:261)\n\tat io.appium.uiautomator2.http.ServerHandler.channelRead(ServerHandler.java:77)\n\tat io.netty.channel.AbstractChannelHandlerContext.fireChannelRead(AbstractChannelHandlerContext.java:357)\n\tat io.netty.handler.codec.MessageToMessageDecoder.channelRead(MessageToMessageDecoder.java:107)\n\tat io.netty.channel.AbstractChannelHandlerContext.fireChannelRead(AbstractChannelHandlerContext.java:357)\n\tat io.netty.channel.CombinedChannelDuplexHandler$DelegatingChannelHandlerContext.fireChannelRead(CombinedChannelDuplexHandler.java:434)\n\tat io.netty.handler.codec.ByteToMessageDecoder.fireChannelRead(ByteToMessageDecoder.java:361)\n\tat io.netty.handler.codec.ByteToMessageDecoder.channelRead(ByteToMessageDecoder.java:325)\n\tat io.netty.channel.CombinedChannelDuplexHandler.channelRead(CombinedChannelDuplexHandler.java:249)\n\tat io.netty.channel.AbstractChannelHandlerContext.fireChannelRead(AbstractChannelHandlerContext.java:355)\n\tat io.netty.handler.timeout.IdleStateHandler.channelRead(IdleStateHandler.java:288)\n\tat io.netty.channel.AbstractChannelHandlerContext.fireChannelRead(AbstractChannelHandlerContext.java:355)\n\tat io.netty.channel.DefaultChannelPipeline$HeadContext.channelRead(DefaultChannelPipeline.java:1429)\n\tat io.netty.channel.DefaultChannelPipeline.fireChannelRead(DefaultChannelPipeline.java:918)\n\tat io.netty.channel.nio.AbstractNioByteChannel$NioByteUnsafe.read(AbstractNioByteChannel.java:176)\n\tat io.netty.channel.nio.AbstractNioChannel$AbstractNioUnsafe.handle(AbstractNioChannel.java:445)\n\tat io.netty.channel.nio.NioIoHandler$DefaultNioRegistration.handle(NioIoHandler.java:388)\n\tat io.netty.channel.nio.NioIoHandler.processSelectedKey(NioIoHandler.java:596)\n\tat io.netty.channel.nio.NioIoHandler.processSelectedKeysOptimized(NioIoHandler.java:571)\n\tat io.netty.channel.nio.NioIoHandler.processSelectedKeys(NioIoHandler.java:512)\n\tat io.netty.channel.nio.NioIoHandler.run(NioIoHandler.java:484)\n\tat io.netty.channel.SingleThreadIoEventLoop.runIo(SingleThreadIoEventLoop.java:225)\n\tat io.netty.channel.SingleThreadIoEventLoop.run(SingleThreadIoEventLoop.java:196)\n\tat io.netty.util.concurrent.SingleThreadEventExecutor$5.run(SingleThreadEventExecutor.java:1195)\n\tat io.netty.util.internal.ThreadExecutorMap$2.run(ThreadExecutorMap.java:74)\n\tat io.netty.util.concurrent.FastThreadLocalRunnable.run(FastThreadLocalRunnable.java:30)\n\tat java.lang.Thread.run(Thread.java:1572)\n"}}
[2026-06-15T06:42:27.970Z] [ALL] 06-15 12:12:27.429  4410  4442 I appium  : channel read: POST /session/f52e8ec1-73bf-4361-bb99-ba7f0d7a5903/element/00000000-0000-0085-0000-012f00000004/value
[2026-06-15T06:42:27.970Z] [ALL] 06-15 12:12:27.433  4410  4442 I appium  : SendKeysToElement command
[2026-06-15T06:42:27.976Z] [ALL] 06-15 12:12:27.439  4410  4442 I QueryController: Matched selector: UiSelector[CLASS=android.widget.EditText, INSTANCE=0] <<==>> [android.view.accessibility.AccessibilityNodeInfo@a899; boundsInParent: Rect(0, 0 - 0, 0); boundsInScreen: Rect(102, 1104 - 978, 1281); packageName: com.safebank.ai; className: android.widget.EditText; text: testotp@safebank.aiinvalidemail; error: null; maxTextLength: -1; stateDescription: null; contentDescription: null; tooltipText: null; viewIdResName: null; uniqueId: null; checkable: false; checked: false; focusable: false; focused: false; selected: false; clickable: true; longClickable: true; contextClickable: false; enabled: false; password: false; scrollable: false; importantForAccessibility: true; visible: true; actions: [AccessibilityAction: ACTION_NEXT_AT_MOVEMENT_GRANULARITY - null, AccessibilityAction: ACTION_PREVIOUS_AT_MOVEMENT_GRANULARITY - null, AccessibilityAction: ACTION_ACCESSIBILITY_FOCUS - null, AccessibilityAction: ACTION_SET_SELECTION - null]; isTextSelectable: false]
[2026-06-15T06:42:27.992Z] [ALL] 06-15 12:12:27.452  4410  4442 I QueryController: Matched selector: UiSelector[CLASS=android.widget.EditText, INSTANCE=0] <<==>> [android.view.accessibility.AccessibilityNodeInfo@a899; boundsInParent: Rect(0, 0 - 0, 0); boundsInScreen: Rect(102, 1104 - 978, 1281); packageName: com.safebank.ai; className: android.widget.EditText; text: testotp@safebank.aiinvalidemail; error: null; maxTextLength: -1; stateDescription: null; contentDescription: null; tooltipText: null; viewIdResName: null; uniqueId: null; checkable: false; checked: false; focusable: false; focused: false; selected: false; clickable: true; longClickable: true; contextClickable: false; enabled: false; password: false; scrollable: false; importantForAccessibility: true; visible: true; actions: [AccessibilityAction: ACTION_NEXT_AT_MOVEMENT_GRANULARITY - null, AccessibilityAction: ACTION_PREVIOUS_AT_MOVEMENT_GRANULARITY - null, AccessibilityAction: ACTION_ACCESSIBILITY_FOCUS - null, AccessibilityAction: ACTION_SET_SELECTION - null]; isTextSelectable: false]
[2026-06-15T06:42:27.994Z] [ALL] 06-15 12:12:27.458  4410  4442 I QueryController: Matched selector: UiSelector[CLASS=android.widget.EditText, INSTANCE=0] <<==>> [android.view.accessibility.AccessibilityNodeInfo@a899; boundsInParent: Rect(0, 0 - 0, 0); boundsInScreen: Rect(102, 1104 - 978, 1281); packageName: com.safebank.ai; className: android.widget.EditText; text: testotp@safebank.aiinvalidemail; error: null; maxTextLength: -1; stateDescription: null; contentDescription: null; tooltipText: null; viewIdResName: null; uniqueId: null; checkable: false; checked: false; focusable: false; focused: false; selected: false; clickable: true; longClickable: true; contextClickable: false; enabled: false; password: false; scrollable: false; importantForAccessibility: true; visible: true; actions: [AccessibilityAction: ACTION_NEXT_AT_MOVEMENT_GRANULARITY - null, AccessibilityAction: ACTION_PREVIOUS_AT_MOVEMENT_GRANULARITY - null, AccessibilityAction: ACTION_ACCESSIBILITY_FOCUS - null, AccessibilityAction: ACTION_SET_SELECTION - null]; isTextSelectable: false]
[2026-06-15T06:42:28.002Z] [ALL] 06-15 12:12:27.467  4410  4442 I QueryController: Matched selector: UiSelector[CLASS=android.widget.EditText, INSTANCE=0] <<==>> [android.view.accessibility.AccessibilityNodeInfo@a899; boundsInParent: Rect(0, 0 - 0, 0); boundsInScreen: Rect(102, 1104 - 978, 1281); packageName: com.safebank.ai; className: android.widget.EditText; text: testotp@safebank.aiinvalidemail; error: null; maxTextLength: -1; stateDescription: null; contentDescription: null; tooltipText: null; viewIdResName: null; uniqueId: null; checkable: false; checked: false; focusable: false; focused: false; selected: false; clickable: true; longClickable: true; contextClickable: false; enabled: false; password: false; scrollable: false; importantForAccessibility: true; visible: true; actions: [AccessibilityAction: ACTION_NEXT_AT_MOVEMENT_GRANULARITY - null, AccessibilityAction: ACTION_PREVIOUS_AT_MOVEMENT_GRANULARITY - null, AccessibilityAction: ACTION_ACCESSIBILITY_FOCUS - null, AccessibilityAction: ACTION_SET_SELECTION - null]; isTextSelectable: false]
[2026-06-15T06:42:28.005Z] [ALL] 06-15 12:12:27.467  4410  4442 D UiObject: Setting text to ''.
[2026-06-15T06:42:28.006Z] [ALL] 06-15 12:12:27.468  1854  4951 D PowerManagerService: userActivityNoUpdateLocked: groupId=0, eventTime=10686510, event=3, flags=0x0, uid=1000
[2026-06-15T06:42:28.013Z] [ALL] 06-15 12:12:27.477  4410  4442 I QueryController: Matched selector: UiSelector[CLASS=android.widget.EditText, INSTANCE=0] <<==>> [android.view.accessibility.AccessibilityNodeInfo@a899; boundsInParent: Rect(0, 0 - 0, 0); boundsInScreen: Rect(102, 1104 - 978, 1281); packageName: com.safebank.ai; className: android.widget.EditText; text: testotp@safebank.aiinvalidemail; error: null; maxTextLength: -1; stateDescription: null; contentDescription: null; tooltipText: null; viewIdResName: null; uniqueId: null; checkable: false; checked: false; focusable: false; focused: false; selected: false; clickable: true; longClickable: true; contextClickable: false; enabled: false; password: false; scrollable: false; importantForAccessibility: true; visible: true; actions: [AccessibilityAction: ACTION_NEXT_AT_MOVEMENT_GRANULARITY - null, AccessibilityAction: ACTION_PREVIOUS_AT_MOVEMENT_GRANULARITY - null, AccessibilityAction: ACTION_ACCESSIBILITY_FOCUS - null, AccessibilityAction: ACTION_SET_SELECTION - null]; isTextSelectable: false]
[2026-06-15T06:42:28.022Z] [ALL] 06-15 12:12:27.487  4410  4442 I QueryController: Matched selector: UiSelector[CLASS=android.widget.EditText, INSTANCE=0] <<==>> [android.view.accessibility.AccessibilityNodeInfo@a899; boundsInParent: Rect(0, 0 - 0, 0); boundsInScreen: Rect(102, 1104 - 978, 1281); packageName: com.safebank.ai; className: android.widget.EditText; text: testotp@safebank.aiinvalidemail; error: null; maxTextLength: -1; stateDescription: null; contentDescription: null; tooltipText: null; viewIdResName: null; uniqueId: null; checkable: false; checked: false; focusable: false; focused: false; selected: false; clickable: true; longClickable: true; contextClickable: false; enabled: false; password: false; scrollable: false; importantForAccessibility: true; visible: true; actions: [AccessibilityAction: ACTION_NEXT_AT_MOVEMENT_GRANULARITY - null, AccessibilityAction: ACTION_PREVIOUS_AT_MOVEMENT_GRANULARITY - null, AccessibilityAction: ACTION_ACCESSIBILITY_FOCUS - null, AccessibilityAction: ACTION_SET_SELECTION - null]; isTextSelectable: false]
[2026-06-15T06:42:28.024Z] [ALL] 06-15 12:12:27.487  1854  4951 D PowerManagerService: userActivityNoUpdateLocked: groupId=0, eventTime=10686529, event=3, flags=0x0, uid=1000
[2026-06-15T06:42:28.031Z] [ALL] 06-15 12:12:27.495  4410  4442 I appium  : AppiumResponse: {"sessionId":"f52e8ec1-73bf-4361-bb99-ba7f0d7a5903","value":{"error":"invalid element state","message":"Cannot set the element to 'testotp@safebank.ai'. Did you interact with the correct element?","stacktrace":"io.appium.uiautomator2.common.exceptions.InvalidElementStateException: Cannot set the element to 'testotp@safebank.ai'. Did you interact with the correct element?\n\tat io.appium.uiautomator2.handler.SendKeysToElement.setText(SendKeysToElement.java:87)\n\tat io.appium.uiautomator2.handler.SendKeysToElement.safeHandle(SendKeysToElement.java:115)\n\tat io.appium.uiautomator2.handler.request.SafeRequestHandler.handle(SafeRequestHandler.java:59)\n\tat io.appium.uiautomator2.server.AppiumServlet.handleRequest(AppiumServlet.java:267)\n\tat io.appium.uiautomator2.server.AppiumServlet.handleHttpRequest(AppiumServlet.java:261)\n\tat io.appium.uiautomator2.http.ServerHandler.channelRead(ServerHandler.java:77)\n\tat io.netty.channel.AbstractChannelHandlerContext.fireChannelRead(AbstractChannelHandlerContext.java:357)\n\tat io.netty.handler.codec.MessageToMessageDecoder.channelRead(MessageToMessageDecoder.java:107)\n\tat io.netty.channel.AbstractChannelHandlerContext.fireChannelRead(AbstractChannelHandlerContext.java:357)\n\tat io.netty.channel.CombinedChannelDuplexHandler$DelegatingChannelHandlerContext.fireChannelRead(CombinedChannelDuplexHandler.java:434)\n\tat io.netty.handler.codec.ByteToMessageDecoder.fireChannelRead(ByteToMessageDecoder.java:361)\n\tat io.netty.handler.codec.ByteToMessageDecoder.channelRead(ByteToMessageDecoder.java:325)\n\tat io.netty.channel.CombinedChannelDuplexHandler.channelRead(CombinedChannelDuplexHandler.java:249)\n\tat io.netty.channel.AbstractChannelHandlerContext.fireChannelRead(AbstractChannelHandlerContext.java:355)\n\tat io.netty.handler.timeout.IdleStateHandler.channelRead(IdleStateHandler.java:288)\n\tat io.netty.channel.AbstractChannelHandlerContext.fireChannelRead(AbstractChannelHandlerContext.java:355)\n\tat io.netty.channel.DefaultChannelPipeline$HeadContext.channelRead(DefaultChannelPipeline.java:1429)\n\tat io.netty.channel.DefaultChannelPipeline.fireChannelRead(DefaultChannelPipeline.java:918)\n\tat io.netty.channel.nio.AbstractNioByteChannel$NioByteUnsafe.read(AbstractNioByteChannel.java:176)\n\tat io.netty.channel.nio.AbstractNioChannel$AbstractNioUnsafe.handle(AbstractNioChannel.java:445)\n\tat io.netty.channel.nio.NioIoHandler$DefaultNioRegistration.handle(NioIoHandler.java:388)\n\tat io.netty.channel.nio.NioIoHandler.processSelectedKey(NioIoHandler.java:596)\n\tat io.netty.channel.nio.NioIoHandler.processSelectedKeysOptimized(NioIoHandler.java:571)\n\tat io.netty.channel.nio.NioIoHandler.processSelectedKeys(NioIoHandler.java:512)\n\tat io.netty.channel.nio.NioIoHandler.run(NioIoHandler.java:484)\n\tat io.netty.channel.SingleThreadIoEventLoop.runIo(SingleThreadIoEventLoop.java:225)\n\tat io.netty.channel.SingleThreadIoEventLoop.run(SingleThreadIoEventLoop.java:196)\n\tat io.netty.util.concurrent.SingleThreadEventExecutor$5.run(SingleThreadEventExecutor.java:1195)\n\tat io.netty.util.internal.ThreadExecutorMap$2.run(ThreadExecutorMap.java:74)\n\tat io.netty.util.concurrent.FastThreadLocalRunnable.run(FastThreadLocalRunnable.java:30)\n\tat java.lang.Thread.run(Thread.java:1572)\n"}}
[2026-06-15T06:42:28.057Z] [ALL] 06-15 12:12:27.523  4410  4442 I appium  : channel read: GET /session/f52e8ec1-73bf-4361-bb99-ba7f0d7a5903/screenshot
[2026-06-15T06:42:28.058Z] [ALL] 06-15 12:12:27.524  4410  4442 I appium  : CaptureScreenshot command
[2026-06-15T06:42:28.059Z] [ALL] 06-15 12:12:27.525  4410  4442 E tomator2.server: hiddenapi: Accessing hidden method Landroid/view/Display;->getAddress()Landroid/view/DisplayAddress; (runtime_flags=0, domain=platform, api=blocked) from Lio/appium/uiautomator2/utils/ReflectionUtils; (domain=app, TargetSdkVersion=34) using reflection: denied
[2026-06-15T06:42:28.061Z] [ALL] 06-15 12:12:27.527  4410  4442 E appium  : Unable to retrieve physicalDisplayId
[2026-06-15T06:42:28.061Z] [ALL] 06-15 12:12:27.527  4410  4442 E appium  : io.appium.uiautomator2.common.exceptions.UiAutomator2Exception: Cannot get method getAddress from class android.view.Display with parameter types []
[2026-06-15T06:42:28.061Z] [ALL] 06-15 12:12:27.527  4410  4442 E appium  : 	at io.appium.uiautomator2.utils.ReflectionUtils.getMethod(ReflectionUtils.java:97)
[2026-06-15T06:42:28.061Z] [ALL] 06-15 12:12:27.527  4410  4442 E appium  : 	at io.appium.uiautomator2.utils.DisplayIdHelper.tryGetUsingAddress(DisplayIdHelper.java:98)
[2026-06-15T06:42:28.061Z] [ALL] 06-15 12:12:27.527  4410  4442 E appium  : 	at io.appium.uiautomator2.utils.DisplayIdHelper.getPhysicalDisplayId(DisplayIdHelper.java:51)
[2026-06-15T06:42:28.061Z] [ALL] 06-15 12:12:27.527  4410  4442 E appium  : 	at io.appium.uiautomator2.utils.ScreenshotHelper.extractScreencapDisplayId(ScreenshotHelper.java:145)
[2026-06-15T06:42:28.061Z] [ALL] 06-15 12:12:27.527  4410  4442 E appium  : 	at io.appium.uiautomator2.utils.ScreenshotHelper.takeDeviceScreenshot(ScreenshotHelper.java:114)
[2026-06-15T06:42:28.061Z] [ALL] 06-15 12:12:27.527  4410  4442 E appium  : 	at io.appium.uiautomator2.utils.ScreenshotHelper.takeScreenshot(ScreenshotHelper.java:60)
[2026-06-15T06:42:28.061Z] [ALL] 06-15 12:12:27.527  4410  4442 E appium  : 	at io.appium.uiautomator2.utils.ScreenshotHelper.takeScreenshot(ScreenshotHelper.java:77)
[2026-06-15T06:42:28.061Z] [ALL] 06-15 12:12:27.527  4410  4442 E appium  : 	at io.appium.uiautomator2.handler.CaptureScreenshot.safeHandle(CaptureScreenshot.java:32)
[2026-06-15T06:42:28.061Z] [ALL] 06-15 12:12:27.527  4410  4442 E appium  : 	at io.appium.uiautomator2.handler.request.SafeRequestHandler.handle(SafeRequestHandler.java:59)
[2026-06-15T06:42:28.061Z] [ALL] 06-15 12:12:27.527  4410  4442 E appium  : 	at io.appium.uiautomator2.server.AppiumServlet.handleRequest(AppiumServlet.java:267)
[2026-06-15T06:42:28.061Z] [ALL] 06-15 12:12:27.527  4410  4442 E appium  : 	at io.appium.uiautomator2.server.AppiumServlet.handleHttpRequest(AppiumServlet.java:261)
[2026-06-15T06:42:28.061Z] [ALL] 06-15 12:12:27.527  4410  4442 E appium  : 	at io.appium.uiautomator2.http.ServerHandler.channelRead(ServerHandler.java:77)
[2026-06-15T06:42:28.061Z] [ALL] 06-15 12:12:27.527  4410  4442 E appium  : 	at io.netty.channel.AbstractChannelHandlerContext.fireChannelRead(AbstractChannelHandlerContext.java:357)
[2026-06-15T06:42:28.061Z] [ALL] 06-15 12:12:27.527  4410  4442 E appium  : 	at io.netty.handler.codec.MessageToMessageDecoder.channelRead(MessageToMessageDecoder.java:107)
[2026-06-15T06:42:28.061Z] [ALL] 06-15 12:12:27.527  4410  4442 E appium  : 	at io.netty.channel.AbstractChannelHandlerContext.fireChannelRead(AbstractChannelHandlerContext.java:357)
[2026-06-15T06:42:28.061Z] [ALL] 06-15 12:12:27.527  4410  4442 E appium  : 	at io.netty.channel.CombinedChannelDuplexHandler$DelegatingChannelHandlerContext.fireChannelRead(CombinedChannelDuplexHandler.java:434)
[2026-06-15T06:42:28.061Z] [ALL] 06-15 12:12:27.527  4410  4442 E appium  : 	at io.netty.handler.codec.ByteToMessageDecoder.fireChannelRead(ByteToMessageDecoder.java:361)
[2026-06-15T06:42:28.061Z] [ALL] 06-15 12:12:27.527  4410  4442 E appium  : 	at io.netty.handler.codec.ByteToMessageDecoder.channelRead(ByteToMessageDecoder.java:325)
[2026-06-15T06:42:28.061Z] [ALL] 06-15 12:12:27.527  4410  4442 E appium  : 	at io.netty.channel.CombinedChannelDuplexHandler.channelRead(CombinedChannelDuplexHandler.java:249)
[2026-06-15T06:42:28.061Z] [ALL] 06-15 12:12:27.527  4410  4442 E appium  : 	at io.netty.channel.AbstractChannelHandlerContext.fireChannelRead(AbstractChannelHandlerContext.java:355)
[2026-06-15T06:42:28.061Z] [ALL] 06-15 12:12:27.527  4410  4442 E appium  : 	at io.netty.handler.timeout.IdleStateHandler.channelRead(IdleStateHandler.java:288)
[2026-06-15T06:42:28.061Z] [ALL] 06-15 12:12:27.527  4410  4442 E appium  : 	at io.netty.channel.AbstractChannelHandlerContext.fireChannelRead(AbstractChannelHandlerContext.java:355)
[2026-06-15T06:42:28.061Z] [ALL] 06-15 12:12:27.527  4410  4442 E appium  : 	at io.netty.channel.DefaultChannelPipeline$HeadContext.channelRead(DefaultChannelPipeline.java:1429)
[2026-06-15T06:42:28.061Z] [ALL] 06-15 12:12:27.527  4410  4442 E appium  : 	at io.netty.channel.DefaultChannelPipeline.fireChannelRead(DefaultChannelPipeline.java:918)
[2026-06-15T06:42:28.061Z] [ALL] 06-15 12:12:27.527  4410  4442 E appium  : 	at io.netty.channel.nio.AbstractNioByteChannel$NioByteUnsafe.read(AbstractNioByteChannel.java:176)
[2026-06-15T06:42:28.061Z] [ALL] 06-15 12:12:27.527  4410  4442 E appium  : 	at io.netty.channel.nio.AbstractNioChannel$AbstractNioUnsafe.handle(AbstractNioChannel.java:445)
[2026-06-15T06:42:28.061Z] [ALL] 06-15 12:12:27.527  4410  4442 E appium  : 	at io.netty.channel.nio.NioIoHandler$DefaultNioRegistration.handle(NioIoHandler.java:388)
[2026-06-15T06:42:28.061Z] [ALL] 06-15 12:12:27.527  4410  4442 E appium  : 	at io.netty.channel.nio.NioIoHandler.processSelectedKey(NioIoHandler.java:596)
[2026-06-15T06:42:28.061Z] [ALL] 06-15 12:12:27.527  4410  4442 E appium  : 	at io.netty.channel.nio.NioIoHandler.processSelectedKeysOptimized(NioIoHandler.java:571)
[2026-06-15T06:42:28.061Z] [ALL] 06-15 12:12:27.527  4410  4442 E appium  : 	at io.netty.channel.nio.NioIoHandler.processSelectedKeys(NioIoHandler.java:512)
[2026-06-15T06:42:28.061Z] [ALL] 06-15 12:12:27.527  4410  4442 E appium  : 	at io.netty.channel.nio.NioIoHandler.run(NioIoHandler.java:484)
[2026-06-15T06:42:28.061Z] [ALL] 06-15 12:12:27.527  4410  4442 E appium  : 	at io.netty.channel.SingleThreadIoEventLoop.runIo(SingleThreadIoEventLoop.java:225)
[2026-06-15T06:42:28.061Z] [ALL] 06-15 12:12:27.527  4410  4442 E appium  : 	at io.netty.channel.SingleThreadIoEventLoop.run(SingleThreadIoEventLoop.java:196)
[2026-06-15T06:42:28.061Z] [ALL] 06-15 12:12:27.527  4410  4442 E appium  : 	at io.netty.util.concurrent.SingleThreadEventExecutor$5.run(SingleThreadEventExecutor.java:1195)
[2026-06-15T06:42:28.061Z] [ALL] 06-15 12:12:27.527  4410  4442 E appium  : 	at io.netty.util.internal.ThreadExecutorMap$2.run(ThreadExecutorMap.java:74)
[2026-06-15T06:42:28.061Z] [ALL] 06-15 12:12:27.527  4410  4442 E appium  : 	at io.netty.util.concurrent.FastThreadLocalRunnable.run(FastThreadLocalRunnable.java:30)
[2026-06-15T06:42:28.061Z] [ALL] 06-15 12:12:27.527  4410  4442 E appium  : 	at java.lang.Thread.run(Thread.java:1572)
[2026-06-15T06:42:28.061Z] [ALL] 06-15 12:12:27.527  4410  4442 E appium  : Caused by: java.lang.NoSuchMethodException: android.view.Display.getAddress []
[2026-06-15T06:42:28.061Z] [ALL] 06-15 12:12:27.527  4410  4442 E appium  : 	at java.lang.Class.getMethod(Class.java:2942)
[2026-06-15T06:42:28.061Z] [ALL] 06-15 12:12:27.527  4410  4442 E appium  : 	at java.lang.Class.getDeclaredMethod(Class.java:2921)
[2026-06-15T06:42:28.061Z] [ALL] 06-15 12:12:27.527  4410  4442 E appium  : 	at io.appium.uiautomator2.utils.ReflectionUtils.getMethod(ReflectionUtils.java:93)
[2026-06-15T06:42:28.061Z] [ALL] 06-15 12:12:27.527  4410  4442 E appium  : 	... 36 more
[2026-06-15T06:42:28.077Z] [ALL] 06-15 12:12:27.541  1191  1247 D OplusSurfaceFlinger: (dumpsys)pid=6030, uid=2000, calling dumpsys SF
[2026-06-15T06:42:28.175Z] [ALL] 06-15 12:12:27.639  6034  6034 D ExtensionsLoader: createInstance(64bit) : createExtendedFactory
[2026-06-15T06:42:28.176Z] [ALL] 06-15 12:12:27.639  6034  6034 D ExtensionsLoader: Opened libguiextimpl.so
[2026-06-15T06:42:28.186Z] [ALL] 06-15 12:12:27.651  6034  6034 D AVStageUtils: Opened liboplusavenhancements.so
[2026-06-15T06:42:28.188Z] [ALL] 06-15 12:12:27.651  6034  6034 D AVStageUtils: createInstance(64bit): createVendorAVUtils success!
[2026-06-15T06:42:28.188Z] [ALL] 06-15 12:12:27.651  6034  6034 D OplusUtils: OplusUtils [89]: 
[2026-06-15T06:42:28.189Z] [ALL] 06-15 12:12:27.652  6034  6034 D AVMediaServiceFactory: Opened liboplusavenhancements.so
[2026-06-15T06:42:28.189Z] [ALL] 06-15 12:12:27.652  6034  6034 D AVMediaServiceFactory: createInstance(64bit): createExtendedMediaServiceFactory success!
[2026-06-15T06:42:28.189Z] [ALL] 06-15 12:12:27.652  6034  6034 D AVNuFactory: Opened liboplusavenhancements.so
[2026-06-15T06:42:28.189Z] [ALL] 06-15 12:12:27.652  6034  6034 D AVNuFactory: createInstance(64bit): createExtendedNuFactory success!
[2026-06-15T06:42:28.189Z] [ALL] 06-15 12:12:27.652  6034  6034 D AVStageFactory: Opened liboplusavenhancements.so
[2026-06-15T06:42:28.191Z] [ALL] 06-15 12:12:27.652  6034  6034 D AVStageFactory: createInstance(64bit): createVendorAVFactory success!
[2026-06-15T06:42:28.191Z] [ALL] 06-15 12:12:27.652  6034  6034 D AVStageUtils: createInstance(64bit): createVendorAVUtils success!
[2026-06-15T06:42:28.191Z] [ALL] 06-15 12:12:27.652  6034  6034 D OplusUtils: OplusUtils [89]: 
[2026-06-15T06:42:28.191Z] [ALL] 06-15 12:12:27.652  6034  6034 D AVStageFactory: createInstance(64bit): createVendorAVFactory success!
[2026-06-15T06:42:28.191Z] [ALL] 06-15 12:12:27.652  6034  6034 D AVStageUtils: createInstance(64bit): createVendorAVUtils success!
[2026-06-15T06:42:28.191Z] [ALL] 06-15 12:12:27.652  6034  6034 D OplusUtils: OplusUtils [89]: 
[2026-06-15T06:42:28.192Z] [ALL] 06-15 12:12:27.652  6034  6034 D AVMediaServiceFactory: createInstance(64bit): createExtendedMediaServiceFactory success!
[2026-06-15T06:42:28.192Z] [ALL] 06-15 12:12:27.652  6034  6034 D AVNuFactory: createInstance(64bit): createExtendedNuFactory success!
[2026-06-15T06:42:28.192Z] [ALL] 06-15 12:12:27.652  6034  6034 D AVStageFactory: Opened liboplusavenhancements.so
[2026-06-15T06:42:28.192Z] [ALL] 06-15 12:12:27.652  6034  6034 D AVStageFactory: createInstance(64bit): createVendorAVFactory success!
[2026-06-15T06:42:28.192Z] [ALL] 06-15 12:12:27.652  6034  6034 D AVStageUtils: createInstance(64bit): createVendorAVUtils success!
[2026-06-15T06:42:28.192Z] [ALL] 06-15 12:12:27.652  6034  6034 D OplusUtils: OplusUtils [89]: 
[2026-06-15T06:42:28.192Z] [ALL] 06-15 12:12:27.654  6034  6034 E screencap: createInstance(64bit) : createExtendedFactory
[2026-06-15T06:42:28.192Z] [ALL] 06-15 12:12:27.655  6034  6034 E screencap: createInstance(64bit) : createExtendedFactory
[2026-06-15T06:42:28.192Z] [ALL] 06-15 12:12:27.655  6034  6034 E screencap: Opened libinputextensionsimpl.so
[2026-06-15T06:42:28.192Z] [ALL] 06-15 12:12:27.655  6034  6034 E screencap: Opened libinputextensionsimpl.so
[2026-06-15T06:42:28.192Z] [ALL] 06-15 12:12:27.655  6034  6034 E screencap: createInstance(64bit) : createExtendedFactory
[2026-06-15T06:42:28.192Z] [ALL] 06-15 12:12:27.655  6034  6034 E screencap: createInstance(64bit) : createExtendedFactory
[2026-06-15T06:42:28.192Z] [ALL] 06-15 12:12:27.655  6034  6034 E screencap: Opened libsensorextimpl.so
[2026-06-15T06:42:28.192Z] [ALL] 06-15 12:12:27.655  6034  6034 E screencap: Opened libsensorextimpl.so
[2026-06-15T06:42:28.192Z] [ALL] 06-15 12:12:27.657  6034  6034 W ProcessState: Extra binder thread started, but 0 threads requested. Do not use *startThreadPool when zero threads are requested.
[2026-06-15T06:42:28.219Z] [ALL] 06-15 12:12:27.684  1854  2927 I OplusHansManager : uid=10394, pkg=io.appium.uiautomator2.server can transition from M to F
[2026-06-15T06:42:28.219Z] [ALL] 06-15 12:12:27.684  1854  2927 I OplusHansManager : uid=10394, pkg=io.appium.uiautomator2.server F enter(), M stay=1
[2026-06-15T06:42:28.220Z] [ALL] 06-15 12:12:27.686  1854  2927 I OplusHansManager : freeze uid: 10394 io.appium.uiautomator2.server pids: [4410] scene: LcdOn
[2026-06-15T06:42:28.221Z] [ALL] 06-15 12:12:27.687  6422  9791 D IHansComunication: HansComunication::addUid-- 10394, persistent--0
[2026-06-15T06:42:28.221Z] [ALL] 06-15 12:12:27.687  6422  9791 D IHansComunication: HANS sendMessageToKernel: threadId = 505638010032, netLinkSetup = 1, type = PKG, targetUid = 10394, pkgCmd = ADD_ONE_UID
[2026-06-15T06:42:28.222Z] [ALL] 06-15 12:12:27.688   599   599 I servicemanager: Could not find android.hardware.graphics.allocator.IAllocator/default in the VINTF manifest.
[2026-06-15T06:42:28.223Z] [ALL] 06-15 12:12:27.688  6034  6034 E ion     : ioctl c0044901 failed with code -1: Invalid argument
[2026-06-15T06:42:28.525Z] [ALL] 06-15 12:12:27.981  2891  2906 D NetworkEvent: OplusNetworkEventCbProxy invoke.....onDnsEvent argslen:8
[2026-06-15T06:42:28.542Z] [ALL] 06-15 12:12:28.004  2850  2850 D OplusTelephonyController: onSignalStrengthChanged: SignalStrength=SignalStrength:{mCdma=CellSignalStrengthCdma: cdmaDbm=2147483647 cdmaEcio=2147483647 evdoDbm=2147483647 evdoEcio=2147483647 evdoSnr=2147483647 level=0,mGsm=CellSignalStrengthGsm: rssi=2147483647 ber=2147483647 mTa=2147483647 mLevel=0,mWcdma=CellSignalStrengthWcdma: ss=2147483647 ber=2147483647 rscp=2147483647 ecno=2147483647 level=0,mTdscdma=CellSignalStrengthTdscdma: rssi=2147483647 ber=2147483647 rscp=2147483647 level=0,mLte=CellSignalStrengthLte: rssi=-111 rsrp=-127 rsrq=-16 rssnr=-5 cqiTableIndex=2147483647 cqi=0 ta=0 level=1 parametersUseForLevel=0,mNr=CellSignalStrengthNr:{ csiRsrp = 2147483647 csiRsrq = 2147483647 csiCqiTableIndex = 2147483647 csiCqiReport = [] ssRsrp = 2147483647 ssRsrq = 2147483647 ssSinr = 2147483647 level = 0 parametersUseForLevel = 0 },primary=CellSignalStrengthLte}, phoneId=0, mMtkLevel=0, mMtkRsrpOnly=false, mMtkLteRsrpThreshold=null, mMtkLteRssnrThreshold=null
[2026-06-15T06:42:28.567Z] [ALL] 06-15 12:12:28.030  1191  1247 D SurfaceFlinger: kickIdle 1935, 1912, 34, 0
[2026-06-15T06:42:28.569Z] [ALL] 06-15 12:12:28.031  1062  1156 E hwcomposer: [DRMDEV] DRM_IOCTL_MTK_KICK_IDLE failed, drm_id_crtc: 64, error: -1  
[2026-06-15T06:42:28.712Z] [ALL] 06-15 12:12:28.172  3577  5951 I NearbyMediums: No BLE Fast/GATT advertisements found in the latest cycle.
[2026-06-15T06:42:28.714Z] [ALL] 06-15 12:12:28.172  3577  5951 I NearbyMediums: Current Tracked Scanning Clients are : {NearbyConnections.EnvironmentMonitor, NearbySharing}
[2026-06-15T06:42:29.071Z] [ALL] 06-15 12:12:28.534  2891  3171 D TelephonyInterface: getRealNrState start:0
[2026-06-15T06:42:29.072Z] [ALL] 06-15 12:12:28.535  2891  3171 D ReflectionHelper: android.telephony.OplusTelephonyManager@2236f2e callDeclaredMethodOrThrow : android.telephony.OplusTelephonyManager.getRealNrState
[2026-06-15T06:42:29.077Z] [ALL] 06-15 12:12:28.541  2891  3171 D TelephonyInterface: getRealNrState start:0
[2026-06-15T06:42:29.082Z] [ALL] 06-15 12:12:28.542  2891  3171 D ReflectionHelper: android.telephony.OplusTelephonyManager@2236f2e callDeclaredMethodOrThrow : android.telephony.OplusTelephonyManager.getRealNrState
[2026-06-15T06:42:29.083Z] [ALL] 06-15 12:12:28.544  2891  3171 D ReflectionHelper: android.telephony.OplusTelephonyManager@2236f2e callDeclaredMethodOrThrow : android.telephony.OplusTelephonyManager.getIfTestSim
[2026-06-15T06:42:29.101Z] [ALL] 06-15 12:12:28.564  2891  3171 D TelephonyInterface: getRealNrState start:0
[2026-06-15T06:42:29.103Z] [ALL] 06-15 12:12:28.564  2891  3171 D ReflectionHelper: android.telephony.OplusTelephonyManager@2236f2e callDeclaredMethodOrThrow : android.telephony.OplusTelephonyManager.getRealNrState
[2026-06-15T06:42:29.103Z] [ALL] 06-15 12:12:28.566  2891  3171 D ReflectionHelper: android.telephony.OplusTelephonyManager@2236f2e callDeclaredMethodOrThrow : android.telephony.OplusTelephonyManager.getIfTestSim
[2026-06-15T06:42:29.227Z] [ALL] 06-15 12:12:28.690  6422  9791 D IHansComunication: HANS sendMessageToKernel: threadId = 505638010032, netLinkSetup = 1, type = FROZEN_TRANS, targetUid = 10394, pkgCmd = PKG_CMD_MAX
[2026-06-15T06:42:29.566Z] [ALL] 06-15 12:12:29.029  1038  1706 E TetherController: property_get sys.radio.data.modem_share_flag return 0, 1!
[2026-06-15T06:42:30.010Z] [ALL] 06-15 12:12:29.474  2891  3640 D AtCmdParser: parserAtcmdUrc can not find parser for +EXLCE
[2026-06-15T06:42:30.208Z] [ALL] 06-15 12:12:29.671  1191  1247 D SurfaceFlinger: kickIdle 1640, 1624, 35, 0
[2026-06-15T06:42:30.211Z] [ALL] 06-15 12:12:29.671  1062  1156 E hwcomposer: [DRMDEV] DRM_IOCTL_MTK_KICK_IDLE failed, drm_id_crtc: 64, error: -1  
[2026-06-15T06:42:30.290Z] [ALL] 06-15 12:12:29.753  1458  1458 I thermal_repeater: [recvMdThermalInfo] ret=26, strLen=127,  3, 44, 9, 0, 32767, 10361
[2026-06-15T06:42:30.655Z] [ALL] 06-15 12:12:30.116  6422  6480 E IHansComunication: HANS printMessageBody: RCV message: type = 0,port = 86870,caller_pid = 1854,caller_uid = 1000,target_pid = 4410,target_uid = 10394,pkg_cmd = -1,rpc = android.accessibilityservice.IAccessibilityServiceClient/2
[2026-06-15T06:42:30.659Z] [ALL] 06-15 12:12:30.120  1854  2930 I OplusHansManager : unfreeze uid: 10394 io.appium.uiautomator2.server pids: [4410] reason: AsyncBinder scene: LcdOn
[2026-06-15T06:42:30.659Z] [ALL] 06-15 12:12:30.121  1854  2927 I OplusHansManager : uid=10394, pkg=io.appium.uiautomator2.server, transition from F to Middle, reason=AsyncBinder
[2026-06-15T06:42:30.659Z] [ALL] 06-15 12:12:30.122  1854  2927 I OplusHansManager : uid=10394, pkg=io.appium.uiautomator2.server F exit(), F stay=2, reason=AsyncBinder
[2026-06-15T06:42:30.684Z] [ALL] 06-15 12:12:30.148  1191  1247 D SurfaceFlinger: kickIdle 477, 445, 35, 0
[2026-06-15T06:42:30.684Z] [ALL] 06-15 12:12:30.148  1062  1156 E hwcomposer: [DRMDEV] DRM_IOCTL_MTK_KICK_IDLE failed, drm_id_crtc: 64, error: -1  
[2026-06-15T06:42:30.739Z] [ALL] 06-15 12:12:30.202  6034  6034 W RefBase : RefBase: Explicit destruction, weak count = 0 (in 0x74b6d8cf40). Use sp<> to manage this object.
[2026-06-15T06:42:30.741Z] [ALL] 06-15 12:12:30.206  6034  6034 D RefBase : #00 pc 00000000000efaa8  /apex/com.android.runtime/lib64/bionic/libc.so (__cxa_finalize+280)
[2026-06-15T06:42:30.743Z] [ALL] 06-15 12:12:30.206  6034  6034 D RefBase : #01 pc 00000000000e1948  /apex/com.android.runtime/lib64/bionic/libc.so (exit+24)
[2026-06-15T06:42:30.743Z] [ALL] 06-15 12:12:30.206  6034  6034 D RefBase : #02 pc 0000000000074dd4  /apex/com.android.runtime/lib64/bionic/libc.so (__libc_init+100)
[2026-06-15T06:42:30.763Z] [ALL] 06-15 12:12:30.227  1105  1117 E PerformanceService: storage_feature: open /sys/devices/platform/soc/112b0000.ufshci//virtualtlcbuff fail
[2026-06-15T06:42:30.786Z] [ALL] 06-15 12:12:30.247  4410  4442 I appium  : AppiumResponse: {"sessionId":"f52e8ec1-73bf-4361-bb99-ba7f0d7a5903","value":"iVBORw0KGgoAAAANSUhEUgAABDgAAAlgCAYAAABtGofVAAAAAXNSR0IArs4c6QAAAARzQklUCAgICHwIZIgAACAASURBVHic7N13nBPV3gbwZ5JsY9ldmvRepVcFQekIIlUEC5bXXhG9Kuq1IXYvXnu599pFBQXpTXqRKl3aAktZOiwLLFuTmXn/SCY7SSZ9UmZ5vp/PKjtJZk4y2WTmmXN+RygqlmUQERERERERERmYKdY…