[2026-06-15T06:42:37.215Z] [ALL] 06-15 12:12:36.677  1854  2927 I OplusHansManager : uid=10394, pkg=io.appium.uiautomator2.server can transition from M to F
[2026-06-15T06:42:37.219Z] [ALL] 06-15 12:12:36.677  1854  2927 I OplusHansManager : uid=10394, pkg=io.appium.uiautomator2.server F enter(), M stay=1
[2026-06-15T06:42:37.219Z] [ALL] 06-15 12:12:36.682  1854  2927 I OplusHansManager : freeze uid: 10394 io.appium.uiautomator2.server pids: [4410] scene: LcdOn
[2026-06-15T06:42:37.224Z] [ALL] 06-15 12:12:36.683  6422  9791 D IHansComunication: HansComunication::addUid-- 10394, persistent--0
[2026-06-15T06:42:37.224Z] [ALL] 06-15 12:12:36.684  6422  9791 D IHansComunication: HANS sendMessageToKernel: threadId = 505638010032, netLinkSetup = 1, type = PKG, targetUid = 10394, pkgCmd = ADD_ONE_UID
[2026-06-15T06:42:37.311Z] [ALL] 06-15 12:12:36.773  2850  2850 D OplusTelephonyController: onSignalStrengthChanged: SignalStrength=SignalStrength:{mCdma=CellSignalStrengthCdma: cdmaDbm=2147483647 cdmaEcio=2147483647 evdoDbm=2147483647 evdoEcio=2147483647 evdoSnr=2147483647 level=0,mGsm=CellSignalStrengthGsm: rssi=2147483647 ber=2147483647 mTa=2147483647 mLevel=0,mWcdma=CellSignalStrengthWcdma: ss=2147483647 ber=2147483647 rscp=2147483647 ecno=2147483647 level=0,mTdscdma=CellSignalStrengthTdscdma: rssi=2147483647 ber=2147483647 rscp=2147483647 level=0,mLte=CellSignalStrengthLte: rssi=2147483647 rsrp=-129 rsrq=2147483647 rssnr=2147483647 cqiTableIndex=2147483647 cqi=2147483647 ta=2147483647 level=0 parametersUseForLevel=0,mNr=CellSignalStrengthNr:{ csiRsrp = 2147483647 csiRsrq = 2147483647 csiCqiTableIndex = 2147483647 csiCqiReport = [] ssRsrp = 2147483647 ssRsrq = 2147483647 ssSinr = 2147483647 level = 0 parametersUseForLevel = 0 },primary=CellSignalStrengthLte}, phoneId=0, mMtkLevel=0, mMtkRsrpOnly=false, mMtkLteRsrpThreshold=null, mMtkLteRssnrThreshold=null
[2026-06-15T06:42:37.330Z] [ALL] 06-15 12:12:36.785 27307 27307 I adbd    : adbd service requested 'shell,v2,raw:dumpsys window displays'
[2026-06-15T06:42:37.341Z] [ALL] 06-15 12:12:36.805  1191  1247 D SurfaceFlinger: kickIdle 1619, 1598, 35, 0
[2026-06-15T06:42:37.344Z] [ALL] 06-15 12:12:36.806  1062  1156 E hwcomposer: [DRMDEV] DRM_IOCTL_MTK_KICK_IDLE failed, drm_id_crtc: 64, error: -1  
[2026-06-15T06:42:37.442Z] [ALL] 06-15 12:12:36.905  1854  3400 I ActivityManager: Killing 19223:com.instagram.android/u0a350 (adj 995): empty for 1800s
[2026-06-15T06:42:37.462Z] [ALL] 06-15 12:12:36.925  3577  5305 W Settings: Setting airplane_mode_on has moved from android.provider.Settings.System to android.provider.Settings.Global, returning read-only value.
[2026-06-15T06:42:37.464Z] [ALL] 06-15 12:12:36.926  6422  6480 E IHansComunication: HANS printMessageBody: RCV message: type = 3,port = 86870,caller_pid = 1854,caller_uid = 1000,target_pid = 19223,target_uid = 10350,pkg_cmd = -1,rpc = signal/-1
[2026-06-15T06:42:37.470Z] [ALL] 06-15 12:12:36.934  1854  1912 I libprocessgroup: Successfully killed process cgroup uid 10350 pid 19223 in 21ms
[2026-06-15T06:42:37.480Z] [ALL] 06-15 12:12:36.939  3577  6009 W SystemServiceRegistry: No service published for: wifirtt
[2026-06-15T06:42:37.494Z] [ALL] 06-15 12:12:36.958  2461  2513 D WifiHAL : event received NL80211_CMD_TRIGGER_SCAN
[2026-06-15T06:42:37.542Z] [ALL] 06-15 12:12:37.007  1039  1039 I Zygote  : Process 19223 exited due to signal 9 (Killed)
[2026-06-15T06:42:37.553Z] [ALL] 06-15 12:12:37.013  1854  3203 D DisplayManagerService: Display listener for pid 19223 died.
[2026-06-15T06:42:37.553Z] [ALL] 06-15 12:12:37.014  1854  2367 D ConnectivityService: releasing NetworkRequest [ REQUEST id=915, [ Capabilities: INTERNET&NOT_RESTRICTED&TRUSTED&NOT_VCN_MANAGED Uid: 10350 RequestorUid: 10350 RequestorPkg: com.instagram.android UnderlyingNetworks: Null] ] (release request)
[2026-06-15T06:42:37.561Z] [ALL] 06-15 12:12:37.019  1854  2714 D OplusUIFirst_FB: com.instagram.android remove pid: 19223
[2026-06-15T06:42:37.562Z] [ALL] 06-15 12:12:37.019  5818  6294 V DeepThinker: ProcessManager: onProcessDied pid:19223, uid:10350
[2026-06-15T06:42:37.562Z] [ALL] 06-15 12:12:37.021  1078  1153 D RilUtility: notify_rild_crash_pid_set certPid:-1, crash:19223, scn:0x0
[2026-06-15T06:42:37.562Z] [ALL] 06-15 12:12:37.022  1854  2714 I mtkpower_client: [Legacy][PowerHal_Wrap_notifyAppState] com.instagram.android/com.instagram.android pid=19223 state:3
[2026-06-15T06:42:37.563Z] [ALL] 06-15 12:12:37.022  1854  2714 I game_scn: collectForegroundAppList packName=com.instagram.android, actName=com.instagram.android, pid=19223, uid=10350, state:DEAD
[2026-06-15T06:42:37.738Z] [ALL] 06-15 12:12:37.196  1191  1248 D SurfaceFlinger: kickIdle 390, 360, 35, 0
[2026-06-15T06:42:37.738Z] [ALL] 06-15 12:12:37.197  1062  1156 E hwcomposer: [DRMDEV] DRM_IOCTL_MTK_KICK_IDLE failed, drm_id_crtc: 64, error: -1  
[2026-06-15T06:42:37.815Z] [ALL] 06-15 12:12:37.276  6422  6480 E IHansComunication: HANS printMessageBody: RCV message: type = 0,port = 86870,caller_pid = 1854,caller_uid = 1000,target_pid = 4410,target_uid = 10394,pkg_cmd = -1,rpc = android.accessibilityservice.IAccessibilityServiceClient/2
[2026-06-15T06:42:37.818Z] [ALL] 06-15 12:12:37.281  1854  2930 I OplusHansManager : unfreeze uid: 10394 io.appium.uiautomator2.server pids: [4410] reason: AsyncBinder scene: LcdOn
[2026-06-15T06:42:37.818Z] [ALL] 06-15 12:12:37.281  1854  2927 I OplusHansManager : uid=10394, pkg=io.appium.uiautomator2.server, transition from F to Middle, reason=AsyncBinder
[2026-06-15T06:42:37.818Z] [ALL] 06-15 12:12:37.282  1854  2927 I OplusHansManager : uid=10394, pkg=io.appium.uiautomator2.server F exit(), F stay=0, reason=AsyncBinder
[2026-06-15T06:42:37.821Z] [ALL] 06-15 12:12:37.285  4410  4442 I appium  : channel read: POST /session/f52e8ec1-73bf-4361-bb99-ba7f0d7a5903/elements
[2026-06-15T06:42:37.823Z] [ALL] 06-15 12:12:37.286  4410  4442 I appium  : FindElements command
[2026-06-15T06:42:37.824Z] [ALL] 06-15 12:12:37.289  4410  4442 I appium  : method: '-android uiautomator', selector: 'new UiSelector().className("android.widget.EditText")'
[2026-06-15T06:42:37.824Z] [ALL] 06-15 12:12:37.289  4410  4442 I appium  : Waiting up to 1000ms for the device to idle
[2026-06-15T06:42:38.231Z] [ALL] 06-15 12:12:37.682  2891  3171 D TelephonyInterface: getRealNrState start:0
[2026-06-15T06:42:38.233Z] [ALL] 06-15 12:12:37.682  2891  3171 D ReflectionHelper: android.telephony.OplusTelephonyManager@2236f2e callDeclaredMethodOrThrow : android.telephony.OplusTelephonyManager.getRealNrState
[2026-06-15T06:42:38.233Z] [ALL] 06-15 12:12:37.684  6422  9791 D IHansComunication: HANS sendMessageToKernel: threadId = 505638010032, netLinkSetup = 1, type = FROZEN_TRANS, targetUid = 10394, pkgCmd = PKG_CMD_MAX
[2026-06-15T06:42:38.233Z] [ALL] 06-15 12:12:37.690  2891  3171 D TelephonyInterface: getRealNrState start:0
[2026-06-15T06:42:38.233Z] [ALL] 06-15 12:12:37.690  2891  3171 D ReflectionHelper: android.telephony.OplusTelephonyManager@2236f2e callDeclaredMethodOrThrow : android.telephony.OplusTelephonyManager.getRealNrState
[2026-06-15T06:42:38.233Z] [ALL] 06-15 12:12:37.693  2891  3171 D ReflectionHelper: android.telephony.OplusTelephonyManager@2236f2e callDeclaredMethodOrThrow : android.telephony.OplusTelephonyManager.getIfTestSim
[2026-06-15T06:42:38.255Z] [ALL] 06-15 12:12:37.715  2891  3171 D TelephonyInterface: getRealNrState start:0
[2026-06-15T06:42:38.255Z] [ALL] 06-15 12:12:37.715  2891  3171 D ReflectionHelper: android.telephony.OplusTelephonyManager@2236f2e callDeclaredMethodOrThrow : android.telephony.OplusTelephonyManager.getRealNrState
[2026-06-15T06:42:38.255Z] [ALL] 06-15 12:12:37.717  2891  3171 D ReflectionHelper: android.telephony.OplusTelephonyManager@2236f2e callDeclaredMethodOrThrow : android.telephony.OplusTelephonyManager.getIfTestSim
[2026-06-15T06:42:38.396Z] [ALL] 06-15 12:12:37.855  4410  4442 I QueryController: Matched selector: UiSelector[CLASS=android.widget.EditText, INSTANCE=0] <<==>> [android.view.accessibility.AccessibilityNodeInfo@a899; boundsInParent: Rect(0, 0 - 0, 0); boundsInScreen: Rect(102, 1104 - 978, 1281); packageName: com.safebank.ai; className: android.widget.EditText; text: testotp@safebank.aiinvalidemail; error: null; maxTextLength: -1; stateDescription: null; contentDescription: null; tooltipText: null; viewIdResName: null; uniqueId: null; checkable: false; checked: false; focusable: false; focused: false; selected: false; clickable: true; longClickable: true; contextClickable: false; enabled: false; password: false; scrollable: false; importantForAccessibility: true; visible: true; actions: [AccessibilityAction: ACTION_NEXT_AT_MOVEMENT_GRANULARITY - null, AccessibilityAction: ACTION_PREVIOUS_AT_MOVEMENT_GRANULARITY - null, AccessibilityAction: ACTION_ACCESSIBILITY_FOCUS - null, AccessibilityAction: ACTION_SET_SELECTION - null]; isTextSelectable: false]
[2026-06-15T06:42:38.419Z] [ALL] 06-15 12:12:37.881  4410  4442 I QueryController: Matched selector: UiSelector[CLASS=android.widget.EditText, INSTANCE=1, COUNT=1] <<==>> [android.view.accessibility.AccessibilityNodeInfo@b1cd; boundsInParent: Rect(0, 0 - 0, 0); boundsInScreen: Rect(102, 1312 - 978, 1540); packageName: com.safebank.ai; className: android.widget.EditText; text: ; error: null; maxTextLength: -1; stateDescription: null; contentDescription: null; tooltipText: null; viewIdResName: otp_input_field; uniqueId: null; checkable: false; checked: false; focusable: true; focused: false; selected: false; clickable: true; longClickable: true; contextClickable: false; enabled: true; password: false; scrollable: false; importantForAccessibility: true; visible: true; actions: [AccessibilityAction: ACTION_FOCUS - null, AccessibilityAction: ACTION_ACCESSIBILITY_FOCUS - null, AccessibilityAction: ACTION_CLICK - null, AccessibilityAction: ACTION_LONG_CLICK - null, AccessibilityAction: ACTION_SET_TEXT - null, AccessibilityAction: ACTION_IME_ENTER - null]; isTextSelectable: false]
[2026-06-15T06:42:38.475Z] [ALL] 06-15 12:12:37.938  1119  1119 D vendor.oplus.hardware.charger@1.0-service: getPsyUsbType type: USB, ret_value = 3
[2026-06-15T06:42:38.475Z] [ALL] 06-15 12:12:37.938  1119  1119 D vendor.oplus.hardware.charger@1.0-service: getPsyUsbType type: USB is usb charging.
[2026-06-15T06:42:38.488Z] [ALL] 06-15 12:12:37.951  1119  1119 D vendor.oplus.hardware.charger@1.0-service: getPsyUsbType type: USB, ret_value = 3
[2026-06-15T06:42:38.490Z] [ALL] 06-15 12:12:37.951  1119  1119 D vendor.oplus.hardware.charger@1.0-service: getPsyUsbType type: USB is usb charging.
[2026-06-15T06:42:38.547Z] [ALL] 06-15 12:12:38.004  4410  4442 I appium  : Matched 2 elements using selector UiSelector[CLASS=android.widget.EditText]
[2026-06-15T06:42:38.547Z] [ALL] 06-15 12:12:38.005  4410  4442 I appium  : Matched 2 elements including possible duplicates
[2026-06-15T06:42:38.547Z] [ALL] 06-15 12:12:38.005  4410  4442 I appium  : 2 element(s) left after deduplication
[2026-06-15T06:42:38.547Z] [ALL] 06-15 12:12:38.006  4410  4442 I appium  : Caching 2 found elements
[2026-06-15T06:42:38.547Z] [ALL] 06-15 12:12:38.009  4410  4442 I appium  : Cached 2 elements
[2026-06-15T06:42:38.567Z] [ALL] 06-15 12:12:38.022  4410  4442 I appium  : AppiumResponse: {"sessionId":"f52e8ec1-73bf-4361-bb99-ba7f0d7a5903","value":[{"ELEMENT":"00000000-0000-0085-0000-012f00000004","element-6066-11e4-a52e-4f735466cecf":"00000000-0000-0085-0000-012f00000004"},{"ELEMENT":"00000000-0000-0085-0000-017b00000004","element-6066-11e4-a52e-4f735466cecf":"00000000-0000-0085-000…
[2026-06-15T06:42:38.625Z] [ALL] 06-15 12:12:38.085  4410  4442 I appium  : channel read: POST /session/f52e8ec1-73bf-4361-bb99-ba7f0d7a5903/elements
[2026-06-15T06:42:38.629Z] [ALL] 06-15 12:12:38.089  4410  4442 I appium  : FindElements command
[2026-06-15T06:42:38.632Z] [ALL] 06-15 12:12:38.096  4410  4442 I appium  : method: 'xpath', selector: '//*[contains(@resource-id, "otp_input_field") or @content-desc="otp_input_field"]'
[2026-06-15T06:42:38.632Z] [ALL] 06-15 12:12:38.097  4410  4442 I appium  : Waiting up to 1000ms for the device to idle
[2026-06-15T06:42:38.645Z] [ALL] 06-15 12:12:38.103  4410  4442 I appium  : The following attributes will be included to the page source: [content-desc, resource-id]
[2026-06-15T06:42:38.720Z] [ALL] 06-15 12:12:38.174  3577  4852 I NearbyMediums: No BLE Fast/GATT advertisements found in the latest cycle.
[2026-06-15T06:42:38.721Z] [ALL] 06-15 12:12:38.174  3577  4852 I NearbyMediums: Current Tracked Scanning Clients are : {NearbyConnections.EnvironmentMonitor, NearbySharing}
[2026-06-15T06:42:38.757Z] [ALL] 06-15 12:12:38.212  1191  1248 D SurfaceFlinger: kickIdle 1015, 993, 34, 0
[2026-06-15T06:42:38.757Z] [ALL] 06-15 12:12:38.213  1062  1156 E hwcomposer: [DRMDEV] DRM_IOCTL_MTK_KICK_IDLE failed, drm_id_crtc: 64, error: -1  
[2026-06-15T06:42:39.012Z] [ALL] 06-15 12:12:38.474  4410  4442 I appium  : Took 0ms to retrieve 1 matches for '//*[contains(@resource-id, "otp_input_field") or @content-desc="otp_input_field"]' XPath1 query
[2026-06-15T06:42:39.015Z] [ALL] 06-15 12:12:38.477  4410  4442 I appium  : Caching 1 found element
[2026-06-15T06:42:39.015Z] [ALL] 06-15 12:12:38.478  4410  4442 I appium  : Cached 1 element
[2026-06-15T06:42:39.021Z] [ALL] 06-15 12:12:38.485  4410  4442 I appium  : AppiumResponse: {"sessionId":"f52e8ec1-73bf-4361-bb99-ba7f0d7a5903","value":[{"ELEMENT":"00000000-0000-0085-0000-017b00000004","element-6066-11e4-a52e-4f735466cecf":"00000000-0000-0085-0000-017b00000004"}]}
[2026-06-15T06:42:39.052Z] [ALL] 06-15 12:12:38.517  4410  4442 I appium  : channel read: GET /session/f52e8ec1-73bf-4361-bb99-ba7f0d7a5903/element/00000000-0000-0085-0000-017b00000004/attribute/displayed
[2026-06-15T06:42:39.053Z] [ALL] 06-15 12:12:38.519  4410  4442 I appium  : GetElementAttribute command
[2026-06-15T06:42:39.232Z] [ALL] 06-15 12:12:38.696  4410  4442 I appium  : AppiumResponse: {"sessionId":"f52e8ec1-73bf-4361-bb99-ba7f0d7a5903","value":"true"}
[2026-06-15T06:42:39.255Z] [ALL] 06-15 12:12:38.715  4410  4442 I appium  : channel read: POST /session/f52e8ec1-73bf-4361-bb99-ba7f0d7a5903/element
[2026-06-15T06:42:39.261Z] [ALL] 06-15 12:12:38.716  4410  4442 I appium  : FindElement command
[2026-06-15T06:42:39.261Z] [ALL] 06-15 12:12:38.718  4410  4442 I appium  : method: '-android uiautomator', selector: 'new UiSelector().className("android.widget.EditText").instance(0)'
[2026-06-15T06:42:39.261Z] [ALL] 06-15 12:12:38.719  4410  4442 I appium  : Waiting up to 1000ms for the device to idle
[2026-06-15T06:42:39.271Z] [ALL] 06-15 12:12:38.721  1854  2304 D OplusWifiDriverEventObsever: recieve uevent
[2026-06-15T06:42:39.271Z] [ALL] 06-15 12:12:38.727  1038  1694 E TetherController:  addInterface wlan0->34 succ
[2026-06-15T06:42:39.271Z] [ALL] 06-15 12:12:38.727  2461  2513 D WifiHAL : event received NL80211_CMD_NEW_SCAN_RESULTS
[2026-06-15T06:42:39.271Z] [ALL] 06-15 12:12:38.727  1854  2501 D WifiNl80211Manager: Scan result ready event
[2026-06-15T06:42:39.271Z] [ALL] 06-15 12:12:38.727  1854  2501 D WifiNative: Scan result ready event
[2026-06-15T06:42:39.284Z] [ALL] 06-15 12:12:38.749  1854  2334 D OplusScanResultsProxy: fewApNum:5
[2026-06-15T06:42:39.286Z] [ALL] 06-15 12:12:38.750  1854  2362 D WificondScannerImpl: Filtering out 7 scan results.
[2026-06-15T06:42:39.305Z] [ALL] 06-15 12:12:38.769  1854  2334 D OplusEnableConfigManager: scannedConfiguredNetworksList is null/empty!!
[2026-06-15T06:42:39.331Z] [ALL] 06-15 12:12:38.790  1854  2927 I OplusHansManager : uid=10394, pkg=io.appium.uiautomator2.server can transition from M to F
[2026-06-15T06:42:39.331Z] [ALL] 06-15 12:12:38.790  1854  2927 I OplusHansManager : uid=10394, pkg=io.appium.uiautomator2.server F enter(), M stay=1
[2026-06-15T06:42:39.333Z] [ALL] 06-15 12:12:38.792  6422  6480 E IHansComunication: HANS printMessageBody: RCV message: type = 0,port = 86870,caller_pid = 2122,caller_uid = 10373,target_pid = 4410,target_uid = 10394,pkg_cmd = -1,rpc = android.view.accessibility.IAccessibilityInteractionConnection/3
[2026-06-15T06:42:39.333Z] [ALL] 06-15 12:12:38.793  1854  2927 I OplusHansManager : freeze uid: 10394 io.appium.uiautomator2.server pids: [4410] scene: LcdOn
[2026-06-15T06:42:39.333Z] [ALL] 06-15 12:12:38.794  6422  6480 E IHansComunication: HANS printMessageBody: RCV message: type = 0,port = 86870,caller_pid = 2122,caller_uid = 10373,target_pid = 4410,target_uid = 10394,pkg_cmd = -1,rpc = android.view.accessibility.IAccessibilityInteractionConnection/1
[2026-06-15T06:42:39.333Z] [ALL] 06-15 12:12:38.794  6422  9791 D IHansComunication: HansComunication::addUid-- 10394, persistent--0
[2026-06-15T06:42:39.333Z] [ALL] 06-15 12:12:38.794  6422  9791 D IHansComunication: HANS sendMessageToKernel: threadId = 505638010032, netLinkSetup = 1, type = PKG, targetUid = 10394, pkgCmd = ADD_ONE_UID
[2026-06-15T06:42:39.333Z] [ALL] 06-15 12:12:38.797  1854  2930 I OplusHansManager : unfreeze uid: 10394 io.appium.uiautomator2.server pids: [4410] reason: AsyncBinder scene: LcdOn
[2026-06-15T06:42:39.333Z] [ALL] 06-15 12:12:38.798  1854  2930 I OplusHansManager : forceUnfreezeByPid pid= 4410 reason= unfreezeForKernel: AsyncBinder
[2026-06-15T06:42:39.334Z] [ALL] 06-15 12:12:38.798  1854  2927 I OplusHansManager : uid=10394, pkg=io.appium.uiautomator2.server, transition from F to Middle, reason=AsyncBinder
[2026-06-15T06:42:39.334Z] [ALL] 06-15 12:12:38.798  1854  2927 I OplusHansManager : uid=10394, pkg=io.appium.uiautomator2.server F exit(), F stay=0, reason=AsyncBinder
[2026-06-15T06:42:39.336Z] [ALL] 06-15 12:12:38.802  3577  6009 I FrewleTileCacheManagerV: (REDACTED) Fetched %d AP models from cache
[2026-06-15T06:42:39.354Z] [ALL] 06-15 12:12:38.820  4410  4442 I QueryController: Matched selector: UiSelector[CLASS=android.widget.EditText, INSTANCE=0] <<==>> [android.view.accessibility.AccessibilityNodeInfo@a899; boundsInParent: Rect(0, 0 - 0, 0); boundsInScreen: Rect(102, 1104 - 978, 1281); packageName: com.safebank.ai; className: android.widget.EditText; text: testotp@safebank.aiinvalidemail; error: null; maxTextLength: -1; stateDescription: null; contentDescription: null; tooltipText: null; viewIdResName: null; uniqueId: null; checkable: false; checked: false; focusable: false; focused: false; selected: false; clickable: true; longClickable: true; contextClickable: false; enabled: false; password: false; scrollable: false; importantForAccessibility: true; visible: true; actions: [AccessibilityAction: ACTION_NEXT_AT_MOVEMENT_GRANULARITY - null, AccessibilityAction: ACTION_PREVIOUS_AT_MOVEMENT_GRANULARITY - null, AccessibilityAction: ACTION_ACCESSIBILITY_FOCUS - null, AccessibilityAction: ACTION_SET_SELECTION - null]; isTextSelectable: false]
[2026-06-15T06:42:39.358Z] [ALL] 06-15 12:12:38.824  4410  4442 I appium  : AppiumResponse: {"sessionId":"f52e8ec1-73bf-4361-bb99-ba7f0d7a5903","value":{"ELEMENT":"00000000-0000-0085-0000-012f00000004","element-6066-11e4-a52e-4f735466cecf":"00000000-0000-0085-0000-012f00000004"}}
[2026-06-15T06:42:39.379Z] [ALL] 06-15 12:12:38.841  1854  3400 D LocationManagerService: incoming location from: network
[2026-06-15T06:42:39.379Z] [ALL] 06-15 12:12:38.842  1854  3400 D LocationManagerService: incoming location from: network
[2026-06-15T06:42:39.383Z] [ALL] 06-15 12:12:38.846  4410  4442 I appium  : channel read: GET /session/f52e8ec1-73bf-4361-bb99-ba7f0d7a5903/element/00000000-0000-0085-0000-012f00000004/attribute/displayed
[2026-06-15T06:42:39.383Z] [ALL] 06-15 12:12:38.848  4410  4442 I appium  : GetElementAttribute command
[2026-06-15T06:42:39.391Z] [ALL] 06-15 12:12:38.856  4410  4442 I QueryController: Matched selector: UiSelector[CLASS=android.widget.EditText, INSTANCE=0] <<==>> [android.view.accessibility.AccessibilityNodeInfo@a899; boundsInParent: Rect(0, 0 - 0, 0); boundsInScreen: Rect(102, 1104 - 978, 1281); packageName: com.safebank.ai; className: android.widget.EditText; text: testotp@safebank.aiinvalidemail; error: null; maxTextLength: -1; stateDescription: null; contentDescription: null; tooltipText: null; viewIdResName: null; uniqueId: null; checkable: false; checked: false; focusable: false; focused: false; selected: false; clickable: true; longClickable: true; contextClickable: false; enabled: false; password: false; scrollable: false; importantForAccessibility: true; visible: true; actions: [AccessibilityAction: ACTION_NEXT_AT_MOVEMENT_GRANULARITY - null, AccessibilityAction: ACTION_PREVIOUS_AT_MOVEMENT_GRANULARITY - null, AccessibilityAction: ACTION_ACCESSIBILITY_FOCUS - null, AccessibilityAction: ACTION_SET_SELECTION - null]; isTextSelectable: false]
[2026-06-15T06:42:39.393Z] [ALL] 06-15 12:12:38.856  4410  4442 D UiObject: Waiting 0ms for UiSelector[CLASS=android.widget.EditText, INSTANCE=0].
[2026-06-15T06:42:39.397Z] [ALL] 06-15 12:12:38.859  5345  5345 D LocationTracker: Got a location update from Play Services
[2026-06-15T06:42:39.397Z] [ALL] 06-15 12:12:38.860  3577  4755 I FusedLocation: (REDACTED) location delivery to %s blocked - too fast
[2026-06-15T06:42:39.397Z] [ALL] 06-15 12:12:38.860  3577  4755 I FusedLocation: (REDACTED) location delivery to %s blocked - too close
[2026-06-15T06:42:39.397Z] [ALL] 06-15 12:12:38.862  1854  3203 D LocationManagerService: incoming location from: fused
[2026-06-15T06:42:39.397Z] [ALL] 06-15 12:12:38.862  3577  4755 I FusedLocation: (REDACTED) location delivery to %s blocked - too close
[2026-06-15T06:42:39.397Z] [ALL] 06-15 12:12:38.863  1854  3203 D LocationManagerService: incoming location from: fused
[2026-06-15T06:42:39.398Z] [ALL] 06-15 12:12:38.863  3577  4755 I FusedLocation: (REDACTED) location delivery to %s blocked - too close
[2026-06-15T06:42:39.398Z] [ALL] 06-15 12:12:38.863  4410  4442 I QueryController: Matched selector: UiSelector[CLASS=android.widget.EditText, INSTANCE=0] <<==>> [android.view.accessibility.AccessibilityNodeInfo@a899; boundsInParent: Rect(0, 0 - 0, 0); boundsInScreen: Rect(102, 1104 - 978, 1281); packageName: com.safebank.ai; className: android.widget.EditText; text: testotp@safebank.aiinvalidemail; error: null; maxTextLength: -1; stateDescription: null; contentDescription: null; tooltipText: null; viewIdResName: null; uniqueId: null; checkable: false; checked: false; focusable: false; focused: false; selected: false; clickable: true; longClickable: true; contextClickable: false; enabled: false; password: false; scrollable: false; importantForAccessibility: true; visible: true; actions: [AccessibilityAction: ACTION_NEXT_AT_MOVEMENT_GRANULARITY - null, AccessibilityAction: ACTION_PREVIOUS_AT_MOVEMENT_GRANULARITY - null, AccessibilityAction: ACTION_ACCESSIBILITY_FOCUS - null, AccessibilityAction: ACTION_SET_SELECTION - null]; isTextSelectable: false]
[2026-06-15T06:42:39.406Z] [ALL] 06-15 12:12:38.872  3577  5305 I ActivityScheduler: nextTriggerTime: 9223372036854775806, in 9223372036842778688ms, detectorType: 32, SLEEP alarmWindowMillis: 1152921504606846975
[2026-06-15T06:42:39.407Z] [ALL] 06-15 12:12:38.873  4410  4442 I QueryController: Matched selector: UiSelector[CLASS=android.widget.EditText, INSTANCE=0] <<==>> [android.view.accessibility.AccessibilityNodeInfo@a899; boundsInParent: Rect(0, 0 - 0, 0); boundsInScreen: Rect(102, 1104 - 978, 1281); packageName: com.safebank.ai; className: android.widget.EditText; text: testotp@safebank.aiinvalidemail; error: null; maxTextLength: -1; stateDescription: null; contentDescription: null; tooltipText: null; viewIdResName: null; uniqueId: null; checkable: false; checked: false; focusable: false; focused: false; selected: false; clickable: true; longClickable: true; contextClickable: false; enabled: false; password: false; scrollable: false; importantForAccessibility: true; visible: true; actions: [AccessibilityAction: ACTION_NEXT_AT_MOVEMENT_GRANULARITY - null, AccessibilityAction: ACTION_PREVIOUS_AT_MOVEMENT_GRANULARITY - null, AccessibilityAction: ACTION_ACCESSIBILITY_FOCUS - null, AccessibilityAction: ACTION_SET_SELECTION - null]; isTextSelectable: false]
[2026-06-15T06:42:39.408Z] [ALL] 06-15 12:12:38.874  4410  4442 I appium  : AppiumResponse: {"sessionId":"f52e8ec1-73bf-4361-bb99-ba7f0d7a5903","value":"true"}
[2026-06-15T06:42:39.424Z] [ALL] 06-15 12:12:38.889  4410  4442 I appium  : channel read: POST /session/f52e8ec1-73bf-4361-bb99-ba7f0d7a5903/element/00000000-0000-0085-0000-012f00000004/clear
[2026-06-15T06:42:39.425Z] [ALL] 06-15 12:12:38.891  4410  4442 I appium  : Clear command
[2026-06-15T06:42:39.430Z] [ALL] 06-15 12:12:38.896  4410  4442 I QueryController: Matched selector: UiSelector[CLASS=android.widget.EditText, INSTANCE=0] <<==>> [android.view.accessibility.AccessibilityNodeInfo@a899; boundsInParent: Rect(0, 0 - 0, 0); boundsInScreen: Rect(102, 1104 - 978, 1281); packageName: com.safebank.ai; className: android.widget.EditText; text: testotp@safebank.aiinvalidemail; error: null; maxTextLength: -1; stateDescription: null; contentDescription: null; tooltipText: null; viewIdResName: null; uniqueId: null; checkable: false; checked: false; focusable: false; focused: false; selected: false; clickable: true; longClickable: true; contextClickable: false; enabled: false; password: false; scrollable: false; importantForAccessibility: true; visible: true; actions: [AccessibilityAction: ACTION_NEXT_AT_MOVEMENT_GRANULARITY - null, AccessibilityAction: ACTION_PREVIOUS_AT_MOVEMENT_GRANULARITY - null, AccessibilityAction: ACTION_ACCESSIBILITY_FOCUS - null, AccessibilityAction: ACTION_SET_SELECTION - null]; isTextSelectable: false]
[2026-06-15T06:42:39.438Z] [ALL] 06-15 12:12:38.903  4410  4442 I QueryController: Matched selector: UiSelector[CLASS=android.widget.EditText, INSTANCE=0] <<==>> [android.view.accessibility.AccessibilityNodeInfo@a899; boundsInParent: Rect(0, 0 - 0, 0); boundsInScreen: Rect(102, 1104 - 978, 1281); packageName: com.safebank.ai; className: android.widget.EditText; text: testotp@safebank.aiinvalidemail; error: null; maxTextLength: -1; stateDescription: null; contentDescription: null; tooltipText: null; viewIdResName: null; uniqueId: null; checkable: false; checked: false; focusable: false; focused: false; selected: false; clickable: true; longClickable: true; contextClickable: false; enabled: false; password: false; scrollable: false; importantForAccessibility: true; visible: true; actions: [AccessibilityAction: ACTION_NEXT_AT_MOVEMENT_GRANULARITY - null, AccessibilityAction: ACTION_PREVIOUS_AT_MOVEMENT_GRANULARITY - null, AccessibilityAction: ACTION_ACCESSIBILITY_FOCUS - null, AccessibilityAction: ACTION_SET_SELECTION - null]; isTextSelectable: false]
[2026-06-15T06:42:39.440Z] [ALL] 06-15 12:12:38.903  4410  4442 D UiObject: Setting text to ''.
[2026-06-15T06:42:39.440Z] [ALL] 06-15 12:12:38.904  1854  2944 D PowerManagerService: userActivityNoUpdateLocked: groupId=0, eventTime=10697946, event=3, flags=0x0, uid=1000
[2026-06-15T06:42:39.444Z] [ALL] 06-15 12:12:38.909  4410  4442 I appium  : AppiumResponse: {"sessionId":"f52e8ec1-73bf-4361-bb99-ba7f0d7a5903","value":null}
[2026-06-15T06:42:39.465Z] [ALL] 06-15 12:12:38.930  4410  4442 I appium  : channel read: POST /session/f52e8ec1-73bf-4361-bb99-ba7f0d7a5903/element/00000000-0000-0085-0000-012f00000004/clear
[2026-06-15T06:42:39.467Z] [ALL] 06-15 12:12:38.932  4410  4442 I appium  : Clear command
[2026-06-15T06:42:39.471Z] [ALL] 06-15 12:12:38.937  4410  4442 I QueryController: Matched selector: UiSelector[CLASS=android.widget.EditText, INSTANCE=0] <<==>> [android.view.accessibility.AccessibilityNodeInfo@a899; boundsInParent: Rect(0, 0 - 0, 0); boundsInScreen: Rect(102, 1104 - 978, 1281); packageName: com.safebank.ai; className: android.widget.EditText; text: testotp@safebank.aiinvalidemail; error: null; maxTextLength: -1; stateDescription: null; contentDescription: null; tooltipText: null; viewIdResName: null; uniqueId: null; checkable: false; checked: false; focusable: false; focused: false; selected: false; clickable: true; longClickable: true; contextClickable: false; enabled: false; password: false; scrollable: false; importantForAccessibility: true; visible: true; actions: [AccessibilityAction: ACTION_NEXT_AT_MOVEMENT_GRANULARITY - null, AccessibilityAction: ACTION_PREVIOUS_AT_MOVEMENT_GRANULARITY - null, AccessibilityAction: ACTION_ACCESSIBILITY_FOCUS - null, AccessibilityAction: ACTION_SET_SELECTION - null]; isTextSelectable: false]
[2026-06-15T06:42:39.474Z] [ALL] 06-15 12:12:38.939  1854  1875 D SensorService: onUidStateChanged uid = 10071, state = UID_STATE_IDLE
[2026-06-15T06:42:39.478Z] [ALL] 06-15 12:12:38.943  4410  4442 I QueryController: Matched selector: UiSelector[CLASS=android.widget.EditText, INSTANCE=0] <<==>> [android.view.accessibility.AccessibilityNodeInfo@a899; boundsInParent: Rect(0, 0 - 0, 0); boundsInScreen: Rect(102, 1104 - 978, 1281); packageName: com.safebank.ai; className: android.widget.EditText; text: testotp@safebank.aiinvalidemail; error: null; maxTextLength: -1; stateDescription: null; contentDescription: null; tooltipText: null; viewIdResName: null; uniqueId: null; checkable: false; checked: false; focusable: false; focused: false; selected: false; clickable: true; longClickable: true; contextClickable: false; enabled: false; password: false; scrollable: false; importantForAccessibility: true; visible: true; actions: [AccessibilityAction: ACTION_NEXT_AT_MOVEMENT_GRANULARITY - null, AccessibilityAction: ACTION_PREVIOUS_AT_MOVEMENT_GRANULARITY - null, AccessibilityAction: ACTION_ACCESSIBILITY_FOCUS - null, AccessibilityAction: ACTION_SET_SELECTION - null]; isTextSelectable: false]
[2026-06-15T06:42:39.479Z] [ALL] 06-15 12:12:38.943  4410  4442 D UiObject: Setting text to ''.
[2026-06-15T06:42:39.479Z] [ALL] 06-15 12:12:38.944  1854  2944 D PowerManagerService: userActivityNoUpdateLocked: groupId=0, eventTime=10697986, event=3, flags=0x0, uid=1000
[2026-06-15T06:42:39.483Z] [ALL] 06-15 12:12:38.948  4410  4442 I appium  : AppiumResponse: {"sessionId":"f52e8ec1-73bf-4361-bb99-ba7f0d7a5903","value":null}
[2026-06-15T06:42:39.501Z] [ALL] 06-15 12:12:38.966  4410  4442 I appium  : channel read: POST /session/f52e8ec1-73bf-4361-bb99-ba7f0d7a5903/element/00000000-0000-0085-0000-012f00000004/value
[2026-06-15T06:42:39.503Z] [ALL] 06-15 12:12:38.968  4410  4442 I appium  : SendKeysToElement command
[2026-06-15T06:42:39.508Z] [ALL] 06-15 12:12:38.973  4410  4442 I QueryController: Matched selector: UiSelector[CLASS=android.widget.EditText, INSTANCE=0] <<==>> [android.view.accessibility.AccessibilityNodeInfo@a899; boundsInParent: Rect(0, 0 - 0, 0); boundsInScreen: Rect(102, 1104 - 978, 1281); packageName: com.safebank.ai; className: android.widget.EditText; text: testotp@safebank.aiinvalidemail; error: null; maxTextLength: -1; stateDescription: null; contentDescription: null; tooltipText: null; viewIdResName: null; uniqueId: null; checkable: false; checked: false; focusable: false; focused: false; selected: false; clickable: true; longClickable: true; contextClickable: false; enabled: false; password: false; scrollable: false; importantForAccessibility: true; visible: true; actions: [AccessibilityAction: ACTION_NEXT_AT_MOVEMENT_GRANULARITY - null, AccessibilityAction: ACTION_PREVIOUS_AT_MOVEMENT_GRANULARITY - null, AccessibilityAction: ACTION_ACCESSIBILITY_FOCUS - null, AccessibilityAction: ACTION_SET_SELECTION - null]; isTextSelectable: false]
[2026-06-15T06:42:39.522Z] [ALL] 06-15 12:12:38.986  4410  4442 I QueryController: Matched selector: UiSelector[CLASS=android.widget.EditText, INSTANCE=0] <<==>> [android.view.accessibility.AccessibilityNodeInfo@a899; boundsInParent: Rect(0, 0 - 0, 0); boundsInScreen: Rect(102, 1104 - 978, 1281); packageName: com.safebank.ai; className: android.widget.EditText; text: testotp@safebank.aiinvalidemail; error: null; maxTextLength: -1; stateDescription: null; contentDescription: null; tooltipText: null; viewIdResName: null; uniqueId: null; checkable: false; checked: false; focusable: false; focused: false; selected: false; clickable: true; longClickable: true; contextClickable: false; enabled: false; password: false; scrollable: false; importantForAccessibility: true; visible: true; actions: [AccessibilityAction: ACTION_NEXT_AT_MOVEMENT_GRANULARITY - null, AccessibilityAction: ACTION_PREVIOUS_AT_MOVEMENT_GRANULARITY - null, AccessibilityAction: ACTION_ACCESSIBILITY_FOCUS - null, AccessibilityAction: ACTION_SET_SELECTION - null]; isTextSelectable: false]
[2026-06-15T06:42:39.528Z] [ALL] 06-15 12:12:38.992  4410  4442 I QueryController: Matched selector: UiSelector[CLASS=android.widget.EditText, INSTANCE=0] <<==>> [android.view.accessibility.AccessibilityNodeInfo@a899; boundsInParent: Rect(0, 0 - 0, 0); boundsInScreen: Rect(102, 1104 - 978, 1281); packageName: com.safebank.ai; className: android.widget.EditText; text: testotp@safebank.aiinvalidemail; error: null; maxTextLength: -1; stateDescription: null; contentDescription: null; tooltipText: null; viewIdResName: null; uniqueId: null; checkable: false; checked: false; focusable: false; focused: false; selected: false; clickable: true; longClickable: true; contextClickable: false; enabled: false; password: false; scrollable: false; importantForAccessibility: true; visible: true; actions: [AccessibilityAction: ACTION_NEXT_AT_MOVEMENT_GRANULARITY - null, AccessibilityAction: ACTION_PREVIOUS_AT_MOVEMENT_GRANULARITY - null, AccessibilityAction: ACTION_ACCESSIBILITY_FOCUS - null, AccessibilityAction: ACTION_SET_SELECTION - null]; isTextSelectable: false]
[2026-06-15T06:42:39.537Z] [ALL] 06-15 12:12:39.001  4410  4442 I QueryController: Matched selector: UiSelector[CLASS=android.widget.EditText, INSTANCE=0] <<==>> [android.view.accessibility.AccessibilityNodeInfo@a899; boundsInParent: Rect(0, 0 - 0, 0); boundsInScreen: Rect(102, 1104 - 978, 1281); packageName: com.safebank.ai; className: android.widget.EditText; text: testotp@safebank.aiinvalidemail; error: null; maxTextLength: -1; stateDescription: null; contentDescription: null; tooltipText: null; viewIdResName: null; uniqueId: null; checkable: false; checked: false; focusable: false; focused: false; selected: false; clickable: true; longClickable: true; contextClickable: false; enabled: false; password: false; scrollable: false; importantForAccessibility: true; visible: true; actions: [AccessibilityAction: ACTION_NEXT_AT_MOVEMENT_GRANULARITY - null, AccessibilityAction: ACTION_PREVIOUS_AT_MOVEMENT_GRANULARITY - null, AccessibilityAction: ACTION_ACCESSIBILITY_FOCUS - null, AccessibilityAction: ACTION_SET_SELECTION - null]; isTextSelectable: false]
[2026-06-15T06:42:39.537Z] [ALL] 06-15 12:12:39.002  4410  4442 D UiObject: Setting text to ''.
[2026-06-15T06:42:39.539Z] [ALL] 06-15 12:12:39.002  1854  2944 D PowerManagerService: userActivityNoUpdateLocked: groupId=0, eventTime=10698044, event=3, flags=0x0, uid=1000
[2026-06-15T06:42:39.546Z] [ALL] 06-15 12:12:39.011  4410  4442 I QueryController: Matched selector: UiSelector[CLASS=android.widget.EditText, INSTANCE=0] <<==>> [android.view.accessibility.AccessibilityNodeInfo@a899; boundsInParent: Rect(0, 0 - 0, 0); boundsInScreen: Rect(102, 1104 - 978, 1281); packageName: com.safebank.ai; className: android.widget.EditText; text: testotp@safebank.aiinvalidemail; error: null; maxTextLength: -1; stateDescription: null; contentDescription: null; tooltipText: null; viewIdResName: null; uniqueId: null; checkable: false; checked: false; focusable: false; focused: false; selected: false; clickable: true; longClickable: true; contextClickable: false; enabled: false; password: false; scrollable: false; importantForAccessibility: true; visible: true; actions: [AccessibilityAction: ACTION_NEXT_AT_MOVEMENT_GRANULARITY - null, AccessibilityAction: ACTION_PREVIOUS_AT_MOVEMENT_GRANULARITY - null, AccessibilityAction: ACTION_ACCESSIBILITY_FOCUS - null, AccessibilityAction: ACTION_SET_SELECTION - null]; isTextSelectable: false]
[2026-06-15T06:42:39.556Z] [ALL] 06-15 12:12:39.020  4410  4442 I QueryController: Matched selector: UiSelector[CLASS=android.widget.EditText, INSTANCE=0] <<==>> [android.view.accessibility.AccessibilityNodeInfo@a899; boundsInParent: Rect(0, 0 - 0, 0); boundsInScreen: Rect(102, 1104 - 978, 1281); packageName: com.safebank.ai; className: android.widget.EditText; text: testotp@safebank.aiinvalidemail; error: null; maxTextLength: -1; stateDescription: null; contentDescription: null; tooltipText: null; viewIdResName: null; uniqueId: null; checkable: false; checked: false; focusable: false; focused: false; selected: false; clickable: true; longClickable: true; contextClickable: false; enabled: false; password: false; scrollable: false; importantForAccessibility: true; visible: true; actions: [AccessibilityAction: ACTION_NEXT_AT_MOVEMENT_GRANULARITY - null, AccessibilityAction: ACTION_PREVIOUS_AT_MOVEMENT_GRANULARITY - null, AccessibilityAction: ACTION_ACCESSIBILITY_FOCUS - null, AccessibilityAction: ACTION_SET_SELECTION - null]; isTextSelectable: false]
[2026-06-15T06:42:39.558Z] [ALL] 06-15 12:12:39.021  1854  2944 D PowerManagerService: userActivityNoUpdateLocked: groupId=0, eventTime=10698063, event=3, flags=0x0, uid=1000
[2026-06-15T06:42:39.565Z] [ALL] 06-15 12:12:39.029  4410  4442 I appium  : AppiumResponse: {"sessionId":"f52e8ec1-73bf-4361-bb99-ba7f0d7a5903","value":{"error":"invalid element state","message":"Cannot set the element to 'demo@safebank.ai'. Did you interact with the correct element?","stacktrace":"io.appium.uiautomator2.common.exceptions.InvalidElementStateException: Cannot set the element to 'demo@safebank.ai'. Did you interact with the correct element?\n\tat io.appium.uiautomator2.handler.SendKeysToElement.setText(SendKeysToElement.java:87)\n\tat io.appium.uiautomator2.handler.SendKeysToElement.safeHandle(SendKeysToElement.java:115)\n\tat io.appium.uiautomator2.handler.request.SafeRequestHandler.handle(SafeRequestHandler.java:59)\n\tat io.appium.uiautomator2.server.AppiumServlet.handleRequest(AppiumServlet.java:267)\n\tat io.appium.uiautomator2.server.AppiumServlet.handleHttpRequest(AppiumServlet.java:261)\n\tat io.appium.uiautomator2.http.ServerHandler.channelRead(ServerHandler.java:77)\n\tat io.netty.channel.AbstractChannelHandlerContext.fireChannelRead(AbstractChannelHandlerContext.java:357)\n\tat io.netty.handler.codec.MessageToMessageDecoder.channelRead(MessageToMessageDecoder.java:107)\n\tat io.netty.channel.AbstractChannelHandlerContext.fireChannelRead(AbstractChannelHandlerContext.java:357)\n\tat io.netty.channel.CombinedChannelDuplexHandler$DelegatingChannelHandlerContext.fireChannelRead(CombinedChannelDuplexHandler.java:434)\n\tat io.netty.handler.codec.ByteToMessageDecoder.fireChannelRead(ByteToMessageDecoder.java:361)\n\tat io.netty.handler.codec.ByteToMessageDecoder.channelRead(ByteToMessageDecoder.java:325)\n\tat io.netty.channel.CombinedChannelDuplexHandler.channelRead(CombinedChannelDuplexHandler.java:249)\n\tat io.netty.channel.AbstractChannelHandlerContext.fireChannelRead(AbstractChannelHandlerContext.java:355)\n\tat io.netty.handler.timeout.IdleStateHandler.channelRead(IdleStateHandler.java:288)\n\tat io.netty.channel.AbstractChannelHandlerContext.fireChannelRead(AbstractChannelHandlerContext.java:355)\n\tat io.netty.channel.DefaultChannelPipeline$HeadContext.channelRead(DefaultChannelPipeline.java:1429)\n\tat io.netty.channel.DefaultChannelPipeline.fireChannelRead(DefaultChannelPipeline.java:918)\n\tat io.netty.channel.nio.AbstractNioByteChannel$NioByteUnsafe.read(AbstractNioByteChannel.java:176)\n\tat io.netty.channel.nio.AbstractNioChannel$AbstractNioUnsafe.handle(AbstractNioChannel.java:445)\n\tat io.netty.channel.nio.NioIoHandler$DefaultNioRegistration.handle(NioIoHandler.java:388)\n\tat io.netty.channel.nio.NioIoHandler.processSelectedKey(NioIoHandler.java:596)\n\tat io.netty.channel.nio.NioIoHandler.processSelectedKeysOptimized(NioIoHandler.java:571)\n\tat io.netty.channel.nio.NioIoHandler.processSelectedKeys(NioIoHandler.java:512)\n\tat io.netty.channel.nio.NioIoHandler.run(NioIoHandler.java:484)\n\tat io.netty.channel.SingleThreadIoEventLoop.runIo(SingleThreadIoEventLoop.java:225)\n\tat io.netty.channel.SingleThreadIoEventLoop.run(SingleThreadIoEventLoop.java:196)\n\tat io.netty.util.concurrent.SingleThreadEventExecutor$5.run(SingleThreadEventExecutor.java:1195)\n\tat io.netty.util.internal.ThreadExecutorMap$2.run(ThreadExecutorMap.java:74)\n\tat io.netty.util.concurrent.FastThreadLocalRunnable.run(FastThreadLocalRunnable.java:30)\n\tat java.lang.Thread.run(Thread.java:1572)\n"}}
[2026-06-15T06:42:39.599Z] [ALL] 06-15 12:12:39.064  1038  1706 E TetherController: property_get sys.radio.data.modem_share_flag return 0, 1!
[2026-06-15T06:42:39.609Z] [ALL] 06-15 12:12:39.072  4410  4442 I appium  : channel read: POST /session/f52e8ec1-73bf-4361-bb99-ba7f0d7a5903/element/00000000-0000-0085-0000-012f00000004/value
[2026-06-15T06:42:39.609Z] [ALL] 06-15 12:12:39.074  4410  4442 I appium  : SendKeysToElement command
[2026-06-15T06:42:39.633Z] [ALL] 06-15 12:12:39.097  4410  4442 I QueryController: Matched selector: UiSelector[CLASS=android.widget.EditText, INSTANCE=0] <<==>> [android.view.accessibility.AccessibilityNodeInfo@a899; boundsInParent: Rect(0, 0 - 0, 0); boundsInScreen: Rect(102, 1104 - 978, 1281); packageName: com.safebank.ai; className: android.widget.EditText; text: testotp@safebank.aiinvalidemail; error: null; maxTextLength: -1; stateDescription: null; contentDescription: null; tooltipText: null; viewIdResName: null; uniqueId: null; checkable: false; checked: false; focusable: false; focused: false; selected: false; clickable: true; longClickable: true; contextClickable: false; enabled: false; password: false; scrollable: false; importantForAccessibility: true; visible: true; actions: [AccessibilityAction: ACTION_NEXT_AT_MOVEMENT_GRANULARITY - null, AccessibilityAction: ACTION_PREVIOUS_AT_MOVEMENT_GRANULARITY - null, AccessibilityAction: ACTION_ACCESSIBILITY_FOCUS - null, AccessibilityAction: ACTION_SET_SELECTION - null]; isTextSelectable: false]
[2026-06-15T06:42:39.657Z] [ALL] 06-15 12:12:39.122  4410  4442 I QueryController: Matched selector: UiSelector[CLASS=android.widget.EditText, INSTANCE=0] <<==>> [android.view.accessibility.AccessibilityNodeInfo@a899; boundsInParent: Rect(0, 0 - 0, 0); boundsInScreen: Rect(102, 1104 - 978, 1281); packageName: com.safebank.ai; className: android.widget.EditText; text: testotp@safebank.aiinvalidemail; error: null; maxTextLength: -1; stateDescription: null; contentDescription: null; tooltipText: null; viewIdResName: null; uniqueId: null; checkable: false; checked: false; focusable: false; focused: false; selected: false; clickable: true; longClickable: true; contextClickable: false; enabled: false; password: false; scrollable: false; importantForAccessibility: true; visible: true; actions: [AccessibilityAction: ACTION_NEXT_AT_MOVEMENT_GRANULARITY - null, AccessibilityAction: ACTION_PREVIOUS_AT_MOVEMENT_GRANULARITY - null, AccessibilityAction: ACTION_ACCESSIBILITY_FOCUS - null, AccessibilityAction: ACTION_SET_SELECTION - null]; isTextSelectable: false]
[2026-06-15T06:42:39.678Z] [ALL] 06-15 12:12:39.138  4410  4442 I QueryController: Matched selector: UiSelector[CLASS=android.widget.EditText, INSTANCE=0] <<==>> [android.view.accessibility.AccessibilityNodeInfo@a899; boundsInParent: Rect(0, 0 - 0, 0); boundsInScreen: Rect(102, 1104 - 978, 1281); packageName: com.safebank.ai; className: android.widget.EditText; text: testotp@safebank.aiinvalidemail; error: null; maxTextLength: -1; stateDescription: null; contentDescription: null; tooltipText: null; viewIdResName: null; uniqueId: null; checkable: false; checked: false; focusable: false; focused: false; selected: false; clickable: true; longClickable: true; contextClickable: false; enabled: false; password: false; scrollable: false; importantForAccessibility: true; visible: true; actions: [AccessibilityAction: ACTION_NEXT_AT_MOVEMENT_GRANULARITY - null, AccessibilityAction: ACTION_PREVIOUS_AT_MOVEMENT_GRANULARITY - null, AccessibilityAction: ACTION_ACCESSIBILITY_FOCUS - null, AccessibilityAction: ACTION_SET_SELECTION - null]; isTextSelectable: false]
[2026-06-15T06:42:39.683Z] [ALL] 06-15 12:12:39.145  1854  1866 W System  : A resource failed to call release. 
[2026-06-15T06:42:39.684Z] [ALL] 06-15 12:12:39.145  1854  1866 W System  : A resource failed to call release. 
[2026-06-15T06:42:39.684Z] [ALL] 06-15 12:12:39.145  1854  1866 W System  : A resource failed to call release. 
[2026-06-15T06:42:39.684Z] [ALL] 06-15 12:12:39.145  1854  1866 W System  : A resource failed to call release. 
[2026-06-15T06:42:39.684Z] [ALL] 06-15 12:12:39.145  1854  1866 W System  : A resource failed to call release. 
[2026-06-15T06:42:39.685Z] [ALL] 06-15 12:12:39.145  1854  1866 W System  : A resource failed to call release. 
[2026-06-15T06:42:39.685Z] [ALL] 06-15 12:12:39.145  1854  1866 W System  : A resource failed to call release. 
[2026-06-15T06:42:39.686Z] [ALL] 06-15 12:12:39.146  1854  1866 W System  : A resource failed to call release. 
[2026-06-15T06:42:39.686Z] [ALL] 06-15 12:12:39.146  1854  1866 W System  : A resource failed to call release. 
[2026-06-15T06:42:39.687Z] [ALL] 06-15 12:12:39.146  1854  1866 W System  : A resource failed to call release. 
[2026-06-15T06:42:39.687Z] [ALL] 06-15 12:12:39.146  1854  1866 W System  : A resource failed to call release. 
[2026-06-15T06:42:39.687Z] [ALL] 06-15 12:12:39.146  1854  1866 W System  : A resource failed to call release. 
[2026-06-15T06:42:39.690Z] [ALL] 06-15 12:12:39.153  4410  4442 I QueryController: Matched selector: UiSelector[CLASS=android.widget.EditText, INSTANCE=0] <<==>> [android.view.accessibility.AccessibilityNodeInfo@a899; boundsInParent: Rect(0, 0 - 0, 0); boundsInScreen: Rect(102, 1104 - 978, 1281); packageName: com.safebank.ai; className: android.widget.EditText; text: testotp@safebank.aiinvalidemail; error: null; maxTextLength: -1; stateDescription: null; contentDescription: null; tooltipText: null; viewIdResName: null; uniqueId: null; checkable: false; checked: false; focusable: false; focused: false; selected: false; clickable: true; longClickable: true; contextClickable: false; enabled: false; password: false; scrollable: false; importantForAccessibility: true; visible: true; actions: [AccessibilityAction: ACTION_NEXT_AT_MOVEMENT_GRANULARITY - null, AccessibilityAction: ACTION_PREVIOUS_AT_MOVEMENT_GRANULARITY - null, AccessibilityAction: ACTION_ACCESSIBILITY_FOCUS - null, AccessibilityAction: ACTION_SET_SELECTION - null]; isTextSelectable: false]
[2026-06-15T06:42:39.692Z] [ALL] 06-15 12:12:39.153  4410  4442 D UiObject: Setting text to ''.
[2026-06-15T06:42:39.692Z] [ALL] 06-15 12:12:39.154  1854  2944 D PowerManagerService: userActivityNoUpdateLocked: groupId=0, eventTime=10698196, event=3, flags=0x0, uid=1000
[2026-06-15T06:42:39.716Z] [ALL] 06-15 12:12:39.180  4410  4442 I QueryController: Matched selector: UiSelector[CLASS=android.widget.EditText, INSTANCE=0] <<==>> [android.view.accessibility.AccessibilityNodeInfo@a899; boundsInParent: Rect(0, 0 - 0, 0); boundsInScreen: Rect(102, 1104 - 978, 1281); packageName: com.safebank.ai; className: android.widget.EditText; text: testotp@safebank.aiinvalidemail; error: null; maxTextLength: -1; stateDescription: null; contentDescription: null; tooltipText: null; viewIdResName: null; uniqueId: null; checkable: false; checked: false; focusable: false; focused: false; selected: false; clickable: true; longClickable: true; contextClickable: false; enabled: false; password: false; scrollable: false; importantForAccessibility: true; visible: true; actions: [AccessibilityAction: ACTION_NEXT_AT_MOVEMENT_GRANULARITY - null, AccessibilityAction: ACTION_PREVIOUS_AT_MOVEMENT_GRANULARITY - null, AccessibilityAction: ACTION_ACCESSIBILITY_FOCUS - null, AccessibilityAction: ACTION_SET_SELECTION - null]; isTextSelectable: false]
[2026-06-15T06:42:39.727Z] [ALL] 06-15 12:12:39.191  2850  2850 D OplusTelephonyController: onSignalStrengthChanged: SignalStrength=SignalStrength:{mCdma=CellSignalStrengthCdma: cdmaDbm=2147483647 cdmaEcio=2147483647 evdoDbm=2147483647 evdoEcio=2147483647 evdoSnr=2147483647 level=0,mGsm=CellSignalStrengthGsm: rssi=2147483647 ber=2147483647 mTa=2147483647 mLevel=0,mWcdma=CellSignalStrengthWcdma: ss=2147483647 ber=2147483647 rscp=2147483647 ecno=2147483647 level=0,mTdscdma=CellSignalStrengthTdscdma: rssi=2147483647 ber=2147483647 rscp=2147483647 level=0,mLte=CellSignalStrengthLte: rssi=-111 rsrp=-128 rsrq=-17 rssnr=-5 cqiTableIndex=2147483647 cqi=0 ta=0 level=1 parametersUseForLevel=0,mNr=CellSignalStrengthNr:{ csiRsrp = 2147483647 csiRsrq = 2147483647 csiCqiTableIndex = 2147483647 csiCqiReport = [] ssRsrp = 2147483647 ssRsrq = 2147483647 ssSinr = 2147483647 level = 0 parametersUseForLevel = 0 },primary=CellSignalStrengthLte}, phoneId=0, mMtkLevel=0, mMtkRsrpOnly=false, mMtkLteRsrpThreshold=null, mMtkLteRssnrThreshold=null
[2026-06-15T06:42:39.727Z] [ALL] 06-15 12:12:39.192  4410  4442 I QueryController: Matched selector: UiSelector[CLASS=android.widget.EditText, INSTANCE=0] <<==>> [android.view.accessibility.AccessibilityNodeInfo@a899; boundsInParent: Rect(0, 0 - 0, 0); boundsInScreen: Rect(102, 1104 - 978, 1281); packageName: com.safebank.ai; className: android.widget.EditText; text: testotp@safebank.aiinvalidemail; error: null; maxTextLength: -1; stateDescription: null; contentDescription: null; tooltipText: null; viewIdResName: null; uniqueId: null; checkable: false; checked: false; focusable: false; focused: false; selected: false; clickable: true; longClickable: true; contextClickable: false; enabled: false; password: false; scrollable: false; importantForAccessibility: true; visible: true; actions: [AccessibilityAction: ACTION_NEXT_AT_MOVEMENT_GRANULARITY - null, AccessibilityAction: ACTION_PREVIOUS_AT_MOVEMENT_GRANULARITY - null, AccessibilityAction: ACTION_ACCESSIBILITY_FOCUS - null, AccessibilityAction: ACTION_SET_SELECTION - null]; isTextSelectable: false]
[2026-06-15T06:42:39.729Z] [ALL] 06-15 12:12:39.194  1854  3203 D PowerManagerService: userActivityNoUpdateLocked: groupId=0, eventTime=10698235, event=3, flags=0x0, uid=1000
[2026-06-15T06:42:39.738Z] [ALL] 06-15 12:12:39.203  4410  4442 I appium  : AppiumResponse: {"sessionId":"f52e8ec1-73bf-4361-bb99-ba7f0d7a5903","value":{"error":"invalid element state","message":"Cannot set the element to 'demo@safebank.ai'. Did you interact with the correct element?","stacktrace":"io.appium.uiautomator2.common.exceptions.InvalidElementStateException: Cannot set the element to 'demo@safebank.ai'. Did you interact with the correct element?\n\tat io.appium.uiautomator2.handler.SendKeysToElement.setText(SendKeysToElement.java:87)\n\tat io.appium.uiautomator2.handler.SendKeysToElement.safeHandle(SendKeysToElement.java:115)\n\tat io.appium.uiautomator2.handler.request.SafeRequestHandler.handle(SafeRequestHandler.java:59)\n\tat io.appium.uiautomator2.server.AppiumServlet.handleRequest(AppiumServlet.java:267)\n\tat io.appium.uiautomator2.server.AppiumServlet.handleHttpRequest(AppiumServlet.java:261)\n\tat io.appium.uiautomator2.http.ServerHandler.channelRead(ServerHandler.java:77)\n\tat io.netty.channel.AbstractChannelHandlerContext.fireChannelRead(AbstractChannelHandlerContext.java:357)\n\tat io.netty.handler.codec.MessageToMessageDecoder.channelRead(MessageToMessageDecoder.java:107)\n\tat io.netty.channel.AbstractChannelHandlerContext.fireChannelRead(AbstractChannelHandlerContext.java:357)\n\tat io.netty.channel.CombinedChannelDuplexHandler$DelegatingChannelHandlerContext.fireChannelRead(CombinedChannelDuplexHandler.java:434)\n\tat io.netty.handler.codec.ByteToMessageDecoder.fireChannelRead(ByteToMessageDecoder.java:361)\n\tat io.netty.handler.codec.ByteToMessageDecoder.channelRead(ByteToMessageDecoder.java:325)\n\tat io.netty.channel.CombinedChannelDuplexHandler.channelRead(CombinedChannelDuplexHandler.java:249)\n\tat io.netty.channel.AbstractChannelHandlerContext.fireChannelRead(AbstractChannelHandlerContext.java:355)\n\tat io.netty.handler.timeout.IdleStateHandler.channelRead(IdleStateHandler.java:288)\n\tat io.netty.channel.AbstractChannelHandlerContext.fireChannelRead(AbstractChannelHandlerContext.java:355)\n\tat io.netty.channel.DefaultChannelPipeline$HeadContext.channelRead(DefaultChannelPipeline.java:1429)\n\tat io.netty.channel.DefaultChannelPipeline.fireChannelRead(DefaultChannelPipeline.java:918)\n\tat io.netty.channel.nio.AbstractNioByteChannel$NioByteUnsafe.read(AbstractNioByteChannel.java:176)\n\tat io.netty.channel.nio.AbstractNioChannel$AbstractNioUnsafe.handle(AbstractNioChannel.java:445)\n\tat io.netty.channel.nio.NioIoHandler$DefaultNioRegistration.handle(NioIoHandler.java:388)\n\tat io.netty.channel.nio.NioIoHandler.processSelectedKey(NioIoHandler.java:596)\n\tat io.netty.channel.nio.NioIoHandler.processSelectedKeysOptimized(NioIoHandler.java:571)\n\tat io.netty.channel.nio.NioIoHandler.processSelectedKeys(NioIoHandler.java:512)\n\tat io.netty.channel.nio.NioIoHandler.run(NioIoHandler.java:484)\n\tat io.netty.channel.SingleThreadIoEventLoop.runIo(SingleThreadIoEventLoop.java:225)\n\tat io.netty.channel.SingleThreadIoEventLoop.run(SingleThreadIoEventLoop.java:196)\n\tat io.netty.util.concurrent.SingleThreadEventExecutor$5.run(SingleThreadEventExecutor.java:1195)\n\tat io.netty.util.internal.ThreadExecutorMap$2.run(ThreadExecutorMap.java:74)\n\tat io.netty.util.concurrent.FastThreadLocalRunnable.run(FastThreadLocalRunnable.java:30)\n\tat java.lang.Thread.run(Thread.java:1572)\n"}}
[2026-06-15T06:42:39.743Z] [ALL] 06-15 12:12:39.208  1191  1247 D SurfaceFlinger: kickIdle 996, 972, 35, 0
[2026-06-15T06:42:39.743Z] [ALL] 06-15 12:12:39.209  1062  1156 E hwcomposer: [DRMDEV] DRM_IOCTL_MTK_KICK_IDLE failed, drm_id_crtc: 64, error: -1  
[2026-06-15T06:42:39.784Z] [ALL] 06-15 12:12:39.245  4410  4442 I appium  : channel read: POST /session/f52e8ec1-73bf-4361-bb99-ba7f0d7a5903/element/00000000-0000-0085-0000-012f00000004/value
[2026-06-15T06:42:39.784Z] [ALL] 06-15 12:12:39.247  4410  4442 I appium  : SendKeysToElement command
[2026-06-15T06:42:39.786Z] [ALL] 06-15 12:12:39.252  4410  4442 I QueryController: Matched selector: UiSelector[CLASS=android.widget.EditText, INSTANCE=0] <<==>> [android.view.accessibility.AccessibilityNodeInfo@a899; boundsInParent: Rect(0, 0 - 0, 0); boundsInScreen: Rect(102, 1104 - 978, 1281); packageName: com.safebank.ai; className: android.widget.EditText; text: testotp@safebank.aiinvalidemail; error: null; maxTextLength: -1; stateDescription: null; contentDescription: null; tooltipText: null; viewIdResName: null; uniqueId: null; checkable: false; checked: false; focusable: false; focused: false; selected: false; clickable: true; longClickable: true; contextClickable: false; enabled: false; password: false; scrollable: false; importantForAccessibility: true; visible: true; actions: [AccessibilityAction: ACTION_NEXT_AT_MOVEMENT_GRANULARITY - null, AccessibilityAction: ACTION_PREVIOUS_AT_MOVEMENT_GRANULARITY - null, AccessibilityAction: ACTION_ACCESSIBILITY_FOCUS - null, AccessibilityAction: ACTION_SET_SELECTION - null]; isTextSelectable: false]
[2026-06-15T06:42:39.800Z] [ALL] 06-15 12:12:39.264  4410  4442 I QueryController: Matched selector: UiSelector[CLASS=android.widget.EditText, INSTANCE=0] <<==>> [android.view.accessibility.AccessibilityNodeInfo@a899; boundsInParent: Rect(0, 0 - 0, 0); boundsInScreen: Rect(102, 1104 - 978, 1281); packageName: com.safebank.ai; className: android.widget.EditText; text: testotp@safebank.aiinvalidemail; error: null; maxTextLength: -1; stateDescription: null; contentDescription: null; tooltipText: null; viewIdResName: null; uniqueId: null; checkable: false; checked: false; focusable: false; focused: false; selected: false; clickable: true; longClickable: true; contextClickable: false; enabled: false; password: false; scrollable: false; importantForAccessibility: true; visible: true; actions: [AccessibilityAction: ACTION_NEXT_AT_MOVEMENT_GRANULARITY - null, AccessibilityAction: ACTION_PREVIOUS_AT_MOVEMENT_GRANULARITY - null, AccessibilityAction: ACTION_ACCESSIBILITY_FOCUS - null, AccessibilityAction: ACTION_SET_SELECTION - null]; isTextSelectable: false]
[2026-06-15T06:42:39.805Z] [ALL] 06-15 12:12:39.270  4410  4442 I QueryController: Matched selector: UiSelector[CLASS=android.widget.EditText, INSTANCE=0] <<==>> [android.view.accessibility.AccessibilityNodeInfo@a899; boundsInParent: Rect(0, 0 - 0, 0); boundsInScreen: Rect(102, 1104 - 978, 1281); packageName: com.safebank.ai; className: android.widget.EditText; text: testotp@safebank.aiinvalidemail; error: null; maxTextLength: -1; stateDescription: null; contentDescription: null; tooltipText: null; viewIdResName: null; uniqueId: null; checkable: false; checked: false; focusable: false; focused: false; selected: false; clickable: true; longClickable: true; contextClickable: false; enabled: false; password: false; scrollable: false; importantForAccessibility: true; visible: true; actions: [AccessibilityAction: ACTION_NEXT_AT_MOVEMENT_GRANULARITY - null, AccessibilityAction: ACTION_PREVIOUS_AT_MOVEMENT_GRANULARITY - null, AccessibilityAction: ACTION_ACCESSIBILITY_FOCUS - null, AccessibilityAction: ACTION_SET_SELECTION - null]; isTextSelectable: false]
[2026-06-15T06:42:39.814Z] [ALL] 06-15 12:12:39.279  4410  4442 I QueryController: Matched selector: UiSelector[CLASS=android.widget.EditText, INSTANCE=0] <<==>> [android.view.accessibility.AccessibilityNodeInfo@a899; boundsInParent: Rect(0, 0 - 0, 0); boundsInScreen: Rect(102, 1104 - 978, 1281); packageName: com.safebank.ai; className: android.widget.EditText; text: testotp@safebank.aiinvalidemail; error: null; maxTextLength: -1; stateDescription: null; contentDescription: null; tooltipText: null; viewIdResName: null; uniqueId: null; checkable: false; checked: false; focusable: false; focused: false; selected: false; clickable: true; longClickable: true; contextClickable: false; enabled: false; password: false; scrollable: false; importantForAccessibility: true; visible: true; actions: [AccessibilityAction: ACTION_NEXT_AT_MOVEMENT_GRANULARITY - null, AccessibilityAction: ACTION_PREVIOUS_AT_MOVEMENT_GRANULARITY - null, AccessibilityAction: ACTION_ACCESSIBILITY_FOCUS - null, AccessibilityAction: ACTION_SET_SELECTION - null]; isTextSelectable: false]
[2026-06-15T06:42:39.815Z] [ALL] 06-15 12:12:39.279  4410  4442 D UiObject: Setting text to ''.
[2026-06-15T06:42:39.817Z] [ALL] 06-15 12:12:39.280  1854  3203 D PowerManagerService: userActivityNoUpdateLocked: groupId=0, eventTime=10698321, event=3, flags=0x0, uid=1000
[2026-06-15T06:42:39.825Z] [ALL] 06-15 12:12:39.289  4410  4442 I QueryController: Matched selector: UiSelector[CLASS=android.widget.EditText, INSTANCE=0] <<==>> [android.view.accessibility.AccessibilityNodeInfo@a899; boundsInParent: Rect(0, 0 - 0, 0); boundsInScreen: Rect(102, 1104 - 978, 1281); packageName: com.safebank.ai; className: android.widget.EditText; text: testotp@safebank.aiinvalidemail; error: null; maxTextLength: -1; stateDescription: null; contentDescription: null; tooltipText: null; viewIdResName: null; uniqueId: null; checkable: false; checked: false; focusable: false; focused: false; selected: false; clickable: true; longClickable: true; contextClickable: false; enabled: false; password: false; scrollable: false; importantForAccessibility: true; visible: true; actions: [AccessibilityAction: ACTION_NEXT_AT_MOVEMENT_GRANULARITY - null, AccessibilityAction: ACTION_PREVIOUS_AT_MOVEMENT_GRANULARITY - null, AccessibilityAction: ACTION_ACCESSIBILITY_FOCUS - null, AccessibilityAction: ACTION_SET_SELECTION - null]; isTextSelectable: false]
[2026-06-15T06:42:39.834Z] [ALL] 06-15 12:12:39.299  4410  4442 I QueryController: Matched selector: UiSelector[CLASS=android.widget.EditText, INSTANCE=0] <<==>> [android.view.accessibility.AccessibilityNodeInfo@a899; boundsInParent: Rect(0, 0 - 0, 0); boundsInScreen: Rect(102, 1104 - 978, 1281); packageName: com.safebank.ai; className: android.widget.EditText; text: testotp@safebank.aiinvalidemail; error: null; maxTextLength: -1; stateDescription: null; contentDescription: null; tooltipText: null; viewIdResName: null; uniqueId: null; checkable: false; checked: false; focusable: false; focused: false; selected: false; clickable: true; longClickable: true; contextClickable: false; enabled: false; password: false; scrollable: false; importantForAccessibility: true; visible: true; actions: [AccessibilityAction: ACTION_NEXT_AT_MOVEMENT_GRANULARITY - null, AccessibilityAction: ACTION_PREVIOUS_AT_MOVEMENT_GRANULARITY - null, AccessibilityAction: ACTION_ACCESSIBILITY_FOCUS - null, AccessibilityAction: ACTION_SET_SELECTION - null]; isTextSelectable: false]
[2026-06-15T06:42:39.836Z] [ALL] 06-15 12:12:39.300  1854  3203 D PowerManagerService: userActivityNoUpdateLocked: groupId=0, eventTime=10698341, event=3, flags=0x0, uid=1000
[2026-06-15T06:42:39.843Z] [ALL] 06-15 12:12:39.308  4410  4442 I appium  : AppiumResponse: {"sessionId":"f52e8ec1-73bf-4361-bb99-ba7f0d7a5903","value":{"error":"invalid element state","message":"Cannot set the element to 'demo@safebank.ai'. Did you interact with the correct element?","stacktrace":"io.appium.uiautomator2.common.exceptions.InvalidElementStateException: Cannot set the element to 'demo@safebank.ai'. Did you interact with the correct element?\n\tat io.appium.uiautomator2.handler.SendKeysToElement.setText(SendKeysToElement.java:87)\n\tat io.appium.uiautomator2.handler.SendKeysToElement.safeHandle(SendKeysToElement.java:115)\n\tat io.appium.uiautomator2.handler.request.SafeRequestHandler.handle(SafeRequestHandler.java:59)\n\tat io.appium.uiautomator2.server.AppiumServlet.handleRequest(AppiumServlet.java:267)\n\tat io.appium.uiautomator2.server.AppiumServlet.handleHttpRequest(AppiumServlet.java:261)\n\tat io.appium.uiautomator2.http.ServerHandler.channelRead(ServerHandler.java:77)\n\tat io.netty.channel.AbstractChannelHandlerContext.fireChannelRead(AbstractChannelHandlerContext.java:357)\n\tat io.netty.handler.codec.MessageToMessageDecoder.channelRead(MessageToMessageDecoder.java:107)\n\tat io.netty.channel.AbstractChannelHandlerContext.fireChannelRead(AbstractChannelHandlerContext.java:357)\n\tat io.netty.channel.CombinedChannelDuplexHandler$DelegatingChannelHandlerContext.fireChannelRead(CombinedChannelDuplexHandler.java:434)\n\tat io.netty.handler.codec.ByteToMessageDecoder.fireChannelRead(ByteToMessageDecoder.java:361)\n\tat io.netty.handler.codec.ByteToMessageDecoder.channelRead(ByteToMessageDecoder.java:325)\n\tat io.netty.channel.CombinedChannelDuplexHandler.channelRead(CombinedChannelDuplexHandler.java:249)\n\tat io.netty.channel.AbstractChannelHandlerContext.fireChannelRead(AbstractChannelHandlerContext.java:355)\n\tat io.netty.handler.timeout.IdleStateHandler.channelRead(IdleStateHandler.java:288)\n\tat io.netty.channel.AbstractChannelHandlerContext.fireChannelRead(AbstractChannelHandlerContext.java:355)\n\tat io.netty.channel.DefaultChannelPipeline$HeadContext.channelRead(DefaultChannelPipeline.java:1429)\n\tat io.netty.channel.DefaultChannelPipeline.fireChannelRead(DefaultChannelPipeline.java:918)\n\tat io.netty.channel.nio.AbstractNioByteChannel$NioByteUnsafe.read(AbstractNioByteChannel.java:176)\n\tat io.netty.channel.nio.AbstractNioChannel$AbstractNioUnsafe.handle(AbstractNioChannel.java:445)\n\tat io.netty.channel.nio.NioIoHandler$DefaultNioRegistration.handle(NioIoHandler.java:388)\n\tat io.netty.channel.nio.NioIoHandler.processSelectedKey(NioIoHandler.java:596)\n\tat io.netty.channel.nio.NioIoHandler.processSelectedKeysOptimized(NioIoHandler.java:571)\n\tat io.netty.channel.nio.NioIoHandler.processSelectedKeys(NioIoHandler.java:512)\n\tat io.netty.channel.nio.NioIoHandler.run(NioIoHandler.java:484)\n\tat io.netty.channel.SingleThreadIoEventLoop.runIo(SingleThreadIoEventLoop.java:225)\n\tat io.netty.channel.SingleThreadIoEventLoop.run(SingleThreadIoEventLoop.java:196)\n\tat io.netty.util.concurrent.SingleThreadEventExecutor$5.run(SingleThreadEventExecutor.java:1195)\n\tat io.netty.util.internal.ThreadExecutorMap$2.run(ThreadExecutorMap.java:74)\n\tat io.netty.util.concurrent.FastThreadLocalRunnable.run(FastThreadLocalRunnable.java:30)\n\tat java.lang.Thread.run(Thread.java:1572)\n"}}
[2026-06-15T06:42:39.918Z] [ALL] 06-15 12:12:39.379  4410  4442 I appium  : channel read: POST /session/f52e8ec1-73bf-4361-bb99-ba7f0d7a5903/element/00000000-0000-0085-0000-012f00000004/value
[2026-06-15T06:42:39.918Z] [ALL] 06-15 12:12:39.381  4410  4442 I appium  : SendKeysToElement command
[2026-06-15T06:42:39.921Z] [ALL] 06-15 12:12:39.386  4410  4442 I QueryController: Matched selector: UiSelector[CLASS=android.widget.EditText, INSTANCE=0] <<==>> [android.view.accessibility.AccessibilityNodeInfo@a899; boundsInParent: Rect(0, 0 - 0, 0); boundsInScreen: Rect(102, 1104 - 978, 1281); packageName: com.safebank.ai; className: android.widget.EditText; text: testotp@safebank.aiinvalidemail; error: null; maxTextLength: -1; stateDescription: null; contentDescription: null; tooltipText: null; viewIdResName: null; uniqueId: null; checkable: false; checked: false; focusable: false; focused: false; selected: false; clickable: true; longClickable: true; contextClickable: false; enabled: false; password: false; scrollable: false; importantForAccessibility: true; visible: true; actions: [AccessibilityAction: ACTION_NEXT_AT_MOVEMENT_GRANULARITY - null, AccessibilityAction: ACTION_PREVIOUS_AT_MOVEMENT_GRANULARITY - null, AccessibilityAction: ACTION_ACCESSIBILITY_FOCUS - null, AccessibilityAction: ACTION_SET_SELECTION - null]; isTextSelectable: false]
[2026-06-15T06:42:39.934Z] [ALL] 06-15 12:12:39.399  4410  4442 I QueryController: Matched selector: UiSelector[CLASS=android.widget.EditText, INSTANCE=0] <<==>> [android.view.accessibility.AccessibilityNodeInfo@a899; boundsInParent: Rect(0, 0 - 0, 0); boundsInScreen: Rect(102, 1104 - 978, 1281); packageName: com.safebank.ai; className: android.widget.EditText; text: testotp@safebank.aiinvalidemail; error: null; maxTextLength: -1; stateDescription: null; contentDescription: null; tooltipText: null; viewIdResName: null; uniqueId: null; checkable: false; checked: false; focusable: false; focused: false; selected: false; clickable: true; longClickable: true; contextClickable: false; enabled: false; password: false; scrollable: false; importantForAccessibility: true; visible: true; actions: [AccessibilityAction: ACTION_NEXT_AT_MOVEMENT_GRANULARITY - null, AccessibilityAction: ACTION_PREVIOUS_AT_MOVEMENT_GRANULARITY - null, AccessibilityAction: ACTION_ACCESSIBILITY_FOCUS - null, AccessibilityAction: ACTION_SET_SELECTION - null]; isTextSelectable: false]
[2026-06-15T06:42:39.940Z] [ALL] 06-15 12:12:39.405  4410  4442 I QueryController: Matched selector: UiSelector[CLASS=android.widget.EditText, INSTANCE=0] <<==>> [android.view.accessibility.AccessibilityNodeInfo@a899; boundsInParent: Rect(0, 0 - 0, 0); boundsInScreen: Rect(102, 1104 - 978, 1281); packageName: com.safebank.ai; className: android.widget.EditText; text: testotp@safebank.aiinvalidemail; error: null; maxTextLength: -1; stateDescription: null; contentDescription: null; tooltipText: null; viewIdResName: null; uniqueId: null; checkable: false; checked: false; focusable: false; focused: false; selected: false; clickable: true; longClickable: true; contextClickable: false; enabled: false; password: false; scrollable: false; importantForAccessibility: true; visible: true; actions: [AccessibilityAction: ACTION_NEXT_AT_MOVEMENT_GRANULARITY - null, AccessibilityAction: ACTION_PREVIOUS_AT_MOVEMENT_GRANULARITY - null, AccessibilityAction: ACTION_ACCESSIBILITY_FOCUS - null, AccessibilityAction: ACTION_SET_SELECTION - null]; isTextSelectable: false]
[2026-06-15T06:42:39.950Z] [ALL] 06-15 12:12:39.415  4410  4442 I QueryController: Matched selector: UiSelector[CLASS=android.widget.EditText, INSTANCE=0] <<==>> [android.view.accessibility.AccessibilityNodeInfo@a899; boundsInParent: Rect(0, 0 - 0, 0); boundsInScreen: Rect(102, 1104 - 978, 1281); packageName: com.safebank.ai; className: android.widget.EditText; text: testotp@safebank.aiinvalidemail; error: null; maxTextLength: -1; stateDescription: null; contentDescription: null; tooltipText: null; viewIdResName: null; uniqueId: null; checkable: false; checked: false; focusable: false; focused: false; selected: false; clickable: true; longClickable: true; contextClickable: false; enabled: false; password: false; scrollable: false; importantForAccessibility: true; visible: true; actions: [AccessibilityAction: ACTION_NEXT_AT_MOVEMENT_GRANULARITY - null, AccessibilityAction: ACTION_PREVIOUS_AT_MOVEMENT_GRANULARITY - null, AccessibilityAction: ACTION_ACCESSIBILITY_FOCUS - null, AccessibilityAction: ACTION_SET_SELECTION - null]; isTextSelectable: false]
[2026-06-15T06:42:39.952Z] [ALL] 06-15 12:12:39.415  4410  4442 D UiObject: Setting text to ''.
[2026-06-15T06:42:39.952Z] [ALL] 06-15 12:12:39.416  1854  2501 D PowerManagerService: userActivityNoUpdateLocked: groupId=0, eventTime=10698457, event=3, flags=0x0, uid=1000
[2026-06-15T06:42:39.986Z] [ALL] 06-15 12:12:39.450  4410  4442 I QueryController: Matched selector: UiSelector[CLASS=android.widget.EditText, INSTANCE=0] <<==>> [android.view.accessibility.AccessibilityNodeInfo@a899; boundsInParent: Rect(0, 0 - 0, 0); boundsInScreen: Rect(102, 1104 - 978, 1281); packageName: com.safebank.ai; className: android.widget.EditText; text: testotp@safebank.aiinvalidemail; error: null; maxTextLength: -1; stateDescription: null; contentDescription: null; tooltipText: null; viewIdResName: null; uniqueId: null; checkable: false; checked: false; focusable: false; focused: false; selected: false; clickable: true; longClickable: true; contextClickable: false; enabled: false; password: false; scrollable: false; importantForAccessibility: true; visible: true; actions: [AccessibilityAction: ACTION_NEXT_AT_MOVEMENT_GRANULARITY - null, AccessibilityAction: ACTION_PREVIOUS_AT_MOVEMENT_GRANULARITY - null, AccessibilityAction: ACTION_ACCESSIBILITY_FOCUS - null, AccessibilityAction: ACTION_SET_SELECTION - null]; isTextSelectable: false]
[2026-06-15T06:42:39.997Z] [ALL] 06-15 12:12:39.462  4410  4442 I QueryController: Matched selector: UiSelector[CLASS=android.widget.EditText, INSTANCE=0] <<==>> [android.view.accessibility.AccessibilityNodeInfo@a899; boundsInParent: Rect(0, 0 - 0, 0); boundsInScreen: Rect(102, 1104 - 978, 1281); packageName: com.safebank.ai; className: android.widget.EditText; text: testotp@safebank.aiinvalidemail; error: null; maxTextLength: -1; stateDescription: null; contentDescription: null; tooltipText: null; viewIdResName: null; uniqueId: null; checkable: false; checked: false; focusable: false; focused: false; selected: false; clickable: true; longClickable: true; contextClickable: false; enabled: false; password: false; scrollable: false; importantForAccessibility: true; visible: true; actions: [AccessibilityAction: ACTION_NEXT_AT_MOVEMENT_GRANULARITY - null, AccessibilityAction: ACTION_PREVIOUS_AT_MOVEMENT_GRANULARITY - null, AccessibilityAction: ACTION_ACCESSIBILITY_FOCUS - null, AccessibilityAction: ACTION_SET_SELECTION - null]; isTextSelectable: false]
[2026-06-15T06:42:39.999Z] [ALL] 06-15 12:12:39.463  1854  2501 D PowerManagerService: userActivityNoUpdateLocked: groupId=0, eventTime=10698504, event=3, flags=0x0, uid=1000
[2026-06-15T06:42:40.009Z] [ALL] 06-15 12:12:39.472  1854  1880 D AES     : AEEIOCTL_GET/SET_SF_STATE IOCTL,cmd= 1074294797, lParam=0. 
[2026-06-15T06:42:40.011Z] [ALL] 06-15 12:12:39.472  1854  1880 D AES     : AEEIOCTL_RT_MON_Kick IOCTL,cmd= 2147774474, lParam=300. 
[2026-06-15T06:42:40.023Z] [ALL] 06-15 12:12:39.487  4410  4442 I appium  : AppiumResponse: {"sessionId":"f52e8ec1-73bf-4361-bb99-ba7f0d7a5903","value":{"error":"invalid element state","message":"Cannot set the element to 'demo@safebank.ai'. Did you interact with the correct element?","stacktrace":"io.appium.uiautomator2.common.exceptions.InvalidElementStateException: Cannot set the element to 'demo@safebank.ai'. Did you interact with the correct element?\n\tat io.appium.uiautomator2.handler.SendKeysToElement.setText(SendKeysToElement.java:87)\n\tat io.appium.uiautomator2.handler.SendKeysToElement.safeHandle(SendKeysToElement.java:115)\n\tat io.appium.uiautomator2.handler.request.SafeRequestHandler.handle(SafeRequestHandler.java:59)\n\tat io.appium.uiautomator2.server.AppiumServlet.handleRequest(AppiumServlet.java:267)\n\tat io.appium.uiautomator2.server.AppiumServlet.handleHttpRequest(AppiumServlet.java:261)\n\tat io.appium.uiautomator2.http.ServerHandler.channelRead(ServerHandler.java:77)\n\tat io.netty.channel.AbstractChannelHandlerContext.fireChannelRead(AbstractChannelHandlerContext.java:357)\n\tat io.netty.handler.codec.MessageToMessageDecoder.channelRead(MessageToMessageDecoder.java:107)\n\tat io.netty.channel.AbstractChannelHandlerContext.fireChannelRead(AbstractChannelHandlerContext.java:357)\n\tat io.netty.channel.CombinedChannelDuplexHandler$DelegatingChannelHandlerContext.fireChannelRead(CombinedChannelDuplexHandler.java:434)\n\tat io.netty.handler.codec.ByteToMessageDecoder.fireChannelRead(ByteToMessageDecoder.java:361)\n\tat io.netty.handler.codec.ByteToMessageDecoder.channelRead(ByteToMessageDecoder.java:325)\n\tat io.netty.channel.CombinedChannelDuplexHandler.channelRead(CombinedChannelDuplexHandler.java:249)\n\tat io.netty.channel.AbstractChannelHandlerContext.fireChannelRead(AbstractChannelHandlerContext.java:355)\n\tat io.netty.handler.timeout.IdleStateHandler.channelRead(IdleStateHandler.java:288)\n\tat io.netty.channel.AbstractChannelHandlerContext.fireChannelRead(AbstractChannelHandlerContext.java:355)\n\tat io.netty.channel.DefaultChannelPipeline$HeadContext.channelRead(DefaultChannelPipeline.java:1429)\n\tat io.netty.channel.DefaultChannelPipeline.fireChannelRead(DefaultChannelPipeline.java:918)\n\tat io.netty.channel.nio.AbstractNioByteChannel$NioByteUnsafe.read(AbstractNioByteChannel.java:176)\n\tat io.netty.channel.nio.AbstractNioChannel$AbstractNioUnsafe.handle(AbstractNioChannel.java:445)\n\tat io.netty.channel.nio.NioIoHandler$DefaultNioRegistration.handle(NioIoHandler.java:388)\n\tat io.netty.channel.nio.NioIoHandler.processSelectedKey(NioIoHandler.java:596)\n\tat io.netty.channel.nio.NioIoHandler.processSelectedKeysOptimized(NioIoHandler.java:571)\n\tat io.netty.channel.nio.NioIoHandler.processSelectedKeys(NioIoHandler.java:512)\n\tat io.netty.channel.nio.NioIoHandler.run(NioIoHandler.java:484)\n\tat io.netty.channel.SingleThreadIoEventLoop.runIo(SingleThreadIoEventLoop.java:225)\n\tat io.netty.channel.SingleThreadIoEventLoop.run(SingleThreadIoEventLoop.java:196)\n\tat io.netty.util.concurrent.SingleThreadEventExecutor$5.run(SingleThreadEventExecutor.java:1195)\n\tat io.netty.util.internal.ThreadExecutorMap$2.run(ThreadExecutorMap.java:74)\n\tat io.netty.util.concurrent.FastThreadLocalRunnable.run(FastThreadLocalRunnable.java:30)\n\tat java.lang.Thread.run(Thread.java:1572)\n"}}
[2026-06-15T06:42:40.058Z] [ALL] 06-15 12:12:39.523  4410  4442 I appium  : channel read: GET /session/f52e8ec1-73bf-4361-bb99-ba7f0d7a5903/screenshot
[2026-06-15T06:42:40.061Z] [ALL] 06-15 12:12:39.526  4410  4442 I appium  : CaptureScreenshot command
[2026-06-15T06:42:40.062Z] [ALL] 06-15 12:12:39.527  4410  4442 E tomator2.server: hiddenapi: Accessing hidden method Landroid/view/Display;->getAddress()Landroid/view/DisplayAddress; (runtime_flags=0, domain=platform, api=blocked) from Lio/appium/uiautomator2/utils/ReflectionUtils; (domain=app, TargetSdkVersion=34) using reflection: denied
[2026-06-15T06:42:40.066Z] [ALL] 06-15 12:12:39.531  4410  4442 E appium  : Unable to retrieve physicalDisplayId
[2026-06-15T06:42:40.066Z] [ALL] 06-15 12:12:39.531  4410  4442 E appium  : io.appium.uiautomator2.common.exceptions.UiAutomator2Exception: Cannot get method getAddress from class android.view.Display with parameter types []
[2026-06-15T06:42:40.066Z] [ALL] 06-15 12:12:39.531  4410  4442 E appium  : 	at io.appium.uiautomator2.utils.ReflectionUtils.getMethod(ReflectionUtils.java:97)
[2026-06-15T06:42:40.066Z] [ALL] 06-15 12:12:39.531  4410  4442 E appium  : 	at io.appium.uiautomator2.utils.DisplayIdHelper.tryGetUsingAddress(DisplayIdHelper.java:98)
[2026-06-15T06:42:40.066Z] [ALL] 06-15 12:12:39.531  4410  4442 E appium  : 	at io.appium.uiautomator2.utils.DisplayIdHelper.getPhysicalDisplayId(DisplayIdHelper.java:51)
[2026-06-15T06:42:40.066Z] [ALL] 06-15 12:12:39.531  4410  4442 E appium  : 	at io.appium.uiautomator2.utils.ScreenshotHelper.extractScreencapDisplayId(ScreenshotHelper.java:145)
[2026-06-15T06:42:40.066Z] [ALL] 06-15 12:12:39.531  4410  4442 E appium  : 	at io.appium.uiautomator2.utils.ScreenshotHelper.takeDeviceScreenshot(ScreenshotHelper.java:114)
[2026-06-15T06:42:40.066Z] [ALL] 06-15 12:12:39.531  4410  4442 E appium  : 	at io.appium.uiautomator2.utils.ScreenshotHelper.takeScreenshot(ScreenshotHelper.java:60)
[2026-06-15T06:42:40.066Z] [ALL] 06-15 12:12:39.531  4410  4442 E appium  : 	at io.appium.uiautomator2.utils.ScreenshotHelper.takeScreenshot(ScreenshotHelper.java:77)
[2026-06-15T06:42:40.066Z] [ALL] 06-15 12:12:39.531  4410  4442 E appium  : 	at io.appium.uiautomator2.handler.CaptureScreenshot.safeHandle(CaptureScreenshot.java:32)
[2026-06-15T06:42:40.066Z] [ALL] 06-15 12:12:39.531  4410  4442 E appium  : 	at io.appium.uiautomator2.handler.request.SafeRequestHandler.handle(SafeRequestHandler.java:59)
[2026-06-15T06:42:40.066Z] [ALL] 06-15 12:12:39.531  4410  4442 E appium  : 	at io.appium.uiautomator2.server.AppiumServlet.handleRequest(AppiumServlet.java:267)
[2026-06-15T06:42:40.066Z] [ALL] 06-15 12:12:39.531  4410  4442 E appium  : 	at io.appium.uiautomator2.server.AppiumServlet.handleHttpRequest(AppiumServlet.java:261)
[2026-06-15T06:42:40.066Z] [ALL] 06-15 12:12:39.531  4410  4442 E appium  : 	at io.appium.uiautomator2.http.ServerHandler.channelRead(ServerHandler.java:77)
[2026-06-15T06:42:40.066Z] [ALL] 06-15 12:12:39.531  4410  4442 E appium  : 	at io.netty.channel.AbstractChannelHandlerContext.fireChannelRead(AbstractChannelHandlerContext.java:357)
[2026-06-15T06:42:40.066Z] [ALL] 06-15 12:12:39.531  4410  4442 E appium  : 	at io.netty.handler.codec.MessageToMessageDecoder.channelRead(MessageToMessageDecoder.java:107)
[2026-06-15T06:42:40.066Z] [ALL] 06-15 12:12:39.531  4410  4442 E appium  : 	at io.netty.channel.AbstractChannelHandlerContext.fireChannelRead(AbstractChannelHandlerContext.java:357)
[2026-06-15T06:42:40.066Z] [ALL] 06-15 12:12:39.531  4410  4442 E appium  : 	at io.netty.channel.CombinedChannelDuplexHandler$DelegatingChannelHandlerContext.fireChannelRead(CombinedChannelDuplexHandler.java:434)
[2026-06-15T06:42:40.066Z] [ALL] 06-15 12:12:39.531  4410  4442 E appium  : 	at io.netty.handler.codec.ByteToMessageDecoder.fireChannelRead(ByteToMessageDecoder.java:361)
[2026-06-15T06:42:40.066Z] [ALL] 06-15 12:12:39.531  4410  4442 E appium  : 	at io.netty.handler.codec.ByteToMessageDecoder.channelRead(ByteToMessageDecoder.java:325)
[2026-06-15T06:42:40.066Z] [ALL] 06-15 12:12:39.531  4410  4442 E appium  : 	at io.netty.channel.CombinedChannelDuplexHandler.channelRead(CombinedChannelDuplexHandler.java:249)
[2026-06-15T06:42:40.066Z] [ALL] 06-15 12:12:39.531  4410  4442 E appium  : 	at io.netty.channel.AbstractChannelHandlerContext.fireChannelRead(AbstractChannelHandlerContext.java:355)
[2026-06-15T06:42:40.066Z] [ALL] 06-15 12:12:39.531  4410  4442 E appium  : 	at io.netty.handler.timeout.IdleStateHandler.channelRead(IdleStateHandler.java:288)
[2026-06-15T06:42:40.066Z] [ALL] 06-15 12:12:39.531  4410  4442 E appium  : 	at io.netty.channel.AbstractChannelHandlerContext.fireChannelRead(AbstractChannelHandlerContext.java:355)
[2026-06-15T06:42:40.066Z] [ALL] 06-15 12:12:39.531  4410  4442 E appium  : 	at io.netty.channel.DefaultChannelPipeline$HeadContext.channelRead(DefaultChannelPipeline.java:1429)
[2026-06-15T06:42:40.066Z] [ALL] 06-15 12:12:39.531  4410  4442 E appium  : 	at io.netty.channel.DefaultChannelPipeline.fireChannelRead(DefaultChannelPipeline.java:918)
[2026-06-15T06:42:40.066Z] [ALL] 06-15 12:12:39.531  4410  4442 E appium  : 	at io.netty.channel.nio.AbstractNioByteChannel$NioByteUnsafe.read(AbstractNioByteChannel.java:176)
[2026-06-15T06:42:40.066Z] [ALL] 06-15 12:12:39.531  4410  4442 E appium  : 	at io.netty.channel.nio.AbstractNioChannel$AbstractNioUnsafe.handle(AbstractNioChannel.java:445)
[2026-06-15T06:42:40.066Z] [ALL] 06-15 12:12:39.531  4410  4442 E appium  : 	at io.netty.channel.nio.NioIoHandler$DefaultNioRegistration.handle(NioIoHandler.java:388)
[2026-06-15T06:42:40.066Z] [ALL] 06-15 12:12:39.531  4410  4442 E appium  : 	at io.netty.channel.nio.NioIoHandler.processSelectedKey(NioIoHandler.java:596)
[2026-06-15T06:42:40.066Z] [ALL] 06-15 12:12:39.531  4410  4442 E appium  : 	at io.netty.channel.nio.NioIoHandler.processSelectedKeysOptimized(NioIoHandler.java:571)
[2026-06-15T06:42:40.066Z] [ALL] 06-15 12:12:39.531  4410  4442 E appium  : 	at io.netty.channel.nio.NioIoHandler.processSelectedKeys(NioIoHandler.java:512)
[2026-06-15T06:42:40.066Z] [ALL] 06-15 12:12:39.531  4410  4442 E appium  : 	at io.netty.channel.nio.NioIoHandler.run(NioIoHandler.java:484)
[2026-06-15T06:42:40.066Z] [ALL] 06-15 12:12:39.531  4410  4442 E appium  : 	at io.netty.channel.SingleThreadIoEventLoop.runIo(SingleThreadIoEventLoop.java:225)
[2026-06-15T06:42:40.066Z] [ALL] 06-15 12:12:39.531  4410  4442 E appium  : 	at io.netty.channel.SingleThreadIoEventLoop.run(SingleThreadIoEventLoop.java:196)
[2026-06-15T06:42:40.066Z] [ALL] 06-15 12:12:39.531  4410  4442 E appium  : 	at io.netty.util.concurrent.SingleThreadEventExecutor$5.run(SingleThreadEventExecutor.java:1195)
[2026-06-15T06:42:40.066Z] [ALL] 06-15 12:12:39.531  4410  4442 E appium  : 	at io.netty.util.internal.ThreadExecutorMap$2.run(ThreadExecutorMap.java:74)
[2026-06-15T06:42:40.066Z] [ALL] 06-15 12:12:39.531  4410  4442 E appium  : 	at io.netty.util.concurrent.FastThreadLocalRunnable.run(FastThreadLocalRunnable.java:30)
[2026-06-15T06:42:40.066Z] [ALL] 06-15 12:12:39.531  4410  4442 E appium  : 	at java.lang.Thread.run(Thread.java:1572)
[2026-06-15T06:42:40.066Z] [ALL] 06-15 12:12:39.531  4410  4442 E appium  : Caused by: java.lang.NoSuchMethodException: android.view.Display.getAddress []
[2026-06-15T06:42:40.066Z] [ALL] 06-15 12:12:39.531  4410  4442 E appium  : 	at java.lang.Class.getMethod(Class.java:2942)
[2026-06-15T06:42:40.066Z] [ALL] 06-15 12:12:39.531  4410  4442 E appium  : 	at java.lang.Class.getDeclaredMethod(Class.java:2921)
[2026-06-15T06:42:40.066Z] [ALL] 06-15 12:12:39.531  4410  4442 E appium  : 	at io.appium.uiautomator2.utils.ReflectionUtils.getMethod(ReflectionUtils.java:93)
[2026-06-15T06:42:40.066Z] [ALL] 06-15 12:12:39.531  4410  4442 E appium  : 	... 36 more
[2026-06-15T06:42:40.078Z] [ALL] 06-15 12:12:39.543  1191  1247 D OplusSurfaceFlinger: (dumpsys)pid=6080, uid=2000, calling dumpsys SF
[2026-06-15T06:42:40.168Z] [ALL] 06-15 12:12:39.633  6085  6085 D ExtensionsLoader: createInstance(64bit) : createExtendedFactory
[2026-06-15T06:42:40.169Z] [ALL] 06-15 12:12:39.633  6085  6085 D ExtensionsLoader: Opened libguiextimpl.so
[2026-06-15T06:42:40.179Z] [ALL] 06-15 12:12:39.644  6085  6085 D AVStageUtils: Opened liboplusavenhancements.so
[2026-06-15T06:42:40.181Z] [ALL] 06-15 12:12:39.644  6085  6085 D AVStageUtils: createInstance(64bit): createVendorAVUtils success!
[2026-06-15T06:42:40.182Z] [ALL] 06-15 12:12:39.644  6085  6085 D OplusUtils: OplusUtils [89]: 
[2026-06-15T06:42:40.182Z] [ALL] 06-15 12:12:39.645  6085  6085 D AVMediaServiceFactory: Opened liboplusavenhancements.so
[2026-06-15T06:42:40.183Z] [ALL] 06-15 12:12:39.645  6085  6085 D AVMediaServiceFactory: createInstance(64bit): createExtendedMediaServiceFactory success!
[2026-06-15T06:42:40.183Z] [ALL] 06-15 12:12:39.645  6085  6085 D AVNuFactory: Opened liboplusavenhancements.so
[2026-06-15T06:42:40.183Z] [ALL] 06-15 12:12:39.645  6085  6085 D AVNuFactory: createInstance(64bit): createExtendedNuFactory success!
[2026-06-15T06:42:40.183Z] [ALL] 06-15 12:12:39.645  6085  6085 D AVStageFactory: Opened liboplusavenhancements.so
[2026-06-15T06:42:40.183Z] [ALL] 06-15 12:12:39.645  6085  6085 D AVStageFactory: createInstance(64bit): createVendorAVFactory success!
[2026-06-15T06:42:40.183Z] [ALL] 06-15 12:12:39.645  6085  6085 D AVStageUtils: createInstance(64bit): createVendorAVUtils success!
[2026-06-15T06:42:40.183Z] [ALL] 06-15 12:12:39.645  6085  6085 D OplusUtils: OplusUtils [89]: 
[2026-06-15T06:42:40.183Z] [ALL] 06-15 12:12:39.645  6085  6085 D AVStageFactory: createInstance(64bit): createVendorAVFactory success!
[2026-06-15T06:42:40.184Z] [ALL] 06-15 12:12:39.645  6085  6085 D AVStageUtils: createInstance(64bit): createVendorAVUtils success!
[2026-06-15T06:42:40.184Z] [ALL] 06-15 12:12:39.645  6085  6085 D OplusUtils: OplusUtils [89]: 
[2026-06-15T06:42:40.184Z] [ALL] 06-15 12:12:39.645  6085  6085 D AVMediaServiceFactory: createInstance(64bit): createExtendedMediaServiceFactory success!
[2026-06-15T06:42:40.184Z] [ALL] 06-15 12:12:39.645  6085  6085 D AVNuFactory: createInstance(64bit): createExtendedNuFactory success!
[2026-06-15T06:42:40.184Z] [ALL] 06-15 12:12:39.645  6085  6085 D AVStageFactory: Opened liboplusavenhancements.so
[2026-06-15T06:42:40.184Z] [ALL] 06-15 12:12:39.645  6085  6085 D AVStageFactory: createInstance(64bit): createVendorAVFactory success!
[2026-06-15T06:42:40.184Z] [ALL] 06-15 12:12:39.645  6085  6085 D AVStageUtils: createInstance(64bit): createVendorAVUtils success!
[2026-06-15T06:42:40.184Z] [ALL] 06-15 12:12:39.645  6085  6085 D OplusUtils: OplusUtils [89]: 
[2026-06-15T06:42:40.184Z] [ALL] 06-15 12:12:39.647  6085  6085 E screencap: createInstance(64bit) : createExtendedFactory
[2026-06-15T06:42:40.184Z] [ALL] 06-15 12:12:39.648  6085  6085 E screencap: createInstance(64bit) : createExtendedFactory
[2026-06-15T06:42:40.184Z] [ALL] 06-15 12:12:39.648  6085  6085 E screencap: Opened libinputextensionsimpl.so
[2026-06-15T06:42:40.184Z] [ALL] 06-15 12:12:39.648  6085  6085 E screencap: Opened libinputextensionsimpl.so
[2026-06-15T06:42:40.184Z] [ALL] 06-15 12:12:39.648  6085  6085 E screencap: createInstance(64bit) : createExtendedFactory
[2026-06-15T06:42:40.184Z] [ALL] 06-15 12:12:39.648  6085  6085 E screencap: createInstance(64bit) : createExtendedFactory
[2026-06-15T06:42:40.184Z] [ALL] 06-15 12:12:39.648  6085  6085 E screencap: Opened libsensorextimpl.so
[2026-06-15T06:42:40.184Z] [ALL] 06-15 12:12:39.648  6085  6085 E screencap: Opened libsensorextimpl.so
[2026-06-15T06:42:40.186Z] [ALL] 06-15 12:12:39.652  6085  6085 W ProcessState: Extra binder thread started, but 0 threads requested. Do not use *startThreadPool when zero threads are requested.
[2026-06-15T06:42:40.224Z] [ALL] 06-15 12:12:39.689   599   599 I servicemanager: Could not find android.hardware.graphics.allocator.IAllocator/default in the VINTF manifest.
[2026-06-15T06:42:40.225Z] [ALL] 06-15 12:12:39.690  6085  6085 E ion     : ioctl c0044901 failed with code -1: Invalid argument
[2026-06-15T06:42:40.305Z] [ALL] 06-15 12:12:39.769  1458  1458 I thermal_repeater: [recvMdThermalInfo] ret=26, strLen=127,  3, 44, 8, 0, 32767, 10361
[2026-06-15T06:42:40.424Z] [ALL] 06-15 12:12:39.886  6085  6085 W RefBase : RefBase: Explicit destruction, weak count = 0 (in 0x77655c8f40). Use sp<> to manage this object.
[2026-06-15T06:42:40.427Z] [ALL] 06-15 12:12:39.891  6085  6085 D RefBase : #00 pc 00000000000efaa8  /apex/com.android.runtime/lib64/bionic/libc.so (__cxa_finalize+280)
[2026-06-15T06:42:40.429Z] [ALL] 06-15 12:12:39.891  6085  6085 D RefBase : #01 pc 00000000000e1948  /apex/com.android.runtime/lib64/bionic/libc.so (exit+24)
[2026-06-15T06:42:40.429Z] [ALL] 06-15 12:12:39.891  6085  6085 D RefBase : #02 pc 0000000000074dd4  /apex/com.android.runtime/lib64/bionic/libc.so (__libc_init+100)
[2026-06-15T06:42:40.476Z] [ALL] 06-15 12:12:39.939  4410  4442 I appium  : AppiumResponse: {"sessionId":"f52e8ec1-73bf-4361-bb99-ba7f0d7a5903","value":"iVBORw0KGgoAAAANSUhEUgAABDgAAAlgCAYAAABtGofVAAAAAXNSR0IArs4c6QAAAARzQklUCAgICHwIZIgAACAASURBVHic7N13nBPV3gbwZybZxrJLld6r9KogKB1BpIpgwfLaK6JXRb02xO7Fay/3XruooCC9SS9SpUtbOkuHpS3LlmRm3j+SyU6SSZ+UWZ7v57PKTiaTk0w2mXnmnN8RCgoVBUREREREREREJibGuwF…