[2026-06-13T06:26:56.905Z] [ALL] 06-13 11:56:54.481 20565 20565 I adbd    : adbd service requested 'shell,v2,raw:dumpsys window displays'
[2026-06-13T06:26:57.017Z] [ALL] 06-13 11:56:54.547 23756 23756 E Parcel  : Attempt to read from protected data in Parcel 0x7ffa637030
[2026-06-13T06:26:57.017Z] [ALL] 06-13 11:56:54.547 23756 23756 E Parcel  : Attempt to read from protected data in Parcel 0x7ffa637030
[2026-06-13T06:26:57.017Z] [ALL] 06-13 11:56:54.547 23756 23756 E Parcel  : Attempt to read from protected data in Parcel 0x7ffa637030
[2026-06-13T06:26:57.018Z] [ALL] 06-13 11:56:54.547 23756 23756 E Parcel  : Attempt to read from protected data in Parcel 0x7ffa637030
[2026-06-13T06:26:57.018Z] [ALL] 06-13 11:56:54.547 23756 23756 E Parcel  : Attempt to read from protected data in Parcel 0x7ffa637030
[2026-06-13T06:26:57.068Z] [ALL] 06-13 11:56:54.578 22562 22768 I appium  : channel read: POST /session/bbd9c9d5-5fb4-4929-9d59-c57d0a8ed320/element
[2026-06-13T06:26:57.068Z] [ALL] 06-13 11:56:54.579 22562 22768 I appium  : FindElement command
[2026-06-13T06:26:57.068Z] [ALL] 06-13 11:56:54.582 22562 22768 I appium  : method: 'xpath', selector: '//*[@resource-id="demo_guest_login_btn"] | //*[@content-desc="demo_guest_login_btn"] | ~demo_guest_login_btn'
[2026-06-13T06:26:57.068Z] [ALL] 06-13 11:56:54.582 22562 22768 I appium  : Waiting up to 10000ms for the device to idle
[2026-06-13T06:26:57.068Z] [ALL] 06-13 11:56:54.585 22562 22768 I appium  : The following attributes will be included to the page source: [content-desc, resource-id]
[2026-06-13T06:26:57.068Z] [ALL] 06-13 11:56:54.609 22562 22768 I appium  : AppiumResponse: {"sessionId":"bbd9c9d5-5fb4-4929-9d59-c57d0a8ed320","value":{"error":"invalid selector","message":"org.eclipse.wst.xml.xpath2.processor.XPathParserException: JFlex lexer error: Unknown character at line 1 col 88: ~","stacktrace":"io.appium.uiautomator2.common.exceptions.InvalidSelectorException: org.eclipse.wst.xml.xpath2.processor.XPathParserException: JFlex lexer error: Unknown character at line 1 col 88: ~\n\tat io.appium.uiautomator2.core.AccessibilityNodeInfoDumper.findNodesUsingXpath2(AccessibilityNodeInfoDumper.java:319)\n\tat io.appium.uiautomator2.core.AccessibilityNodeInfoDumper.findNodes(AccessibilityNodeInfoDumper.java:378)\n\tat io.appium.uiautomator2.utils.ElementLocationHelpers.getXPathNodeMatch(ElementLocationHelpers.java:124)\n\tat io.appium.uiautomator2.utils.ElementLocationHelpers.findElement(ElementLocationHelpers.java:151)\n\tat io.appium.uiautomator2.handler.FindElement.safeHandle(FindElement.java:60)\n\tat io.appium.uiautomator2.handler.request.SafeRequestHandler.handle(SafeRequestHandler.java:59)\n\tat io.appium.uiautomator2.server.AppiumServlet.handleRequest(AppiumServlet.java:267)\n\tat io.appium.uiautomator2.server.AppiumServlet.handleHttpRequest(AppiumServlet.java:261)\n\tat io.appium.uiautomator2.http.ServerHandler.channelRead(ServerHandler.java:77)\n\tat io.netty.channel.AbstractChannelHandlerContext.fireChannelRead(AbstractChannelHandlerContext.java:357)\n\tat io.netty.handler.codec.MessageToMessageDecoder.channelRead(MessageToMessageDecoder.java:107)\n\tat io.netty.channel.AbstractChannelHandlerContext.fireChannelRead(AbstractChannelHandlerContext.java:357)\n\tat io.netty.channel.CombinedChannelDuplexHandler$DelegatingChannelHandlerContext.fireChannelRead(CombinedChannelDuplexHandler.java:434)\n\tat io.netty.handler.codec.ByteToMessageDecoder.fireChannelRead(ByteToMessageDecoder.java:361)\n\tat io.netty.handler.codec.ByteToMessageDecoder.channelRead(ByteToMessageDecoder.java:325)\n\tat io.netty.channel.CombinedChannelDuplexHandler.channelRead(CombinedChannelDuplexHandler.java:249)\n\tat io.netty.channel.AbstractChannelHandlerContext.fireChannelRead(AbstractChannelHandlerContext.java:355)\n\tat io.netty.handler.timeout.IdleStateHandler.channelRead(IdleStateHandler.java:288)\n\tat io.netty.channel.AbstractChannelHandlerContext.fireChannelRead(AbstractChannelHandlerContext.java:355)\n\tat io.netty.channel.DefaultChannelPipeline$HeadContext.channelRead(DefaultChannelPipeline.java:1429)\n\tat io.netty.channel.DefaultChannelPipeline.fireChannelRead(DefaultChannelPipeline.java:918)\n\tat io.netty.channel.nio.AbstractNioByteChannel$NioByteUnsafe.read(AbstractNioByteChannel.java:176)\n\tat io.netty.channel.nio.AbstractNioChannel$AbstractNioUnsafe.handle(AbstractNioChannel.java:445)\n\tat io.netty.channel.nio.NioIoHandler$DefaultNioRegistration.handle(NioIoHandler.java:388)\n\tat io.netty.channel.nio.NioIoHandler.processSelectedKey(NioIoHandler.java:596)\n\tat io.netty.channel.nio.NioIoHandler.processSelectedKeysOptimized(NioIoHandler.java:571)\n\tat io.netty.channel.nio.NioIoHandler.processSelectedKeys(NioIoHandler.java:512)\n\tat io.netty.channel.nio.NioIoHandler.run(NioIoHandler.java:484)\n\tat io.netty.channel.SingleThreadIoEventLoop.runIo(SingleThreadIoEventLoop.java:225)\n\tat io.netty.channel.SingleThreadIoEventLoop.run(SingleThreadIoEventLoop.java:196)\n\tat io.netty.util.concurrent.SingleThreadEventExecutor$5.run(SingleThreadEventExecutor.java:1195)\n\tat io.netty.util.internal.ThreadExecutorMap$2.run(ThreadExecutorMap.java:74)\n\tat io.netty.util.concurrent.FastThreadLocalRunnable.run(FastThreadLocalRunnable.java:30)\n\tat java.lang.Thread.run(Thread.java:1572)\nCaused by: org.eclipse.wst.xml.xpath2.processor.XPathParserException: JFlex lexer error: Unknown character at line 1 col 88: ~\n\tat org.eclipse.wst.xml.xpath2.processor.internal.InternalXPathParser.parse(InternalXPathParser.java:67)\n\tat org.eclipse.wst.xml.xpath2.processor.JFlexCupParser.parse(JFlexCupParser.java:35)\n\tat org.eclipse.wst.xml.xpath2.processor.Engine.parseExpre
[2026-06-13T06:26:57.162Z] [ALL] 06-13 11:56:54.678 23762 23762 E Parcel  : Attempt to read from protected data in Parcel 0x7fe75213f0
[2026-06-13T06:26:57.201Z] [ALL] 06-13 11:56:54.678 23762 23762 E Parcel  : Attempt to read from protected data in Parcel 0x7fe75213f0
[2026-06-13T06:26:57.201Z] [ALL] 06-13 11:56:54.678 23762 23762 E Parcel  : Attempt to read from protected data in Parcel 0x7fe75213f0
[2026-06-13T06:26:57.201Z] [ALL] 06-13 11:56:54.678 23762 23762 E Parcel  : Attempt to read from protected data in Parcel 0x7fe75213f0
[2026-06-13T06:26:57.201Z] [ALL] 06-13 11:56:54.678 23762 23762 E Parcel  : Attempt to read from protected data in Parcel 0x7fe75213f0
[2026-06-13T06:26:57.201Z] [ALL] 06-13 11:56:54.696 22562 22768 I appium  : channel read: POST /session/bbd9c9d5-5fb4-4929-9d59-c57d0a8ed320/element
[2026-06-13T06:26:57.201Z] [ALL] 06-13 11:56:54.697 22562 22768 I appium  : FindElement command
[2026-06-13T06:26:57.201Z] [ALL] 06-13 11:56:54.700 22562 22768 I appium  : method: 'xpath', selector: '//*[@resource-id="demo_guest_login_btn"] | //*[@content-desc="demo_guest_login_btn"] | ~demo_guest_login_btn'
[2026-06-13T06:26:57.201Z] [ALL] 06-13 11:56:54.700 22562 22768 I appium  : Waiting up to 10000ms for the device to idle
[2026-06-13T06:26:57.201Z] [ALL] 06-13 11:56:54.704 22562 22768 I appium  : The following attributes will be included to the page source: [content-desc, resource-id]
[2026-06-13T06:26:57.201Z] [ALL] 06-13 11:56:54.730 22562 22586 I tomator2.server: Method exceeds compiler instruction limit: 19260 in java_cup.runtime.Symbol org.eclipse.wst.xml.xpath2.processor.internal.CUP$XPathCup$actions.CUP$XPathCup$do_action(int, java_cup.runtime.lr_parser, java.util.Stack, int)
[2026-06-13T06:26:57.201Z] [ALL] 06-13 11:56:54.730 23766 23766 E Parcel  : Attempt to read from protected data in Parcel 0x7ffff91900
[2026-06-13T06:26:57.201Z] [ALL] 06-13 11:56:54.731 23766 23766 E Parcel  : Attempt to read from protected data in Parcel 0x7ffff91900
[2026-06-13T06:26:57.201Z] [ALL] 06-13 11:56:54.731 23766 23766 E Parcel  : Attempt to read from protected data in Parcel 0x7ffff91900
[2026-06-13T06:26:57.201Z] [ALL] 06-13 11:56:54.731 23766 23766 E Parcel  : Attempt to read from protected data in Parcel 0x7ffff91900
[2026-06-13T06:26:57.201Z] [ALL] 06-13 11:56:54.731 23766 23766 E Parcel  : Attempt to read from protected data in Parcel 0x7ffff91900
[2026-06-13T06:26:57.201Z] [ALL] 06-13 11:56:54.733 13755 13755 D BoundBrokerSvc: onUnbind: Intent { act=com.google.android.gms.onboardingconsent.api.ConsentManagerApiService.START dat=chimera-action:/... cmp=com.google.android.gms/.chimera.GmsApiService }
[2026-06-13T06:26:57.201Z] [ALL] 06-13 11:56:54.737 22562 22768 I appium  : AppiumResponse: {"sessionId":"bbd9c9d5-5fb4-4929-9d59-c57d0a8ed320","value":{"error":"invalid selector","message":"org.eclipse.wst.xml.xpath2.processor.XPathParserException: JFlex lexer error: Unknown character at line 1 col 88: ~","stacktrace":"io.appium.uiautomator2.common.exceptions.InvalidSelectorException: org.eclipse.wst.xml.xpath2.processor.XPathParserException: JFlex lexer error: Unknown character at line 1 col 88: ~\n\tat io.appium.uiautomator2.core.AccessibilityNodeInfoDumper.findNodesUsingXpath2(AccessibilityNodeInfoDumper.java:319)\n\tat io.appium.uiautomator2.core.AccessibilityNodeInfoDumper.findNodes(AccessibilityNodeInfoDumper.java:378)\n\tat io.appium.uiautomator2.utils.ElementLocationHelpers.getXPathNodeMatch(ElementLocationHelpers.java:124)\n\tat io.appium.uiautomator2.utils.ElementLocationHelpers.findElement(ElementLocationHelpers.java:151)\n\tat io.appium.uiautomator2.handler.FindElement.safeHandle(FindElement.java:60)\n\tat io.appium.uiautomator2.handler.request.SafeRequestHandler.handle(SafeRequestHandler.java:59)\n\tat io.appium.uiautomator2.server.AppiumServlet.handleRequest(AppiumServlet.java:267)\n\tat io.appium.uiautomator2.server.AppiumServlet.handleHttpRequest(AppiumServlet.java:261)\n\tat io.appium.uiautomator2.http.ServerHandler.channelRead(ServerHandler.java:77)\n\tat io.netty.channel.AbstractChannelHandlerContext.fireChannelRead(AbstractChannelHandlerContext.java:357)\n\tat io.netty.handler.codec.MessageToMessageDecoder.channelRead(MessageToMessageDecoder.java:107)\n\tat io.netty.channel.AbstractChannelHandlerContext.fireChannelRead(AbstractChannelHandlerContext.java:357)\n\tat io.netty.channel.CombinedChannelDuplexHandler$DelegatingChannelHandlerContext.fireChannelRead(CombinedChannelDuplexHandler.java:434)\n\tat io.netty.handler.codec.ByteToMessageDecoder.fireChannelRead(ByteToMessageDecoder.java:361)\n\tat io.netty.handler.codec.ByteToMessageDecoder.channelRead(ByteToMessageDecoder.java:325)\n\tat io.netty.channel.CombinedChannelDuplexHandler.channelRead(CombinedChannelDuplexHandler.java:249)\n\tat io.netty.channel.AbstractChannelHandlerContext.fireChannelRead(AbstractChannelHandlerContext.java:355)\n\tat io.netty.handler.timeout.IdleStateHandler.channelRead(IdleStateHandler.java:288)\n\tat io.netty.channel.AbstractChannelHandlerContext.fireChannelRead(AbstractChannelHandlerContext.java:355)\n\tat io.netty.channel.DefaultChannelPipeline$HeadContext.channelRead(DefaultChannelPipeline.java:1429)\n\tat io.netty.channel.DefaultChannelPipeline.fireChannelRead(DefaultChannelPipeline.java:918)\n\tat io.netty.channel.nio.AbstractNioByteChannel$NioByteUnsafe.read(AbstractNioByteChannel.java:176)\n\tat io.netty.channel.nio.AbstractNioChannel$AbstractNioUnsafe.handle(AbstractNioChannel.java:445)\n\tat io.netty.channel.nio.NioIoHandler$DefaultNioRegistration.handle(NioIoHandler.java:388)\n\tat io.netty.channel.nio.NioIoHandler.processSelectedKey(NioIoHandler.java:596)\n\tat io.netty.channel.nio.NioIoHandler.processSelectedKeysOptimized(NioIoHandler.java:571)\n\tat io.netty.channel.nio.NioIoHandler.processSelectedKeys(NioIoHandler.java:512)\n\tat io.netty.channel.nio.NioIoHandler.run(NioIoHandler.java:484)\n\tat io.netty.channel.SingleThreadIoEventLoop.runIo(SingleThreadIoEventLoop.java:225)\n\tat io.netty.channel.SingleThreadIoEventLoop.run(SingleThreadIoEventLoop.java:196)\n\tat io.netty.util.concurrent.SingleThreadEventExecutor$5.run(SingleThreadEventExecutor.java:1195)\n\tat io.netty.util.internal.ThreadExecutorMap$2.run(ThreadExecutorMap.java:74)\n\tat io.netty.util.concurrent.FastThreadLocalRunnable.run(FastThreadLocalRunnable.java:30)\n\tat java.lang.Thread.run(Thread.java:1572)\nCaused by: org.eclipse.wst.xml.xpath2.processor.XPathParserException: JFlex lexer error: Unknown character at line 1 col 88: ~\n\tat org.eclipse.wst.xml.xpath2.processor.internal.InternalXPathParser.parse(InternalXPathParser.java:67)\n\tat org.eclipse.wst.xml.xpath2.processor.JFlexCupParser.parse(JFlexCupParser.java:35)\n\tat org.eclipse.wst.xml.xpath2.processor.Engine.parseExpre
[2026-06-13T06:26:57.263Z] [ALL] 06-13 11:56:54.799 23771 23771 E Parcel  : Attempt to read from protected data in Parcel 0x7ff6616100
[2026-06-13T06:26:57.327Z] [ALL] 06-13 11:56:54.799 23771 23771 E Parcel  : Attempt to read from protected data in Parcel 0x7ff6616100
[2026-06-13T06:26:57.327Z] [ALL] 06-13 11:56:54.799 23771 23771 E Parcel  : Attempt to read from protected data in Parcel 0x7ff6616100
[2026-06-13T06:26:57.327Z] [ALL] 06-13 11:56:54.799 23771 23771 E Parcel  : Attempt to read from protected data in Parcel 0x7ff6616100
[2026-06-13T06:26:57.327Z] [ALL] 06-13 11:56:54.799 23771 23771 E Parcel  : Attempt to read from protected data in Parcel 0x7ff6616100
[2026-06-13T06:26:57.327Z] [ALL] 06-13 11:56:54.813 22562 22768 I appium  : channel read: POST /session/bbd9c9d5-5fb4-4929-9d59-c57d0a8ed320/element
[2026-06-13T06:26:57.327Z] [ALL] 06-13 11:56:54.814 22562 22768 I appium  : FindElement command
[2026-06-13T06:26:57.327Z] [ALL] 06-13 11:56:54.816  1695  2752 I OplusHansManager : uid=10354, pkg=com.myntra.android can transition from M to F
[2026-06-13T06:26:57.327Z] [ALL] 06-13 11:56:54.816  1695  2752 I OplusHansManager : uid=10354, pkg=com.myntra.android F enter(), M stay=1
[2026-06-13T06:26:57.327Z] [ALL] 06-13 11:56:54.817 22562 22768 I appium  : method: 'xpath', selector: '//*[@resource-id="demo_guest_login_btn"] | //*[@content-desc="demo_guest_login_btn"] | ~demo_guest_login_btn'
[2026-06-13T06:26:57.327Z] [ALL] 06-13 11:56:54.817 22562 22768 I appium  : Waiting up to 10000ms for the device to idle
[2026-06-13T06:26:57.327Z] [ALL] 06-13 11:56:54.819  1695  2752 I OplusHansManager : freeze uid: 10354 com.myntra.android pids: [24280, 24544] IsolatedUid: [99207] scene: LcdOn
[2026-06-13T06:26:57.327Z] [ALL] 06-13 11:56:54.819  7763  7763 D IHansComunication: HansComunication::addUid-- 10354, persistent--0
[2026-06-13T06:26:57.327Z] [ALL] 06-13 11:56:54.819  7763  7763 D IHansComunication: HANS sendMessageToKernel: threadId = 536992353456, netLinkSetup = 1, type = PKG, targetUid = 10354, pkgCmd = ADD_ONE_UID
[2026-06-13T06:26:57.327Z] [ALL] 06-13 11:56:54.820 22562 22768 I appium  : The following attributes will be included to the page source: [content-desc, resource-id]
[2026-06-13T06:26:57.327Z] [ALL] 06-13 11:56:54.846 22562 22768 I appium  : AppiumResponse: {"sessionId":"bbd9c9d5-5fb4-4929-9d59-c57d0a8ed320","value":{"error":"invalid selector","message":"org.eclipse.wst.xml.xpath2.processor.XPathParserException: JFlex lexer error: Unknown character at line 1 col 88: ~","stacktrace":"io.appium.uiautomator2.common.exceptions.InvalidSelectorException: org.eclipse.wst.xml.xpath2.processor.XPathParserException: JFlex lexer error: Unknown character at line 1 col 88: ~\n\tat io.appium.uiautomator2.core.AccessibilityNodeInfoDumper.findNodesUsingXpath2(AccessibilityNodeInfoDumper.java:319)\n\tat io.appium.uiautomator2.core.AccessibilityNodeInfoDumper.findNodes(AccessibilityNodeInfoDumper.java:378)\n\tat io.appium.uiautomator2.utils.ElementLocationHelpers.getXPathNodeMatch(ElementLocationHelpers.java:124)\n\tat io.appium.uiautomator2.utils.ElementLocationHelpers.findElement(ElementLocationHelpers.java:151)\n\tat io.appium.uiautomator2.handler.FindElement.safeHandle(FindElement.java:60)\n\tat io.appium.uiautomator2.handler.request.SafeRequestHandler.handle(SafeRequestHandler.java:59)\n\tat io.appium.uiautomator2.server.AppiumServlet.handleRequest(AppiumServlet.java:267)\n\tat io.appium.uiautomator2.server.AppiumServlet.handleHttpRequest(AppiumServlet.java:261)\n\tat io.appium.uiautomator2.http.ServerHandler.channelRead(ServerHandler.java:77)\n\tat io.netty.channel.AbstractChannelHandlerContext.fireChannelRead(AbstractChannelHandlerContext.java:357)\n\tat io.netty.handler.codec.MessageToMessageDecoder.channelRead(MessageToMessageDecoder.java:107)\n\tat io.netty.channel.AbstractChannelHandlerContext.fireChannelRead(AbstractChannelHandlerContext.java:357)\n\tat io.netty.channel.CombinedChannelDuplexHandler$DelegatingChannelHandlerContext.fireChannelRead(CombinedChannelDuplexHandler.java:434)\n\tat io.netty.handler.codec.ByteToMessageDecoder.fireChannelRead(ByteToMessageDecoder.java:361)\n\tat io.netty.handler.codec.ByteToMessageDecoder.channelRead(ByteToMessageDecoder.java:325)\n\tat io.netty.channel.CombinedChannelDuplexHandler.channelRead(CombinedChannelDuplexHandler.java:249)\n\tat io.netty.channel.AbstractChannelHandlerContext.fireChannelRead(AbstractChannelHandlerContext.java:355)\n\tat io.netty.handler.timeout.IdleStateHandler.channelRead(IdleStateHandler.java:288)\n\tat io.netty.channel.AbstractChannelHandlerContext.fireChannelRead(AbstractChannelHandlerContext.java:355)\n\tat io.netty.channel.DefaultChannelPipeline$HeadContext.channelRead(DefaultChannelPipeline.java:1429)\n\tat io.netty.channel.DefaultChannelPipeline.fireChannelRead(DefaultChannelPipeline.java:918)\n\tat io.netty.channel.nio.AbstractNioByteChannel$NioByteUnsafe.read(AbstractNioByteChannel.java:176)\n\tat io.netty.channel.nio.AbstractNioChannel$AbstractNioUnsafe.handle(AbstractNioChannel.java:445)\n\tat io.netty.channel.nio.NioIoHandler$DefaultNioRegistration.handle(NioIoHandler.java:388)\n\tat io.netty.channel.nio.NioIoHandler.processSelectedKey(NioIoHandler.java:596)\n\tat io.netty.channel.nio.NioIoHandler.processSelectedKeysOptimized(NioIoHandler.java:571)\n\tat io.netty.channel.nio.NioIoHandler.processSelectedKeys(NioIoHandler.java:512)\n\tat io.netty.channel.nio.NioIoHandler.run(NioIoHandler.java:484)\n\tat io.netty.channel.SingleThreadIoEventLoop.runIo(SingleThreadIoEventLoop.java:225)\n\tat io.netty.channel.SingleThreadIoEventLoop.run(SingleThreadIoEventLoop.java:196)\n\tat io.netty.util.concurrent.SingleThreadEventExecutor$5.run(SingleThreadEventExecutor.java:1195)\n\tat io.netty.util.internal.ThreadExecutorMap$2.run(ThreadExecutorMap.java:74)\n\tat io.netty.util.concurrent.FastThreadLocalRunnable.run(FastThreadLocalRunnable.java:30)\n\tat java.lang.Thread.run(Thread.java:1572)\nCaused by: org.eclipse.wst.xml.xpath2.processor.XPathParserException: JFlex lexer error: Unknown character at line 1 col 88: ~\n\tat org.eclipse.wst.xml.xpath2.processor.internal.InternalXPathParser.parse(InternalXPathParser.java:67)\n\tat org.eclipse.wst.xml.xpath2.processor.JFlexCupParser.parse(JFlexCupParser.java:35)\n\tat org.eclipse.wst.xml.xpath2.processor.Engine.parseExpre
[2026-06-13T06:26:57.376Z] [ALL] 06-13 11:56:54.861 23775 23775 E Parcel  : Attempt to read from protected data in Parcel 0x7ff6b07e60
[2026-06-13T06:26:57.376Z] [ALL] 06-13 11:56:54.861 23775 23775 E Parcel  : Attempt to read from protected data in Parcel 0x7ff6b07e60
[2026-06-13T06:26:57.376Z] [ALL] 06-13 11:56:54.861 23775 23775 E Parcel  : Attempt to read from protected data in Parcel 0x7ff6b07e60
[2026-06-13T06:26:57.376Z] [ALL] 06-13 11:56:54.861 23775 23775 E Parcel  : Attempt to read from protected data in Parcel 0x7ff6b07e60
[2026-06-13T06:26:57.376Z] [ALL] 06-13 11:56:54.861 23775 23775 E Parcel  : Attempt to read from protected data in Parcel 0x7ff6b07e60
[2026-06-13T06:26:57.418Z] [ALL] 06-13 11:56:54.923 23779 23779 E Parcel  : Attempt to read from protected data in Parcel 0x7ff1482ae0
[2026-06-13T06:26:57.418Z] [ALL] 06-13 11:56:54.923 23779 23779 E Parcel  : Attempt to read from protected data in Parcel 0x7ff1482ae0
[2026-06-13T06:26:57.418Z] [ALL] 06-13 11:56:54.923 23779 23779 E Parcel  : Attempt to read from protected data in Parcel 0x7ff1482ae0
[2026-06-13T06:26:57.418Z] [ALL] 06-13 11:56:54.923 23779 23779 E Parcel  : Attempt to read from protected data in Parcel 0x7ff1482ae0
[2026-06-13T06:26:57.418Z] [ALL] 06-13 11:56:54.923 23779 23779 E Parcel  : Attempt to read from protected data in Parcel 0x7ff1482ae0
[2026-06-13T06:26:57.455Z] [ALL] 06-13 11:56:54.981 23783 23783 E Parcel  : Attempt to read from protected data in Parcel 0x7fd5f604f0
[2026-06-13T06:26:57.455Z] [ALL] 06-13 11:56:54.981 23783 23783 E Parcel  : Attempt to read from protected data in Parcel 0x7fd5f604f0
[2026-06-13T06:26:57.455Z] [ALL] 06-13 11:56:54.982 23783 23783 E Parcel  : Attempt to read from protected data in Parcel 0x7fd5f604f0
[2026-06-13T06:26:57.455Z] [ALL] 06-13 11:56:54.982 23783 23783 E Parcel  : Attempt to read from protected data in Parcel 0x7fd5f604f0
[2026-06-13T06:26:57.455Z] [ALL] 06-13 11:56:54.982 23783 23783 E Parcel  : Attempt to read from protected data in Parcel 0x7fd5f604f0
[2026-06-13T06:26:57.495Z] [ALL] 06-13 11:56:55.005 22562 22768 I appium  : channel read: POST /session/bbd9c9d5-5fb4-4929-9d59-c57d0a8ed320/element
[2026-06-13T06:26:57.495Z] [ALL] 06-13 11:56:55.006 22562 22768 I appium  : FindElement command
[2026-06-13T06:26:57.495Z] [ALL] 06-13 11:56:55.008 22562 22768 I appium  : method: 'xpath', selector: '//*[@resource-id="demo_guest_login_btn"] | //*[@content-desc="demo_guest_login_btn"] | ~demo_guest_login_btn'
[2026-06-13T06:26:57.495Z] [ALL] 06-13 11:56:55.009 22562 22768 I appium  : Waiting up to 10000ms for the device to idle
[2026-06-13T06:26:57.495Z] [ALL] 06-13 11:56:55.012 22562 22768 I appium  : The following attributes will be included to the page source: [content-desc, resource-id]
[2026-06-13T06:26:57.495Z] [ALL] 06-13 11:56:55.035 22562 22768 I appium  : AppiumResponse: {"sessionId":"bbd9c9d5-5fb4-4929-9d59-c57d0a8ed320","value":{"error":"invalid selector","message":"org.eclipse.wst.xml.xpath2.processor.XPathParserException: JFlex lexer error: Unknown character at line 1 col 88: ~","stacktrace":"io.appium.uiautomator2.common.exceptions.InvalidSelectorException: org.eclipse.wst.xml.xpath2.processor.XPathParserException: JFlex lexer error: Unknown character at line 1 col 88: ~\n\tat io.appium.uiautomator2.core.AccessibilityNodeInfoDumper.findNodesUsingXpath2(AccessibilityNodeInfoDumper.java:319)\n\tat io.appium.uiautomator2.core.AccessibilityNodeInfoDumper.findNodes(AccessibilityNodeInfoDumper.java:378)\n\tat io.appium.uiautomator2.utils.ElementLocationHelpers.getXPathNodeMatch(ElementLocationHelpers.java:124)\n\tat io.appium.uiautomator2.utils.ElementLocationHelpers.findElement(ElementLocationHelpers.java:151)\n\tat io.appium.uiautomator2.handler.FindElement.safeHandle(FindElement.java:60)\n\tat io.appium.uiautomator2.handler.request.SafeRequestHandler.handle(SafeRequestHandler.java:59)\n\tat io.appium.uiautomator2.server.AppiumServlet.handleRequest(AppiumServlet.java:267)\n\tat io.appium.uiautomator2.server.AppiumServlet.handleHttpRequest(AppiumServlet.java:261)\n\tat io.appium.uiautomator2.http.ServerHandler.channelRead(ServerHandler.java:77)\n\tat io.netty.channel.AbstractChannelHandlerContext.fireChannelRead(AbstractChannelHandlerContext.java:357)\n\tat io.netty.handler.codec.MessageToMessageDecoder.channelRead(MessageToMessageDecoder.java:107)\n\tat io.netty.channel.AbstractChannelHandlerContext.fireChannelRead(AbstractChannelHandlerContext.java:357)\n\tat io.netty.channel.CombinedChannelDuplexHandler$DelegatingChannelHandlerContext.fireChannelRead(CombinedChannelDuplexHandler.java:434)\n\tat io.netty.handler.codec.ByteToMessageDecoder.fireChannelRead(ByteToMessageDecoder.java:361)\n\tat io.netty.handler.codec.ByteToMessageDecoder.channelRead(ByteToMessageDecoder.java:325)\n\tat io.netty.channel.CombinedChannelDuplexHandler.channelRead(CombinedChannelDuplexHandler.java:249)\n\tat io.netty.channel.AbstractChannelHandlerContext.fireChannelRead(AbstractChannelHandlerContext.java:355)\n\tat io.netty.handler.timeout.IdleStateHandler.channelRead(IdleStateHandler.java:288)\n\tat io.netty.channel.AbstractChannelHandlerContext.fireChannelRead(AbstractChannelHandlerContext.java:355)\n\tat io.netty.channel.DefaultChannelPipeline$HeadContext.channelRead(DefaultChannelPipeline.java:1429)\n\tat io.netty.channel.DefaultChannelPipeline.fireChannelRead(DefaultChannelPipeline.java:918)\n\tat io.netty.channel.nio.AbstractNioByteChannel$NioByteUnsafe.read(AbstractNioByteChannel.java:176)\n\tat io.netty.channel.nio.AbstractNioChannel$AbstractNioUnsafe.handle(AbstractNioChannel.java:445)\n\tat io.netty.channel.nio.NioIoHandler$DefaultNioRegistration.handle(NioIoHandler.java:388)\n\tat io.netty.channel.nio.NioIoHandler.processSelectedKey(NioIoHandler.java:596)\n\tat io.netty.channel.nio.NioIoHandler.processSelectedKeysOptimized(NioIoHandler.java:571)\n\tat io.netty.channel.nio.NioIoHandler.processSelectedKeys(NioIoHandler.java:512)\n\tat io.netty.channel.nio.NioIoHandler.run(NioIoHandler.java:484)\n\tat io.netty.channel.SingleThreadIoEventLoop.runIo(SingleThreadIoEventLoop.java:225)\n\tat io.netty.channel.SingleThreadIoEventLoop.run(SingleThreadIoEventLoop.java:196)\n\tat io.netty.util.concurrent.SingleThreadEventExecutor$5.run(SingleThreadEventExecutor.java:1195)\n\tat io.netty.util.internal.ThreadExecutorMap$2.run(ThreadExecutorMap.java:74)\n\tat io.netty.util.concurrent.FastThreadLocalRunnable.run(FastThreadLocalRunnable.java:30)\n\tat java.lang.Thread.run(Thread.java:1572)\nCaused by: org.eclipse.wst.xml.xpath2.processor.XPathParserException: JFlex lexer error: Unknown character at line 1 col 88: ~\n\tat org.eclipse.wst.xml.xpath2.processor.internal.InternalXPathParser.parse(InternalXPathParser.java:67)\n\tat org.eclipse.wst.xml.xpath2.processor.JFlexCupParser.parse(JFlexCupParser.java:35)\n\tat org.eclipse.wst.xml.xpath2.processor.Engine.parseExpre
[2026-06-13T06:26:57.495Z] [ALL] 06-13 11:56:55.047 23787 23787 E Parcel  : Attempt to read from protected data in Parcel 0x7fede5f880
[2026-06-13T06:26:57.495Z] [ALL] 06-13 11:56:55.047 23787 23787 E Parcel  : Attempt to read from protected data in Parcel 0x7fede5f880
[2026-06-13T06:26:57.495Z] [ALL] 06-13 11:56:55.047 23787 23787 E Parcel  : Attempt to read from protected data in Parcel 0x7fede5f880
[2026-06-13T06:26:57.495Z] [ALL] 06-13 11:56:55.047 23787 23787 E Parcel  : Attempt to read from protected data in Parcel 0x7fede5f880
[2026-06-13T06:26:57.495Z] [ALL] 06-13 11:56:55.047 23787 23787 E Parcel  : Attempt to read from protected data in Parcel 0x7fede5f880
[2026-06-13T06:26:57.569Z] [ALL] 06-13 11:56:55.106 23791 23791 E Parcel  : Attempt to read from protected data in Parcel 0x7fdffdc0f0
[2026-06-13T06:26:57.569Z] [ALL] 06-13 11:56:55.106 23791 23791 E Parcel  : Attempt to read from protected data in Parcel 0x7fdffdc0f0
[2026-06-13T06:26:57.569Z] [ALL] 06-13 11:56:55.106 23791 23791 E Parcel  : Attempt to read from protected data in Parcel 0x7fdffdc0f0
[2026-06-13T06:26:57.611Z] [ALL] 06-13 11:56:55.106 23791 23791 E Parcel  : Attempt to read from protected data in Parcel 0x7fdffdc0f0
[2026-06-13T06:26:57.611Z] [ALL] 06-13 11:56:55.106 23791 23791 E Parcel  : Attempt to read from protected data in Parcel 0x7fdffdc0f0
[2026-06-13T06:26:57.661Z] [ALL] 06-13 11:56:55.170 22562 22768 I appium  : channel read: GET /session/bbd9c9d5-5fb4-4929-9d59-c57d0a8ed320/screenshot
[2026-06-13T06:26:57.661Z] [ALL] 06-13 11:56:55.170 23796 23796 E Parcel  : Attempt to read from protected data in Parcel 0x7fc71e5fe0
[2026-06-13T06:26:57.661Z] [ALL] 06-13 11:56:55.171 23796 23796 E Parcel  : Attempt to read from protected data in Parcel 0x7fc71e5fe0
[2026-06-13T06:26:57.661Z] [ALL] 06-13 11:56:55.171 23796 23796 E Parcel  : Attempt to read from protected data in Parcel 0x7fc71e5fe0
[2026-06-13T06:26:57.661Z] [ALL] 06-13 11:56:55.171 23796 23796 E Parcel  : Attempt to read from protected data in Parcel 0x7fc71e5fe0
[2026-06-13T06:26:57.661Z] [ALL] 06-13 11:56:55.171 23796 23796 E Parcel  : Attempt to read from protected data in Parcel 0x7fc71e5fe0
[2026-06-13T06:26:57.661Z] [ALL] 06-13 11:56:55.171 22562 22768 I appium  : CaptureScreenshot command
[2026-06-13T06:26:57.661Z] [ALL] 06-13 11:56:55.172 22562 22768 E tomator2.server: hiddenapi: Accessing hidden method Landroid/view/Display;->getAddress()Landroid/view/DisplayAddress; (runtime_flags=0, domain=platform, api=blocked) from Lio/appium/uiautomator2/utils/ReflectionUtils; (domain=app, TargetSdkVersion=34) using reflection: denied
[2026-06-13T06:26:57.661Z] [ALL] 06-13 11:56:55.173 22562 22768 E appium  : Unable to retrieve physicalDisplayId
[2026-06-13T06:26:57.661Z] [ALL] 06-13 11:56:55.173 22562 22768 E appium  : io.appium.uiautomator2.common.exceptions.UiAutomator2Exception: Cannot get method getAddress from class android.view.Display with parameter types []
[2026-06-13T06:26:57.661Z] [ALL] 06-13 11:56:55.173 22562 22768 E appium  : 	at io.appium.uiautomator2.utils.ReflectionUtils.getMethod(ReflectionUtils.java:97)
[2026-06-13T06:26:57.661Z] [ALL] 06-13 11:56:55.173 22562 22768 E appium  : 	at io.appium.uiautomator2.utils.DisplayIdHelper.tryGetUsingAddress(DisplayIdHelper.java:98)
[2026-06-13T06:26:57.661Z] [ALL] 06-13 11:56:55.173 22562 22768 E appium  : 	at io.appium.uiautomator2.utils.DisplayIdHelper.getPhysicalDisplayId(DisplayIdHelper.java:51)
[2026-06-13T06:26:57.661Z] [ALL] 06-13 11:56:55.173 22562 22768 E appium  : 	at io.appium.uiautomator2.utils.ScreenshotHelper.extractScreencapDisplayId(ScreenshotHelper.java:145)
[2026-06-13T06:26:57.661Z] [ALL] 06-13 11:56:55.173 22562 22768 E appium  : 	at io.appium.uiautomator2.utils.ScreenshotHelper.takeDeviceScreenshot(ScreenshotHelper.java:114)
[2026-06-13T06:26:57.661Z] [ALL] 06-13 11:56:55.173 22562 22768 E appium  : 	at io.appium.uiautomator2.utils.ScreenshotHelper.takeScreenshot(ScreenshotHelper.java:60)
[2026-06-13T06:26:57.661Z] [ALL] 06-13 11:56:55.173 22562 22768 E appium  : 	at io.appium.uiautomator2.utils.ScreenshotHelper.takeScreenshot(ScreenshotHelper.java:77)
[2026-06-13T06:26:57.661Z] [ALL] 06-13 11:56:55.173 22562 22768 E appium  : 	at io.appium.uiautomator2.handler.CaptureScreenshot.safeHandle(CaptureScreenshot.java:32)
[2026-06-13T06:26:57.661Z] [ALL] 06-13 11:56:55.173 22562 22768 E appium  : 	at io.appium.uiautomator2.handler.request.SafeRequestHandler.handle(SafeRequestHandler.java:59)
[2026-06-13T06:26:57.661Z] [ALL] 06-13 11:56:55.173 22562 22768 E appium  : 	at io.appium.uiautomator2.server.AppiumServlet.handleRequest(AppiumServlet.java:267)
[2026-06-13T06:26:57.661Z] [ALL] 06-13 11:56:55.173 22562 22768 E appium  : 	at io.appium.uiautomator2.server.AppiumServlet.handleHttpRequest(AppiumServlet.java:261)
[2026-06-13T06:26:57.661Z] [ALL] 06-13 11:56:55.173 22562 22768 E appium  : 	at io.appium.uiautomator2.http.ServerHandler.channelRead(ServerHandler.java:77)
[2026-06-13T06:26:57.661Z] [ALL] 06-13 11:56:55.173 22562 22768 E appium  : 	at io.netty.channel.AbstractChannelHandlerContext.fireChannelRead(AbstractChannelHandlerContext.java:357)
[2026-06-13T06:26:57.661Z] [ALL] 06-13 11:56:55.173 22562 22768 E appium  : 	at io.netty.handler.codec.MessageToMessageDecoder.channelRead(MessageToMessageDecoder.java:107)
[2026-06-13T06:26:57.661Z] [ALL] 06-13 11:56:55.173 22562 22768 E appium  : 	at io.netty.channel.AbstractChannelHandlerContext.fireChannelRead(AbstractChannelHandlerContext.java:357)
[2026-06-13T06:26:57.661Z] [ALL] 06-13 11:56:55.173 22562 22768 E appium  : 	at io.netty.channel.CombinedChannelDuplexHandler$DelegatingChannelHandlerContext.fireChannelRead(CombinedChannelDuplexHandler.java:434)
[2026-06-13T06:26:57.661Z] [ALL] 06-13 11:56:55.173 22562 22768 E appium  : 	at io.netty.handler.codec.ByteToMessageDecoder.fireChannelRead(ByteToMessageDecoder.java:361)
[2026-06-13T06:26:57.661Z] [ALL] 06-13 11:56:55.173 22562 22768 E appium  : 	at io.netty.handler.codec.ByteToMessageDecoder.channelRead(ByteToMessageDecoder.java:325)
[2026-06-13T06:26:57.661Z] [ALL] 06-13 11:56:55.173 22562 22768 E appium  : 	at io.netty.channel.CombinedChannelDuplexHandler.channelRead(CombinedChannelDuplexHandler.java:249)
[2026-06-13T06:26:57.661Z] [ALL] 06-13 11:56:55.173 22562 22768 E appium  : 	at io.netty.channel.AbstractChannelHandlerContext.fireChannelRead(AbstractChannelHandlerContext.java:355)
[2026-06-13T06:26:57.661Z] [ALL] 06-13 11:56:55.173 22562 22768 E appium  : 	at io.netty.handler.timeout.IdleStateHandler.channelRead(IdleStateHandler.java:288)
[2026-06-13T06:26:57.661Z] [ALL] 06-13 11:56:55.173 22562 22768 E appium  : 	at io.netty.channel.AbstractChannelHandlerContext.fireChannelRead(AbstractChannelHandlerContext.java:355)
[2026-06-13T06:26:57.661Z] [ALL] 06-13 11:56:55.173 22562 22768 E appium  : 	at io.netty.channel.DefaultChannelPipeline$HeadContext.channelRead(DefaultChannelPipeline.java:1429)
[2026-06-13T06:26:57.661Z] [ALL] 06-13 11:56:55.173 22562 22768 E appium  : 	at io.netty.channel.DefaultChannelPipeline.fireChannelRead(DefaultChannelPipeline.java:918)
[2026-06-13T06:26:57.661Z] [ALL] 06-13 11:56:55.173 22562 22768 E appium  : 	at io.netty.channel.nio.AbstractNioByteChannel$NioByteUnsafe.read(AbstractNioByteChannel.java:176)
[2026-06-13T06:26:57.661Z] [ALL] 06-13 11:56:55.173 22562 22768 E appium  : 	at io.netty.channel.nio.AbstractNioChannel$AbstractNioUnsafe.handle(AbstractNioChannel.java:445)
[2026-06-13T06:26:57.661Z] [ALL] 06-13 11:56:55.173 22562 22768 E appium  : 	at io.netty.channel.nio.NioIoHandler$DefaultNioRegistration.handle(NioIoHandler.java:388)
[2026-06-13T06:26:57.661Z] [ALL] 06-13 11:56:55.173 22562 22768 E appium  : 	at io.netty.channel.nio.NioIoHandler.processSelectedKey(NioIoHandler.java:596)
[2026-06-13T06:26:57.661Z] [ALL] 06-13 11:56:55.173 22562 22768 E appium  : 	at io.netty.channel.nio.NioIoHandler.processSelectedKeysOptimized(NioIoHandler.java:571)
[2026-06-13T06:26:57.661Z] [ALL] 06-13 11:56:55.173 22562 22768 E appium  : 	at io.netty.channel.nio.NioIoHandler.processSelectedKeys(NioIoHandler.java:512)
[2026-06-13T06:26:57.661Z] [ALL] 06-13 11:56:55.173 22562 22768 E appium  : 	at io.netty.channel.nio.NioIoHandler.run(NioIoHandler.java:484)
[2026-06-13T06:26:57.661Z] [ALL] 06-13 11:56:55.173 22562 22768 E appium  : 	at io.netty.channel.SingleThreadIoEventLoop.runIo(SingleThreadIoEventLoop.java:225)
[2026-06-13T06:26:57.661Z] [ALL] 06-13 11:56:55.173 22562 22768 E appium  : 	at io.netty.channel.SingleThreadIoEventLoop.run(SingleThreadIoEventLoop.java:196)
[2026-06-13T06:26:57.661Z] [ALL] 06-13 11:56:55.173 22562 22768 E appium  : 	at io.netty.util.concurrent.SingleThreadEventExecutor$5.run(SingleThreadEventExecutor.java:1195)
[2026-06-13T06:26:57.661Z] [ALL] 06-13 11:56:55.173 22562 22768 E appium  : 	at io.netty.util.internal.ThreadExecutorMap$2.run(ThreadExecutorMap.java:74)
[2026-06-13T06:26:57.661Z] [ALL] 06-13 11:56:55.173 22562 22768 E appium  : 	at io.netty.util.concurrent.FastThreadLocalRunnable.run(FastThreadLocalRunnable.java:30)
[2026-06-13T06:26:57.661Z] [ALL] 06-13 11:56:55.173 22562 22768 E appium  : 	at java.lang.Thread.run(Thread.java:1572)
[2026-06-13T06:26:57.661Z] [ALL] 06-13 11:56:55.173 22562 22768 E appium  : Caused by: java.lang.NoSuchMethodException: android.view.Display.getAddress []
[2026-06-13T06:26:57.661Z] [ALL] 06-13 11:56:55.173 22562 22768 E appium  : 	at java.lang.Class.getMethod(Class.java:2942)
[2026-06-13T06:26:57.661Z] [ALL] 06-13 11:56:55.173 22562 22768 E appium  : 	at java.lang.Class.getDeclaredMethod(Class.java:2921)
[2026-06-13T06:26:57.661Z] [ALL] 06-13 11:56:55.173 22562 22768 E appium  : 	at io.appium.uiautomator2.utils.ReflectionUtils.getMethod(ReflectionUtils.java:93)
[2026-06-13T06:26:57.661Z] [ALL] 06-13 11:56:55.173 22562 22768 E appium  : 	... 36 more
[2026-06-13T06:26:57.661Z] [ALL] 06-13 11:56:55.196  1000  1065 D OplusSurfaceFlinger: (dumpsys)pid=23799, uid=2000, calling dumpsys SF
[2026-06-13T06:26:57.719Z] [ALL] 06-13 11:56:55.229 23815 23815 E Parcel  : Attempt to read from protected data in Parcel 0x7fd5b7c4e0
[2026-06-13T06:26:57.719Z] [ALL] 06-13 11:56:55.229 23815 23815 E Parcel  : Attempt to read from protected data in Parcel 0x7fd5b7c4e0
[2026-06-13T06:26:57.719Z] [ALL] 06-13 11:56:55.229 23815 23815 E Parcel  : Attempt to read from protected data in Parcel 0x7fd5b7c4e0
[2026-06-13T06:26:57.719Z] [ALL] 06-13 11:56:55.229 23815 23815 E Parcel  : Attempt to read from protected data in Parcel 0x7fd5b7c4e0
[2026-06-13T06:26:57.719Z] [ALL] 06-13 11:56:55.229 23815 23815 E Parcel  : Attempt to read from protected data in Parcel 0x7fd5b7c4e0
[2026-06-13T06:26:57.756Z] [ALL] 06-13 11:56:55.289 23807 23807 D ExtensionsLoader: createInstance(64bit) : createExtendedFactory
[2026-06-13T06:26:57.756Z] [ALL] 06-13 11:56:55.290 23807 23807 D ExtensionsLoader: Opened libguiextimpl.so
[2026-06-13T06:26:57.756Z] [ALL] 06-13 11:56:55.302 23807 23807 D AVStageUtils: Opened liboplusavenhancements.so
[2026-06-13T06:26:57.756Z] [ALL] 06-13 11:56:55.302 23807 23807 D AVStageUtils: createInstance(64bit): createVendorAVUtils success!
[2026-06-13T06:26:57.756Z] [ALL] 06-13 11:56:55.302 23807 23807 D OplusUtils: OplusUtils [89]: 
[2026-06-13T06:26:57.756Z] [ALL] 06-13 11:56:55.303 23807 23807 D AVMediaServiceFactory: Opened liboplusavenhancements.so
[2026-06-13T06:26:57.756Z] [ALL] 06-13 11:56:55.303 23807 23807 D AVMediaServiceFactory: createInstance(64bit): createExtendedMediaServiceFactory success!
[2026-06-13T06:26:57.756Z] [ALL] 06-13 11:56:55.304 23807 23807 D AVNuFactory: Opened liboplusavenhancements.so
[2026-06-13T06:26:57.756Z] [ALL] 06-13 11:56:55.304 23807 23807 D AVNuFactory: createInstance(64bit): createExtendedNuFactory success!
[2026-06-13T06:26:57.756Z] [ALL] 06-13 11:56:55.304 23807 23807 D AVStageFactory: Opened liboplusavenhancements.so
[2026-06-13T06:26:57.756Z] [ALL] 06-13 11:56:55.304 23807 23807 D AVStageFactory: createInstance(64bit): createVendorAVFactory success!
[2026-06-13T06:26:57.756Z] [ALL] 06-13 11:56:55.304 23807 23807 D AVStageUtils: createInstance(64bit): createVendorAVUtils success!
[2026-06-13T06:26:57.756Z] [ALL] 06-13 11:56:55.304 23807 23807 D OplusUtils: OplusUtils [89]: 
[2026-06-13T06:26:57.788Z] [ALL] 06-13 11:56:55.304 23807 23807 D AVStageFactory: createInstance(64bit): createVendorAVFactory success!
[2026-06-13T06:26:57.788Z] [ALL] 06-13 11:56:55.304 23807 23807 D AVStageUtils: createInstance(64bit): createVendorAVUtils success!
[2026-06-13T06:26:57.788Z] [ALL] 06-13 11:56:55.304 23807 23807 D OplusUtils: OplusUtils [89]: 
[2026-06-13T06:26:57.788Z] [ALL] 06-13 11:56:55.304 23807 23807 D AVMediaServiceFactory: createInstance(64bit): createExtendedMediaServiceFactory success!
[2026-06-13T06:26:57.788Z] [ALL] 06-13 11:56:55.304 23807 23807 D AVNuFactory: createInstance(64bit): createExtendedNuFactory success!
[2026-06-13T06:26:57.788Z] [ALL] 06-13 11:56:55.304 23807 23807 D AVStageFactory: Opened liboplusavenhancements.so
[2026-06-13T06:26:57.788Z] [ALL] 06-13 11:56:55.304 23807 23807 D AVStageFactory: createInstance(64bit): createVendorAVFactory success!
[2026-06-13T06:26:57.788Z] [ALL] 06-13 11:56:55.304 23807 23807 D AVStageUtils: createInstance(64bit): createVendorAVUtils success!
[2026-06-13T06:26:57.788Z] [ALL] 06-13 11:56:55.304 23807 23807 D OplusUtils: OplusUtils [89]: 
[2026-06-13T06:26:57.788Z] [ALL] 06-13 11:56:55.305 23807 23807 E screencap: createInstance(64bit) : createExtendedFactory
[2026-06-13T06:26:57.788Z] [ALL] 06-13 11:56:55.306 23807 23807 E screencap: createInstance(64bit) : createExtendedFactory
[2026-06-13T06:26:57.788Z] [ALL] 06-13 11:56:55.307 23807 23807 E screencap: Opened libinputextensionsimpl.so
[2026-06-13T06:26:57.788Z] [ALL] 06-13 11:56:55.307 23807 23807 E screencap: Opened libinputextensionsimpl.so
[2026-06-13T06:26:57.788Z] [ALL] 06-13 11:56:55.307 23807 23807 E screencap: createInstance(64bit) : createExtendedFactory
[2026-06-13T06:26:57.788Z] [ALL] 06-13 11:56:55.307 23807 23807 E screencap: createInstance(64bit) : createExtendedFactory
[2026-06-13T06:26:57.788Z] [ALL] 06-13 11:56:55.307 23807 23807 E screencap: Opened libsensorextimpl.so
[2026-06-13T06:26:57.788Z] [ALL] 06-13 11:56:55.307 23807 23807 E screencap: Opened libsensorextimpl.so
[2026-06-13T06:26:57.788Z] [ALL] 06-13 11:56:55.307 23821 23821 E Parcel  : Attempt to read from protected data in Parcel 0x7feb7a11d0
[2026-06-13T06:26:57.788Z] [ALL] 06-13 11:56:55.307 23821 23821 E Parcel  : Attempt to read from protected data in Parcel 0x7feb7a11d0
[2026-06-13T06:26:57.788Z] [ALL] 06-13 11:56:55.307 23821 23821 E Parcel  : Attempt to read from protected data in Parcel 0x7feb7a11d0
[2026-06-13T06:26:57.788Z] [ALL] 06-13 11:56:55.307 23821 23821 E Parcel  : Attempt to read from protected data in Parcel 0x7feb7a11d0
[2026-06-13T06:26:57.788Z] [ALL] 06-13 11:56:55.307 23821 23821 E Parcel  : Attempt to read from protected data in Parcel 0x7feb7a11d0
[2026-06-13T06:26:57.788Z] [ALL] 06-13 11:56:55.310 23807 23807 W ProcessState: Extra binder thread started, but 0 threads requested. Do not use *startThreadPool when zero threads are requested.
[2026-06-13T06:26:57.819Z] [ALL] 06-13 11:56:55.361   600   600 I servicemanager: Could not find android.hardware.graphics.allocator.IAllocator/default in the VINTF manifest.
[2026-06-13T06:26:57.819Z] [ALL] 06-13 11:56:55.362 23807 23807 E ion     : ioctl c0044901 failed with code -1: Invalid argument
[2026-06-13T06:26:57.819Z] [ALL] 06-13 11:56:55.368 23827 23827 E Parcel  : Attempt to read from protected data in Parcel 0x7fe57d7fb0
[2026-06-13T06:26:57.819Z] [ALL] 06-13 11:56:55.368 23827 23827 E Parcel  : Attempt to read from protected data in Parcel 0x7fe57d7fb0
[2026-06-13T06:26:57.819Z] [ALL] 06-13 11:56:55.368 23827 23827 E Parcel  : Attempt to read from protected data in Parcel 0x7fe57d7fb0
[2026-06-13T06:26:57.819Z] [ALL] 06-13 11:56:55.368 23827 23827 E Parcel  : Attempt to read from protected data in Parcel 0x7fe57d7fb0
[2026-06-13T06:26:57.819Z] [ALL] 06-13 11:56:55.368 23827 23827 E Parcel  : Attempt to read from protected data in Parcel 0x7fe57d7fb0
[2026-06-13T06:26:57.841Z] [ALL] 06-13 11:56:55.422 23831 23831 E Parcel  : Attempt to read from protected data in Parcel 0x7fd1d88350
[2026-06-13T06:26:57.841Z] [ALL] 06-13 11:56:55.422 23831 23831 E Parcel  : Attempt to read from protected data in Parcel 0x7fd1d88350
[2026-06-13T06:26:57.841Z] [ALL] 06-13 11:56:55.422 23831 23831 E Parcel  : Attempt to read from protected data in Parcel 0x7fd1d88350
[2026-06-13T06:26:57.841Z] [ALL] 06-13 11:56:55.422 23831 23831 E Parcel  : Attempt to read from protected data in Parcel 0x7fd1d88350
[2026-06-13T06:26:57.841Z] [ALL] 06-13 11:56:55.422 23831 23831 E Parcel  : Attempt to read from protected data in Parcel 0x7fd1d88350
[2026-06-13T06:26:57.950Z] [ALL] 06-13 11:56:55.497 23835 23835 E Parcel  : Attempt to read from protected data in Parcel 0x7fce857dc0
[2026-06-13T06:26:57.950Z] [ALL] 06-13 11:56:55.497 23835 23835 E Parcel  : Attempt to read from protected data in Parcel 0x7fce857dc0
[2026-06-13T06:26:57.950Z] [ALL] 06-13 11:56:55.497 23835 23835 E Parcel  : Attempt to read from protected data in Parcel 0x7fce857dc0
[2026-06-13T06:26:57.950Z] [ALL] 06-13 11:56:55.497 23835 23835 E Parcel  : Attempt to read from protected data in Parcel 0x7fce857dc0
[2026-06-13T06:26:57.950Z] [ALL] 06-13 11:56:55.497 23835 23835 E Parcel  : Attempt to read from protected data in Parcel 0x7fce857dc0
[2026-06-13T06:26:57.996Z] [ALL] 06-13 11:56:55.560 23839 23839 E Parcel  : Attempt to read from protected data in Parcel 0x7fdb784c70
[2026-06-13T06:26:57.996Z] [ALL] 06-13 11:56:55.561 23839 23839 E Parcel  : Attempt to read from protected data in Parcel 0x7fdb784c70
[2026-06-13T06:26:57.996Z] [ALL] 06-13 11:56:55.561 23839 23839 E Parcel  : Attempt to read from protected data in Parcel 0x7fdb784c70
[2026-06-13T06:26:57.996Z] [ALL] 06-13 11:56:55.561 23839 23839 E Parcel  : Attempt to read from protected data in Parcel 0x7fdb784c70
[2026-06-13T06:26:57.996Z] [ALL] 06-13 11:56:55.561 23839 23839 E Parcel  : Attempt to read from protected data in Parcel 0x7fdb784c70
[2026-06-13T06:26:58.027Z] [ALL] 06-13 11:56:55.570  1695  4615 W ProcessCpuTracker: Failed to stat(/proc/23839): android.system.ErrnoException: stat failed: ENOENT (No such file or directory)
[2026-06-13T06:26:58.027Z] [ALL] 06-13 11:56:55.571  1695  4615 W ProcessCpuTracker: Skipping unknown process pid 23839
[2026-06-13T06:26:58.027Z] [ALL] 06-13 11:56:55.578  1695  4615 D OplusAppListInterceptManager: shouldFilterTask
[2026-06-13T06:26:58.027Z] [ALL] 06-13 11:56:55.578  1695  4615 D OplusAppListInterceptManager: shouldFilterTask::packageName = com.safebank.ai
[2026-06-13T06:26:58.027Z] [ALL] 06-13 11:56:55.578  1695  4615 D OplusAppListInterceptManager: shouldFilterTask
[2026-06-13T06:26:58.027Z] [ALL] 06-13 11:56:55.578  1695  4615 D OplusAppListInterceptManager: shouldFilterTask::packageName = com.aistudio.emergencydetector.bypcrw
[2026-06-13T06:26:58.027Z] [ALL] 06-13 11:56:55.578  1695  4615 D OplusAppListInterceptManager: shouldFilterTask
[2026-06-13T06:26:58.027Z] [ALL] 06-13 11:56:55.578  1695  4615 D OplusAppListInterceptManager: shouldFilterTask::packageName = com.whatsapp
[2026-06-13T06:26:58.027Z] [ALL] 06-13 11:56:55.578  1695  4615 D OplusAppListInterceptManager: shouldFilterTask
[2026-06-13T06:26:58.027Z] [ALL] 06-13 11:56:55.578  1695  4615 D OplusAppListInterceptManager: shouldFilterTask::packageName = com.google.android.apps.messaging
[2026-06-13T06:26:58.027Z] [ALL] 06-13 11:56:55.578  1695  4615 D OplusAppListInterceptManager: shouldFilterTask
[2026-06-13T06:26:58.027Z] [ALL] 06-13 11:56:55.578  1695  4615 D OplusAppListInterceptManager: shouldFilterTask::packageName = com.jio.myjio
[2026-06-13T06:26:58.027Z] [ALL] 06-13 11:56:55.578  1695  4615 D OplusAppListInterceptManager: shouldFilterTask
[2026-06-13T06:26:58.027Z] [ALL] 06-13 11:56:55.578  1695  4615 D OplusAppListInterceptManager: shouldFilterTask::packageName = com.oppo.quicksearchbox
[2026-06-13T06:26:58.027Z] [ALL] 06-13 11:56:55.581  4650  4650 W GuardElfCpu: type=1400 audit(0.0:13723): avc: denied { search } for name="20565" dev="proc" ino=17950821 scontext=u:r:system_app:s0 tcontext=u:r:adbd:s0 tclass=dir permissive=0
[2026-06-13T06:26:58.027Z] [ALL] 06-13 11:56:55.581  4650  4650 W GuardElfCpu: type=1400 audit(0.0:13724): avc: denied { read } for name="status" dev="proc" ino=17957969 scontext=u:r:system_app:s0 tcontext=u:r:logd:s0 tclass=file permissive=0
[2026-06-13T06:26:58.027Z] [ALL] 06-13 11:56:55.581  4650  4650 W GuardElfCpu: type=1400 audit(0.0:13725): avc: denied { read } for name="status" dev="proc" ino=17957970 scontext=u:r:system_app:s0 tcontext=u:r:kernel:s0 tclass=file permissive=0
[2026-06-13T06:26:58.027Z] [ALL] 06-13 11:56:55.581  4650  4650 W GuardElfCpu: type=1400 audit(0.0:13726): avc: denied { read } for name="status" dev="proc" ino=17957971 scontext=u:r:system_app:s0 tcontext=u:r:kernel:s0 tclass=file permissive=0
[2026-06-13T06:26:58.057Z] [ALL] 06-13 11:56:55.583 23807 23807 W RefBase : RefBase: Explicit destruction, weak count = 0 (in 0x7445d84f40). Use sp<> to manage this object.
[2026-06-13T06:26:58.057Z] [ALL] 06-13 11:56:55.587 23807 23807 D RefBase : #00 pc 00000000000efaa8  /apex/com.android.runtime/lib64/bionic/libc.so (__cxa_finalize+280)
[2026-06-13T06:26:58.057Z] [ALL] 06-13 11:56:55.587 23807 23807 D RefBase : #01 pc 00000000000e1948  /apex/com.android.runtime/lib64/bionic/libc.so (exit+24)
[2026-06-13T06:26:58.057Z] [ALL] 06-13 11:56:55.587 23807 23807 D RefBase : #02 pc 0000000000074dd4  /apex/com.android.runtime/lib64/bionic/libc.so (__libc_init+100)
[2026-06-13T06:26:58.057Z] [ALL] 06-13 11:56:55.613  7763  7793 E IHansComunication: HANS printMessageBody: RCV message: type = 0,port = 86870,caller_pid = 1129,caller_uid = 1047,target_pid = 24280,target_uid = 10354,pkg_cmd = -1,rpc = android.hardware.ICameraServiceListener/5
[2026-06-13T06:26:58.057Z] [ALL] 06-13 11:56:55.616  1695  2771 I OplusHansManager : unfreeze uid: 10354 com.myntra.android pids: [24280, 24544] reason: AsyncBinder scene: LcdOn
[2026-06-13T06:26:58.057Z] [ALL] 06-13 11:56:55.617  1695  2752 I OplusHansManager : uid=10354, pkg=com.myntra.android, transition from F to Middle, reason=AsyncBinder
[2026-06-13T06:26:58.057Z] [ALL] 06-13 11:56:55.617  1695  2752 I OplusHansManager : uid=10354, pkg=com.myntra.android F exit(), F stay=0, reason=AsyncBinder
[2026-06-13T06:26:58.087Z] [ALL] 06-13 11:56:55.624 23843 23843 E Parcel  : Attempt to read from protected data in Parcel 0x7ffa5b25b0
[2026-06-13T06:26:58.087Z] [ALL] 06-13 11:56:55.624 23843 23843 E Parcel  : Attempt to read from protected data in Parcel 0x7ffa5b25b0
[2026-06-13T06:26:58.087Z] [ALL] 06-13 11:56:55.624 23843 23843 E Parcel  : Attempt to read from protected data in Parcel 0x7ffa5b25b0
[2026-06-13T06:26:58.087Z] [ALL] 06-13 11:56:55.624 23843 23843 E Parcel  : Attempt to read from protected data in Parcel 0x7ffa5b25b0
[2026-06-13T06:26:58.087Z] [ALL] 06-13 11:56:55.624 23843 23843 E Parcel  : Attempt to read from protected data in Parcel 0x7ffa5b25b0
[2026-06-13T06:26:58.087Z] [ALL] 06-13 11:56:55.635 22562 22768 I appium  : AppiumResponse: {"sessionId":"bbd9c9d5-5fb4-4929-9d59-c57d0a8ed320","value":"iVBORw0KGgoAAAANSUhEUgAABDgAAAlgCAYAAABtGofVAAAAAXNSR0IArs4c6QAAAARzQklUCAgICHwIZIgAACAASURBVHic7N13nBPV2gfw30yyjWWXKr333hWkdxDpiA3UV8WGIlasKNj14rXXq9gQQUF6k957l7b0Xpe2bE0y8/6RTDZl0idldn/f+9krO5k5c5LJJjPPPOc5Qk6uLIOIiIiIiIiISMfEaHeAiIiIiIi…
[2026-06-13T06:26:58.113Z] [ALL] 06-13 11:56:55.677 23852 23852 E Parcel  : Attempt to read from protected data in Parcel 0x7fce23fbf0
[2026-06-13T06:26:58.113Z] [ALL] 06-13 11:56:55.677 23852 23852 E Parcel  : Attempt to read from protected data in Parcel 0x7fce23fbf0
[2026-06-13T06:26:58.113Z] [ALL] 06-13 11:56:55.677 23852 23852 E Parcel  : Attempt to read from protected data in Parcel 0x7fce23fbf0
[2026-06-13T06:26:58.113Z] [ALL] 06-13 11:56:55.677 23852 23852 E Parcel  : Attempt to read from protected data in Parcel 0x7fce23fbf0
[2026-06-13T06:26:58.113Z] [ALL] 06-13 11:56:55.677 23852 23852 E Parcel  : Attempt to read from protected data in Parcel 0x7fce23fbf0