[2026-06-13T06:26:58.161Z] [ALL] 06-13 11:56:55.736 23860 23860 E Parcel  : Attempt to read from protected data in Parcel 0x7fe9f8ed70
[2026-06-13T06:26:58.161Z] [ALL] 06-13 11:56:55.736 23860 23860 E Parcel  : Attempt to read from protected data in Parcel 0x7fe9f8ed70
[2026-06-13T06:26:58.161Z] [ALL] 06-13 11:56:55.736 23860 23860 E Parcel  : Attempt to read from protected data in Parcel 0x7fe9f8ed70
[2026-06-13T06:26:58.161Z] [ALL] 06-13 11:56:55.736 23860 23860 E Parcel  : Attempt to read from protected data in Parcel 0x7fe9f8ed70
[2026-06-13T06:26:58.161Z] [ALL] 06-13 11:56:55.736 23860 23860 E Parcel  : Attempt to read from protected data in Parcel 0x7fe9f8ed70
[2026-06-13T06:26:58.226Z] [ALL] 06-13 11:56:55.797 23867 23867 E Parcel  : Attempt to read from protected data in Parcel 0x7fc3de9ea0
[2026-06-13T06:26:58.226Z] [ALL] 06-13 11:56:55.797 23867 23867 E Parcel  : Attempt to read from protected data in Parcel 0x7fc3de9ea0
[2026-06-13T06:26:58.226Z] [ALL] 06-13 11:56:55.797 23867 23867 E Parcel  : Attempt to read from protected data in Parcel 0x7fc3de9ea0
[2026-06-13T06:26:58.226Z] [ALL] 06-13 11:56:55.797 23867 23867 E Parcel  : Attempt to read from protected data in Parcel 0x7fc3de9ea0
[2026-06-13T06:26:58.226Z] [ALL] 06-13 11:56:55.797 23867 23867 E Parcel  : Attempt to read from protected data in Parcel 0x7fc3de9ea0
[2026-06-13T06:26:58.262Z] [ALL] 06-13 11:56:55.802 20565 20565 I adbd    : adbd service requested 'shell,v2,raw:dumpsys window displays'
[2026-06-13T06:26:58.313Z] [ALL] 06-13 11:56:55.826  7763  7763 D IHansComunication: HANS sendMessageToKernel: threadId = 536992353456, netLinkSetup = 1, type = FROZEN_TRANS, targetUid = 10354, pkgCmd = PKG_CMD_MAX
[2026-06-13T06:26:58.313Z] [ALL] 06-13 11:56:55.854 23880 23880 E Parcel  : Attempt to read from protected data in Parcel 0x7fd2493920
[2026-06-13T06:26:58.313Z] [ALL] 06-13 11:56:55.854 23880 23880 E Parcel  : Attempt to read from protected data in Parcel 0x7fd2493920
[2026-06-13T06:26:58.313Z] [ALL] 06-13 11:56:55.854 23880 23880 E Parcel  : Attempt to read from protected data in Parcel 0x7fd2493920
[2026-06-13T06:26:58.313Z] [ALL] 06-13 11:56:55.854 23880 23880 E Parcel  : Attempt to read from protected data in Parcel 0x7fd2493920
[2026-06-13T06:26:58.313Z] [ALL] 06-13 11:56:55.854 23880 23880 E Parcel  : Attempt to read from protected data in Parcel 0x7fd2493920
[2026-06-13T06:26:58.361Z] [ALL] 06-13 11:56:55.911 23884 23884 E Parcel  : Attempt to read from protected data in Parcel 0x7ffacc3da0
[2026-06-13T06:26:58.361Z] [ALL] 06-13 11:56:55.912 23884 23884 E Parcel  : Attempt to read from protected data in Parcel 0x7ffacc3da0
[2026-06-13T06:26:58.361Z] [ALL] 06-13 11:56:55.912 23884 23884 E Parcel  : Attempt to read from protected data in Parcel 0x7ffacc3da0
[2026-06-13T06:26:58.361Z] [ALL] 06-13 11:56:55.912 23884 23884 E Parcel  : Attempt to read from protected data in Parcel 0x7ffacc3da0
[2026-06-13T06:26:58.361Z] [ALL] 06-13 11:56:55.912 23884 23884 E Parcel  : Attempt to read from protected data in Parcel 0x7ffacc3da0
[2026-06-13T06:26:58.403Z] [ALL] 06-13 11:56:55.946  2744  2744 D OplusTelephonyController: onSignalStrengthChanged: SignalStrength=SignalStrength:{mCdma=CellSignalStrengthCdma: cdmaDbm=2147483647 cdmaEcio=2147483647 evdoDbm=2147483647 evdoEcio=2147483647 evdoSnr=2147483647 level=0,mGsm=CellSignalStrengthGsm: rssi=2147483647 ber=2147483647 mTa=2147483647 mLevel=0,mWcdma=CellSignalStrengthWcdma: ss=2147483647 ber=2147483647 rscp=2147483647 ecno=2147483647 level=0,mTdscdma=CellSignalStrengthTdscdma: rssi=2147483647 ber=2147483647 rscp=2147483647 level=0,mLte=CellSignalStrengthLte: rssi=2147483647 rsrp=2147483647 rsrq=2147483647 rssnr=2147483647 cqiTableIndex=2147483647 cqi=2147483647 ta=2147483647 level=0 parametersUseForLevel=0,mNr=CellSignalStrengthNr:{ csiRsrp = 2147483647 csiRsrq = 2147483647 csiCqiTableIndex = 2147483647 csiCqiReport = [] ssRsrp = -89 ssRsrq = -5 ssSinr = 15 level = 2 parametersUseForLevel = 0 },primary=CellSignalStrengthNr}, phoneId=0, mMtkLevel=0, mMtkRsrpOnly=false, mMtkLteRsrpThreshold=null, mMtkLteRssnrThreshold=null
[2026-06-13T06:26:58.435Z] [ALL] 06-13 11:56:55.973  1000  1065 D SurfaceFlinger: kickIdle 5097, 5008, 35, 0
[2026-06-13T06:26:58.435Z] [ALL] 06-13 11:56:55.973 23888 23888 E Parcel  : Attempt to read from protected data in Parcel 0x7fff2828f0
[2026-06-13T06:26:58.435Z] [ALL] 06-13 11:56:55.973 23888 23888 E Parcel  : Attempt to read from protected data in Parcel 0x7fff2828f0
[2026-06-13T06:26:58.435Z] [ALL] 06-13 11:56:55.973 23888 23888 E Parcel  : Attempt to read from protected data in Parcel 0x7fff2828f0
[2026-06-13T06:26:58.435Z] [ALL] 06-13 11:56:55.973 23888 23888 E Parcel  : Attempt to read from protected data in Parcel 0x7fff2828f0
[2026-06-13T06:26:58.435Z] [ALL] 06-13 11:56:55.973 23888 23888 E Parcel  : Attempt to read from protected data in Parcel 0x7fff2828f0
[2026-06-13T06:26:58.435Z] [ALL] 06-13 11:56:55.973   882   882 E hwcomposer: [DRMDEV] DRM_IOCTL_MTK_KICK_IDLE failed, drm_id_crtc: 64, error: -1  
[2026-06-13T06:26:58.464Z] [ALL] 06-13 11:56:55.998 22562 22768 I appium  : channel read: POST /session/bbd9c9d5-5fb4-4929-9d59-c57d0a8ed320/element
[2026-06-13T06:26:58.464Z] [ALL] 06-13 11:56:56.000 22562 22768 I appium  : FindElement command
[2026-06-13T06:26:58.464Z] [ALL] 06-13 11:56:56.001 22562 22768 I appium  : method: 'xpath', selector: '//*[@resource-id="nav_item_profile"] | ~nav_item_profile'
[2026-06-13T06:26:58.464Z] [ALL] 06-13 11:56:56.002 22562 22768 I appium  : Waiting up to 10000ms for the device to idle
[2026-06-13T06:26:58.464Z] [ALL] 06-13 11:56:56.004 22562 22768 I appium  : The following attributes will be included to the page source: [resource-id]
[2026-06-13T06:26:58.505Z] [ALL] 06-13 11:56:56.030 22562 22768 I appium  : AppiumResponse: {"sessionId":"bbd9c9d5-5fb4-4929-9d59-c57d0a8ed320","value":{"error":"invalid selector","message":"org.eclipse.wst.xml.xpath2.processor.XPathParserException: JFlex lexer error: Unknown character at line 1 col 40: ~","stacktrace":"io.appium.uiautomator2.common.exceptions.InvalidSelectorException: org.eclipse.wst.xml.xpath2.processor.XPathParserException: JFlex lexer error: Unknown character at line 1 col 40: ~\n\tat io.appium.uiautomator2.core.AccessibilityNodeInfoDumper.findNodesUsingXpath2(AccessibilityNodeInfoDumper.java:319)\n\tat io.appium.uiautomator2.core.AccessibilityNodeInfoDumper.findNodes(AccessibilityNodeInfoDumper.java:378)\n\tat io.appium.uiautomator2.utils.ElementLocationHelpers.getXPathNodeMatch(ElementLocationHelpers.java:124)\n\tat io.appium.uiautomator2.utils.ElementLocationHelpers.findElement(ElementLocationHelpers.java:151)\n\tat io.appium.uiautomator2.handler.FindElement.safeHandle(FindElement.java:60)\n\tat io.appium.uiautomator2.handler.request.SafeRequestHandler.handle(SafeRequestHandler.java:59)\n\tat io.appium.uiautomator2.server.AppiumServlet.handleRequest(AppiumServlet.java:267)\n\tat io.appium.uiautomator2.server.AppiumServlet.handleHttpRequest(AppiumServlet.java:261)\n\tat io.appium.uiautomator2.http.ServerHandler.channelRead(ServerHandler.java:77)\n\tat io.netty.channel.AbstractChannelHandlerContext.fireChannelRead(AbstractChannelHandlerContext.java:357)\n\tat io.netty.handler.codec.MessageToMessageDecoder.channelRead(MessageToMessageDecoder.java:107)\n\tat io.netty.channel.AbstractChannelHandlerContext.fireChannelRead(AbstractChannelHandlerContext.java:357)\n\tat io.netty.channel.CombinedChannelDuplexHandler$DelegatingChannelHandlerContext.fireChannelRead(CombinedChannelDuplexHandler.java:434)\n\tat io.netty.handler.codec.ByteToMessageDecoder.fireChannelRead(ByteToMessageDecoder.java:361)\n\tat io.netty.handler.codec.ByteToMessageDecoder.channelRead(ByteToMessageDecoder.java:325)\n\tat io.netty.channel.CombinedChannelDuplexHandler.channelRead(CombinedChannelDuplexHandler.java:249)\n\tat io.netty.channel.AbstractChannelHandlerContext.fireChannelRead(AbstractChannelHandlerContext.java:355)\n\tat io.netty.handler.timeout.IdleStateHandler.channelRead(IdleStateHandler.java:288)\n\tat io.netty.channel.AbstractChannelHandlerContext.fireChannelRead(AbstractChannelHandlerContext.java:355)\n\tat io.netty.channel.DefaultChannelPipeline$HeadContext.channelRead(DefaultChannelPipeline.java:1429)\n\tat io.netty.channel.DefaultChannelPipeline.fireChannelRead(DefaultChannelPipeline.java:918)\n\tat io.netty.channel.nio.AbstractNioByteChannel$NioByteUnsafe.read(AbstractNioByteChannel.java:176)\n\tat io.netty.channel.nio.AbstractNioChannel$AbstractNioUnsafe.handle(AbstractNioChannel.java:445)\n\tat io.netty.channel.nio.NioIoHandler$DefaultNioRegistration.handle(NioIoHandler.java:388)\n\tat io.netty.channel.nio.NioIoHandler.processSelectedKey(NioIoHandler.java:596)\n\tat io.netty.channel.nio.NioIoHandler.processSelectedKeysOptimized(NioIoHandler.java:571)\n\tat io.netty.channel.nio.NioIoHandler.processSelectedKeys(NioIoHandler.java:512)\n\tat io.netty.channel.nio.NioIoHandler.run(NioIoHandler.java:484)\n\tat io.netty.channel.SingleThreadIoEventLoop.runIo(SingleThreadIoEventLoop.java:225)\n\tat io.netty.channel.SingleThreadIoEventLoop.run(SingleThreadIoEventLoop.java:196)\n\tat io.netty.util.concurrent.SingleThreadEventExecutor$5.run(SingleThreadEventExecutor.java:1195)\n\tat io.netty.util.internal.ThreadExecutorMap$2.run(ThreadExecutorMap.java:74)\n\tat io.netty.util.concurrent.FastThreadLocalRunnable.run(FastThreadLocalRunnable.java:30)\n\tat java.lang.Thread.run(Thread.java:1572)\nCaused by: org.eclipse.wst.xml.xpath2.processor.XPathParserException: JFlex lexer error: Unknown character at line 1 col 40: ~\n\tat org.eclipse.wst.xml.xpath2.processor.internal.InternalXPathParser.parse(InternalXPathParser.java:67)\n\tat org.eclipse.wst.xml.xpath2.processor.JFlexCupParser.parse(JFlexCupParser.java:35)\n\tat org.eclipse.wst.xml.xpath2.processor.Engine.parseExpre
[2026-06-13T06:26:58.505Z] [ALL] 06-13 11:56:56.046  1000  1065 D SurfaceFlinger: kickIdle 73, 50, 35, 0
[2026-06-13T06:26:58.505Z] [ALL] 06-13 11:56:56.047   882   882 E hwcomposer: [DRMDEV] DRM_IOCTL_MTK_KICK_IDLE failed, drm_id_crtc: 64, error: -1  
[2026-06-13T06:26:58.505Z] [ALL] 06-13 11:56:56.048 23894 23894 E Parcel  : Attempt to read from protected data in Parcel 0x7ffd300ee0
[2026-06-13T06:26:58.505Z] [ALL] 06-13 11:56:56.048 23894 23894 E Parcel  : Attempt to read from protected data in Parcel 0x7ffd300ee0
[2026-06-13T06:26:58.505Z] [ALL] 06-13 11:56:56.048 23894 23894 E Parcel  : Attempt to read from protected data in Parcel 0x7ffd300ee0
[2026-06-13T06:26:58.505Z] [ALL] 06-13 11:56:56.048 23894 23894 E Parcel  : Attempt to read from protected data in Parcel 0x7ffd300ee0
[2026-06-13T06:26:58.505Z] [ALL] 06-13 11:56:56.048 23894 23894 E Parcel  : Attempt to read from protected data in Parcel 0x7ffd300ee0
[2026-06-13T06:26:58.543Z] [ALL] 06-13 11:56:56.105 23898 23898 E Parcel  : Attempt to read from protected data in Parcel 0x7fef6aebf0
[2026-06-13T06:26:58.543Z] [ALL] 06-13 11:56:56.105 23898 23898 E Parcel  : Attempt to read from protected data in Parcel 0x7fef6aebf0
[2026-06-13T06:26:58.544Z] [ALL] 06-13 11:56:56.105 23898 23898 E Parcel  : Attempt to read from protected data in Parcel 0x7fef6aebf0
[2026-06-13T06:26:58.544Z] [ALL] 06-13 11:56:56.105 23898 23898 E Parcel  : Attempt to read from protected data in Parcel 0x7fef6aebf0
[2026-06-13T06:26:58.544Z] [ALL] 06-13 11:56:56.105 23898 23898 E Parcel  : Attempt to read from protected data in Parcel 0x7fef6aebf0
[2026-06-13T06:26:58.544Z] [ALL] 06-13 11:56:56.109 22562 22768 I appium  : channel read: POST /session/bbd9c9d5-5fb4-4929-9d59-c57d0a8ed320/element
[2026-06-13T06:26:58.594Z] [ALL] 06-13 11:56:56.110 22562 22768 I appium  : FindElement command
[2026-06-13T06:26:58.594Z] [ALL] 06-13 11:56:56.112 22562 22768 I appium  : method: 'xpath', selector: '//*[@resource-id="nav_item_profile"] | ~nav_item_profile'
[2026-06-13T06:26:58.594Z] [ALL] 06-13 11:56:56.112 22562 22768 I appium  : Waiting up to 10000ms for the device to idle
[2026-06-13T06:26:58.594Z] [ALL] 06-13 11:56:56.115 22562 22768 I appium  : The following attributes will be included to the page source: [resource-id]
[2026-06-13T06:26:58.594Z] [ALL] 06-13 11:56:56.135 22562 22768 I appium  : AppiumResponse: {"sessionId":"bbd9c9d5-5fb4-4929-9d59-c57d0a8ed320","value":{"error":"invalid selector","message":"org.eclipse.wst.xml.xpath2.processor.XPathParserException: JFlex lexer error: Unknown character at line 1 col 40: ~","stacktrace":"io.appium.uiautomator2.common.exceptions.InvalidSelectorException: org.eclipse.wst.xml.xpath2.processor.XPathParserException: JFlex lexer error: Unknown character at line 1 col 40: ~\n\tat io.appium.uiautomator2.core.AccessibilityNodeInfoDumper.findNodesUsingXpath2(AccessibilityNodeInfoDumper.java:319)\n\tat io.appium.uiautomator2.core.AccessibilityNodeInfoDumper.findNodes(AccessibilityNodeInfoDumper.java:378)\n\tat io.appium.uiautomator2.utils.ElementLocationHelpers.getXPathNodeMatch(ElementLocationHelpers.java:124)\n\tat io.appium.uiautomator2.utils.ElementLocationHelpers.findElement(ElementLocationHelpers.java:151)\n\tat io.appium.uiautomator2.handler.FindElement.safeHandle(FindElement.java:60)\n\tat io.appium.uiautomator2.handler.request.SafeRequestHandler.handle(SafeRequestHandler.java:59)\n\tat io.appium.uiautomator2.server.AppiumServlet.handleRequest(AppiumServlet.java:267)\n\tat io.appium.uiautomator2.server.AppiumServlet.handleHttpRequest(AppiumServlet.java:261)\n\tat io.appium.uiautomator2.http.ServerHandler.channelRead(ServerHandler.java:77)\n\tat io.netty.channel.AbstractChannelHandlerContext.fireChannelRead(AbstractChannelHandlerContext.java:357)\n\tat io.netty.handler.codec.MessageToMessageDecoder.channelRead(MessageToMessageDecoder.java:107)\n\tat io.netty.channel.AbstractChannelHandlerContext.fireChannelRead(AbstractChannelHandlerContext.java:357)\n\tat io.netty.channel.CombinedChannelDuplexHandler$DelegatingChannelHandlerContext.fireChannelRead(CombinedChannelDuplexHandler.java:434)\n\tat io.netty.handler.codec.ByteToMessageDecoder.fireChannelRead(ByteToMessageDecoder.java:361)\n\tat io.netty.handler.codec.ByteToMessageDecoder.channelRead(ByteToMessageDecoder.java:325)\n\tat io.netty.channel.CombinedChannelDuplexHandler.channelRead(CombinedChannelDuplexHandler.java:249)\n\tat io.netty.channel.AbstractChannelHandlerContext.fireChannelRead(AbstractChannelHandlerContext.java:355)\n\tat io.netty.handler.timeout.IdleStateHandler.channelRead(IdleStateHandler.java:288)\n\tat io.netty.channel.AbstractChannelHandlerContext.fireChannelRead(AbstractChannelHandlerContext.java:355)\n\tat io.netty.channel.DefaultChannelPipeline$HeadContext.channelRead(DefaultChannelPipeline.java:1429)\n\tat io.netty.channel.DefaultChannelPipeline.fireChannelRead(DefaultChannelPipeline.java:918)\n\tat io.netty.channel.nio.AbstractNioByteChannel$NioByteUnsafe.read(AbstractNioByteChannel.java:176)\n\tat io.netty.channel.nio.AbstractNioChannel$AbstractNioUnsafe.handle(AbstractNioChannel.java:445)\n\tat io.netty.channel.nio.NioIoHandler$DefaultNioRegistration.handle(NioIoHandler.java:388)\n\tat io.netty.channel.nio.NioIoHandler.processSelectedKey(NioIoHandler.java:596)\n\tat io.netty.channel.nio.NioIoHandler.processSelectedKeysOptimized(NioIoHandler.java:571)\n\tat io.netty.channel.nio.NioIoHandler.processSelectedKeys(NioIoHandler.java:512)\n\tat io.netty.channel.nio.NioIoHandler.run(NioIoHandler.java:484)\n\tat io.netty.channel.SingleThreadIoEventLoop.runIo(SingleThreadIoEventLoop.java:225)\n\tat io.netty.channel.SingleThreadIoEventLoop.run(SingleThreadIoEventLoop.java:196)\n\tat io.netty.util.concurrent.SingleThreadEventExecutor$5.run(SingleThreadEventExecutor.java:1195)\n\tat io.netty.util.internal.ThreadExecutorMap$2.run(ThreadExecutorMap.java:74)\n\tat io.netty.util.concurrent.FastThreadLocalRunnable.run(FastThreadLocalRunnable.java:30)\n\tat java.lang.Thread.run(Thread.java:1572)\nCaused by: org.eclipse.wst.xml.xpath2.processor.XPathParserException: JFlex lexer error: Unknown character at line 1 col 40: ~\n\tat org.eclipse.wst.xml.xpath2.processor.internal.InternalXPathParser.parse(InternalXPathParser.java:67)\n\tat org.eclipse.wst.xml.xpath2.processor.JFlexCupParser.parse(JFlexCupParser.java:35)\n\tat org.eclipse.wst.xml.xpath2.processor.Engine.parseExpre
[2026-06-13T06:26:58.641Z] [ALL] 06-13 11:56:56.159 23902 23902 E Parcel  : Attempt to read from protected data in Parcel 0x7fecf056c0
[2026-06-13T06:26:58.641Z] [ALL] 06-13 11:56:56.159 23902 23902 E Parcel  : Attempt to read from protected data in Parcel 0x7fecf056c0
[2026-06-13T06:26:58.641Z] [ALL] 06-13 11:56:56.159 23902 23902 E Parcel  : Attempt to read from protected data in Parcel 0x7fecf056c0
[2026-06-13T06:26:58.641Z] [ALL] 06-13 11:56:56.159 23902 23902 E Parcel  : Attempt to read from protected data in Parcel 0x7fecf056c0
[2026-06-13T06:26:58.641Z] [ALL] 06-13 11:56:56.159 23902 23902 E Parcel  : Attempt to read from protected data in Parcel 0x7fecf056c0
[2026-06-13T06:26:58.699Z] [ALL] 06-13 11:56:56.221 23906 23906 E Parcel  : Attempt to read from protected data in Parcel 0x7ffcac9db0
[2026-06-13T06:26:58.699Z] [ALL] 06-13 11:56:56.221 23906 23906 E Parcel  : Attempt to read from protected data in Parcel 0x7ffcac9db0
[2026-06-13T06:26:58.699Z] [ALL] 06-13 11:56:56.221 23906 23906 E Parcel  : Attempt to read from protected data in Parcel 0x7ffcac9db0
[2026-06-13T06:26:58.699Z] [ALL] 06-13 11:56:56.221 23906 23906 E Parcel  : Attempt to read from protected data in Parcel 0x7ffcac9db0
[2026-06-13T06:26:58.699Z] [ALL] 06-13 11:56:56.221 23906 23906 E Parcel  : Attempt to read from protected data in Parcel 0x7ffcac9db0
[2026-06-13T06:26:58.699Z] [ALL] 06-13 11:56:56.229 22562 22768 I appium  : channel read: POST /session/bbd9c9d5-5fb4-4929-9d59-c57d0a8ed320/element
[2026-06-13T06:26:58.699Z] [ALL] 06-13 11:56:56.231 22562 22768 I appium  : FindElement command
[2026-06-13T06:26:58.699Z] [ALL] 06-13 11:56:56.233 22562 22768 I appium  : method: 'xpath', selector: '//*[@resource-id="nav_item_profile"] | ~nav_item_profile'
[2026-06-13T06:26:58.699Z] [ALL] 06-13 11:56:56.233 22562 22768 I appium  : Waiting up to 10000ms for the device to idle
[2026-06-13T06:26:58.754Z] [ALL] 06-13 11:56:56.236 22562 22768 I appium  : The following attributes will be included to the page source: [resource-id]
[2026-06-13T06:26:58.754Z] [ALL] 06-13 11:56:56.258 22562 22768 I appium  : AppiumResponse: {"sessionId":"bbd9c9d5-5fb4-4929-9d59-c57d0a8ed320","value":{"error":"invalid selector","message":"org.eclipse.wst.xml.xpath2.processor.XPathParserException: JFlex lexer error: Unknown character at line 1 col 40: ~","stacktrace":"io.appium.uiautomator2.common.exceptions.InvalidSelectorException: org.eclipse.wst.xml.xpath2.processor.XPathParserException: JFlex lexer error: Unknown character at line 1 col 40: ~\n\tat io.appium.uiautomator2.core.AccessibilityNodeInfoDumper.findNodesUsingXpath2(AccessibilityNodeInfoDumper.java:319)\n\tat io.appium.uiautomator2.core.AccessibilityNodeInfoDumper.findNodes(AccessibilityNodeInfoDumper.java:378)\n\tat io.appium.uiautomator2.utils.ElementLocationHelpers.getXPathNodeMatch(ElementLocationHelpers.java:124)\n\tat io.appium.uiautomator2.utils.ElementLocationHelpers.findElement(ElementLocationHelpers.java:151)\n\tat io.appium.uiautomator2.handler.FindElement.safeHandle(FindElement.java:60)\n\tat io.appium.uiautomator2.handler.request.SafeRequestHandler.handle(SafeRequestHandler.java:59)\n\tat io.appium.uiautomator2.server.AppiumServlet.handleRequest(AppiumServlet.java:267)\n\tat io.appium.uiautomator2.server.AppiumServlet.handleHttpRequest(AppiumServlet.java:261)\n\tat io.appium.uiautomator2.http.ServerHandler.channelRead(ServerHandler.java:77)\n\tat io.netty.channel.AbstractChannelHandlerContext.fireChannelRead(AbstractChannelHandlerContext.java:357)\n\tat io.netty.handler.codec.MessageToMessageDecoder.channelRead(MessageToMessageDecoder.java:107)\n\tat io.netty.channel.AbstractChannelHandlerContext.fireChannelRead(AbstractChannelHandlerContext.java:357)\n\tat io.netty.channel.CombinedChannelDuplexHandler$DelegatingChannelHandlerContext.fireChannelRead(CombinedChannelDuplexHandler.java:434)\n\tat io.netty.handler.codec.ByteToMessageDecoder.fireChannelRead(ByteToMessageDecoder.java:361)\n\tat io.netty.handler.codec.ByteToMessageDecoder.channelRead(ByteToMessageDecoder.java:325)\n\tat io.netty.channel.CombinedChannelDuplexHandler.channelRead(CombinedChannelDuplexHandler.java:249)\n\tat io.netty.channel.AbstractChannelHandlerContext.fireChannelRead(AbstractChannelHandlerContext.java:355)\n\tat io.netty.handler.timeout.IdleStateHandler.channelRead(IdleStateHandler.java:288)\n\tat io.netty.channel.AbstractChannelHandlerContext.fireChannelRead(AbstractChannelHandlerContext.java:355)\n\tat io.netty.channel.DefaultChannelPipeline$HeadContext.channelRead(DefaultChannelPipeline.java:1429)\n\tat io.netty.channel.DefaultChannelPipeline.fireChannelRead(DefaultChannelPipeline.java:918)\n\tat io.netty.channel.nio.AbstractNioByteChannel$NioByteUnsafe.read(AbstractNioByteChannel.java:176)\n\tat io.netty.channel.nio.AbstractNioChannel$AbstractNioUnsafe.handle(AbstractNioChannel.java:445)\n\tat io.netty.channel.nio.NioIoHandler$DefaultNioRegistration.handle(NioIoHandler.java:388)\n\tat io.netty.channel.nio.NioIoHandler.processSelectedKey(NioIoHandler.java:596)\n\tat io.netty.channel.nio.NioIoHandler.processSelectedKeysOptimized(NioIoHandler.java:571)\n\tat io.netty.channel.nio.NioIoHandler.processSelectedKeys(NioIoHandler.java:512)\n\tat io.netty.channel.nio.NioIoHandler.run(NioIoHandler.java:484)\n\tat io.netty.channel.SingleThreadIoEventLoop.runIo(SingleThreadIoEventLoop.java:225)\n\tat io.netty.channel.SingleThreadIoEventLoop.run(SingleThreadIoEventLoop.java:196)\n\tat io.netty.util.concurrent.SingleThreadEventExecutor$5.run(SingleThreadEventExecutor.java:1195)\n\tat io.netty.util.internal.ThreadExecutorMap$2.run(ThreadExecutorMap.java:74)\n\tat io.netty.util.concurrent.FastThreadLocalRunnable.run(FastThreadLocalRunnable.java:30)\n\tat java.lang.Thread.run(Thread.java:1572)\nCaused by: org.eclipse.wst.xml.xpath2.processor.XPathParserException: JFlex lexer error: Unknown character at line 1 col 40: ~\n\tat org.eclipse.wst.xml.xpath2.processor.internal.InternalXPathParser.parse(InternalXPathParser.java:67)\n\tat org.eclipse.wst.xml.xpath2.processor.JFlexCupParser.parse(JFlexCupParser.java:35)\n\tat org.eclipse.wst.xml.xpath2.processor.Engine.parseExpre
[2026-06-13T06:26:58.754Z] [ALL] 06-13 11:56:56.280 23910 23910 E Parcel  : Attempt to read from protected data in Parcel 0x7fd577f8c0
[2026-06-13T06:26:58.754Z] [ALL] 06-13 11:56:56.280 23910 23910 E Parcel  : Attempt to read from protected data in Parcel 0x7fd577f8c0
[2026-06-13T06:26:58.754Z] [ALL] 06-13 11:56:56.280 23910 23910 E Parcel  : Attempt to read from protected data in Parcel 0x7fd577f8c0
[2026-06-13T06:26:58.754Z] [ALL] 06-13 11:56:56.280 23910 23910 E Parcel  : Attempt to read from protected data in Parcel 0x7fd577f8c0
[2026-06-13T06:26:58.754Z] [ALL] 06-13 11:56:56.280 23910 23910 E Parcel  : Attempt to read from protected data in Parcel 0x7fd577f8c0
[2026-06-13T06:26:58.789Z] [ALL] 06-13 11:56:56.336 23914 23914 E Parcel  : Attempt to read from protected data in Parcel 0x7fd794d460
[2026-06-13T06:26:58.789Z] [ALL] 06-13 11:56:56.336 23914 23914 E Parcel  : Attempt to read from protected data in Parcel 0x7fd794d460
[2026-06-13T06:26:58.789Z] [ALL] 06-13 11:56:56.336 23914 23914 E Parcel  : Attempt to read from protected data in Parcel 0x7fd794d460
[2026-06-13T06:26:58.789Z] [ALL] 06-13 11:56:56.336 23914 23914 E Parcel  : Attempt to read from protected data in Parcel 0x7fd794d460
[2026-06-13T06:26:58.789Z] [ALL] 06-13 11:56:56.336 23914 23914 E Parcel  : Attempt to read from protected data in Parcel 0x7fd794d460
[2026-06-13T06:26:58.826Z] [ALL] 06-13 11:56:56.360 22562 22768 I appium  : channel read: POST /session/bbd9c9d5-5fb4-4929-9d59-c57d0a8ed320/element
[2026-06-13T06:26:58.826Z] [ALL] 06-13 11:56:56.361 22562 22768 I appium  : FindElement command
[2026-06-13T06:26:58.826Z] [ALL] 06-13 11:56:56.363 22562 22768 I appium  : method: 'xpath', selector: '//*[@resource-id="nav_item_profile"] | ~nav_item_profile'
[2026-06-13T06:26:58.826Z] [ALL] 06-13 11:56:56.363 22562 22768 I appium  : Waiting up to 10000ms for the device to idle
[2026-06-13T06:26:58.826Z] [ALL] 06-13 11:56:56.366 22562 22768 I appium  : The following attributes will be included to the page source: [resource-id]
[2026-06-13T06:26:58.884Z] [ALL] 06-13 11:56:56.387 22562 22768 I appium  : AppiumResponse: {"sessionId":"bbd9c9d5-5fb4-4929-9d59-c57d0a8ed320","value":{"error":"invalid selector","message":"org.eclipse.wst.xml.xpath2.processor.XPathParserException: JFlex lexer error: Unknown character at line 1 col 40: ~","stacktrace":"io.appium.uiautomator2.common.exceptions.InvalidSelectorException: org.eclipse.wst.xml.xpath2.processor.XPathParserException: JFlex lexer error: Unknown character at line 1 col 40: ~\n\tat io.appium.uiautomator2.core.AccessibilityNodeInfoDumper.findNodesUsingXpath2(AccessibilityNodeInfoDumper.java:319)\n\tat io.appium.uiautomator2.core.AccessibilityNodeInfoDumper.findNodes(AccessibilityNodeInfoDumper.java:378)\n\tat io.appium.uiautomator2.utils.ElementLocationHelpers.getXPathNodeMatch(ElementLocationHelpers.java:124)\n\tat io.appium.uiautomator2.utils.ElementLocationHelpers.findElement(ElementLocationHelpers.java:151)\n\tat io.appium.uiautomator2.handler.FindElement.safeHandle(FindElement.java:60)\n\tat io.appium.uiautomator2.handler.request.SafeRequestHandler.handle(SafeRequestHandler.java:59)\n\tat io.appium.uiautomator2.server.AppiumServlet.handleRequest(AppiumServlet.java:267)\n\tat io.appium.uiautomator2.server.AppiumServlet.handleHttpRequest(AppiumServlet.java:261)\n\tat io.appium.uiautomator2.http.ServerHandler.channelRead(ServerHandler.java:77)\n\tat io.netty.channel.AbstractChannelHandlerContext.fireChannelRead(AbstractChannelHandlerContext.java:357)\n\tat io.netty.handler.codec.MessageToMessageDecoder.channelRead(MessageToMessageDecoder.java:107)\n\tat io.netty.channel.AbstractChannelHandlerContext.fireChannelRead(AbstractChannelHandlerContext.java:357)\n\tat io.netty.channel.CombinedChannelDuplexHandler$DelegatingChannelHandlerContext.fireChannelRead(CombinedChannelDuplexHandler.java:434)\n\tat io.netty.handler.codec.ByteToMessageDecoder.fireChannelRead(ByteToMessageDecoder.java:361)\n\tat io.netty.handler.codec.ByteToMessageDecoder.channelRead(ByteToMessageDecoder.java:325)\n\tat io.netty.channel.CombinedChannelDuplexHandler.channelRead(CombinedChannelDuplexHandler.java:249)\n\tat io.netty.channel.AbstractChannelHandlerContext.fireChannelRead(AbstractChannelHandlerContext.java:355)\n\tat io.netty.handler.timeout.IdleStateHandler.channelRead(IdleStateHandler.java:288)\n\tat io.netty.channel.AbstractChannelHandlerContext.fireChannelRead(AbstractChannelHandlerContext.java:355)\n\tat io.netty.channel.DefaultChannelPipeline$HeadContext.channelRead(DefaultChannelPipeline.java:1429)\n\tat io.netty.channel.DefaultChannelPipeline.fireChannelRead(DefaultChannelPipeline.java:918)\n\tat io.netty.channel.nio.AbstractNioByteChannel$NioByteUnsafe.read(AbstractNioByteChannel.java:176)\n\tat io.netty.channel.nio.AbstractNioChannel$AbstractNioUnsafe.handle(AbstractNioChannel.java:445)\n\tat io.netty.channel.nio.NioIoHandler$DefaultNioRegistration.handle(NioIoHandler.java:388)\n\tat io.netty.channel.nio.NioIoHandler.processSelectedKey(NioIoHandler.java:596)\n\tat io.netty.channel.nio.NioIoHandler.processSelectedKeysOptimized(NioIoHandler.java:571)\n\tat io.netty.channel.nio.NioIoHandler.processSelectedKeys(NioIoHandler.java:512)\n\tat io.netty.channel.nio.NioIoHandler.run(NioIoHandler.java:484)\n\tat io.netty.channel.SingleThreadIoEventLoop.runIo(SingleThreadIoEventLoop.java:225)\n\tat io.netty.channel.SingleThreadIoEventLoop.run(SingleThreadIoEventLoop.java:196)\n\tat io.netty.util.concurrent.SingleThreadEventExecutor$5.run(SingleThreadEventExecutor.java:1195)\n\tat io.netty.util.internal.ThreadExecutorMap$2.run(ThreadExecutorMap.java:74)\n\tat io.netty.util.concurrent.FastThreadLocalRunnable.run(FastThreadLocalRunnable.java:30)\n\tat java.lang.Thread.run(Thread.java:1572)\nCaused by: org.eclipse.wst.xml.xpath2.processor.XPathParserException: JFlex lexer error: Unknown character at line 1 col 40: ~\n\tat org.eclipse.wst.xml.xpath2.processor.internal.InternalXPathParser.parse(InternalXPathParser.java:67)\n\tat org.eclipse.wst.xml.xpath2.processor.JFlexCupParser.parse(JFlexCupParser.java:35)\n\tat org.eclipse.wst.xml.xpath2.processor.Engine.parseExpre
[2026-06-13T06:26:58.884Z] [ALL] 06-13 11:56:56.396 23918 23918 E Parcel  : Attempt to read from protected data in Parcel 0x7fe87c6140
[2026-06-13T06:26:58.884Z] [ALL] 06-13 11:56:56.396 23918 23918 E Parcel  : Attempt to read from protected data in Parcel 0x7fe87c6140
[2026-06-13T06:26:58.884Z] [ALL] 06-13 11:56:56.396 23918 23918 E Parcel  : Attempt to read from protected data in Parcel 0x7fe87c6140
[2026-06-13T06:26:58.884Z] [ALL] 06-13 11:56:56.396 23918 23918 E Parcel  : Attempt to read from protected data in Parcel 0x7fe87c6140
[2026-06-13T06:26:58.884Z] [ALL] 06-13 11:56:56.396 23918 23918 E Parcel  : Attempt to read from protected data in Parcel 0x7fe87c6140
[2026-06-13T06:26:58.929Z] [ALL] 06-13 11:56:56.458 23922 23922 E Parcel  : Attempt to read from protected data in Parcel 0x7fdc40d540
[2026-06-13T06:26:58.929Z] [ALL] 06-13 11:56:56.459 23922 23922 E Parcel  : Attempt to read from protected data in Parcel 0x7fdc40d540
[2026-06-13T06:26:58.929Z] [ALL] 06-13 11:56:56.459 23922 23922 E Parcel  : Attempt to read from protected data in Parcel 0x7fdc40d540
[2026-06-13T06:26:58.929Z] [ALL] 06-13 11:56:56.459 23922 23922 E Parcel  : Attempt to read from protected data in Parcel 0x7fdc40d540
[2026-06-13T06:26:58.929Z] [ALL] 06-13 11:56:56.459 23922 23922 E Parcel  : Attempt to read from protected data in Parcel 0x7fdc40d540
[2026-06-13T06:26:58.964Z] [ALL] 06-13 11:56:56.485 22562 22768 I appium  : channel read: GET /session/bbd9c9d5-5fb4-4929-9d59-c57d0a8ed320/screenshot
[2026-06-13T06:26:58.964Z] [ALL] 06-13 11:56:56.486 22562 22768 I appium  : CaptureScreenshot command
[2026-06-13T06:26:58.964Z] [ALL] 06-13 11:56:56.487 22562 22768 E tomator2.server: hiddenapi: Accessing hidden method Landroid/view/Display;->getAddress()Landroid/view/DisplayAddress; (runtime_flags=0, domain=platform, api=blocked) from Lio/appium/uiautomator2/utils/ReflectionUtils; (domain=app, TargetSdkVersion=34) using reflection: denied
[2026-06-13T06:26:58.964Z] [ALL] 06-13 11:56:56.489 22562 22768 E appium  : Unable to retrieve physicalDisplayId
[2026-06-13T06:26:58.964Z] [ALL] 06-13 11:56:56.489 22562 22768 E appium  : io.appium.uiautomator2.common.exceptions.UiAutomator2Exception: Cannot get method getAddress from class android.view.Display with parameter types []
[2026-06-13T06:26:58.964Z] [ALL] 06-13 11:56:56.489 22562 22768 E appium  : 	at io.appium.uiautomator2.utils.ReflectionUtils.getMethod(ReflectionUtils.java:97)
[2026-06-13T06:26:58.964Z] [ALL] 06-13 11:56:56.489 22562 22768 E appium  : 	at io.appium.uiautomator2.utils.DisplayIdHelper.tryGetUsingAddress(DisplayIdHelper.java:98)
[2026-06-13T06:26:58.964Z] [ALL] 06-13 11:56:56.489 22562 22768 E appium  : 	at io.appium.uiautomator2.utils.DisplayIdHelper.getPhysicalDisplayId(DisplayIdHelper.java:51)
[2026-06-13T06:26:58.964Z] [ALL] 06-13 11:56:56.489 22562 22768 E appium  : 	at io.appium.uiautomator2.utils.ScreenshotHelper.extractScreencapDisplayId(ScreenshotHelper.java:145)
[2026-06-13T06:26:58.964Z] [ALL] 06-13 11:56:56.489 22562 22768 E appium  : 	at io.appium.uiautomator2.utils.ScreenshotHelper.takeDeviceScreenshot(ScreenshotHelper.java:114)
[2026-06-13T06:26:58.964Z] [ALL] 06-13 11:56:56.489 22562 22768 E appium  : 	at io.appium.uiautomator2.utils.ScreenshotHelper.takeScreenshot(ScreenshotHelper.java:60)
[2026-06-13T06:26:58.964Z] [ALL] 06-13 11:56:56.489 22562 22768 E appium  : 	at io.appium.uiautomator2.utils.ScreenshotHelper.takeScreenshot(ScreenshotHelper.java:77)
[2026-06-13T06:26:58.964Z] [ALL] 06-13 11:56:56.489 22562 22768 E appium  : 	at io.appium.uiautomator2.handler.CaptureScreenshot.safeHandle(CaptureScreenshot.java:32)
[2026-06-13T06:26:58.964Z] [ALL] 06-13 11:56:56.489 22562 22768 E appium  : 	at io.appium.uiautomator2.handler.request.SafeRequestHandler.handle(SafeRequestHandler.java:59)
[2026-06-13T06:26:58.964Z] [ALL] 06-13 11:56:56.489 22562 22768 E appium  : 	at io.appium.uiautomator2.server.AppiumServlet.handleRequest(AppiumServlet.java:267)
[2026-06-13T06:26:58.964Z] [ALL] 06-13 11:56:56.489 22562 22768 E appium  : 	at io.appium.uiautomator2.server.AppiumServlet.handleHttpRequest(AppiumServlet.java:261)
[2026-06-13T06:26:58.964Z] [ALL] 06-13 11:56:56.489 22562 22768 E appium  : 	at io.appium.uiautomator2.http.ServerHandler.channelRead(ServerHandler.java:77)
[2026-06-13T06:26:58.964Z] [ALL] 06-13 11:56:56.489 22562 22768 E appium  : 	at io.netty.channel.AbstractChannelHandlerContext.fireChannelRead(AbstractChannelHandlerContext.java:357)
[2026-06-13T06:26:58.964Z] [ALL] 06-13 11:56:56.489 22562 22768 E appium  : 	at io.netty.handler.codec.MessageToMessageDecoder.channelRead(MessageToMessageDecoder.java:107)
[2026-06-13T06:26:58.964Z] [ALL] 06-13 11:56:56.489 22562 22768 E appium  : 	at io.netty.channel.AbstractChannelHandlerContext.fireChannelRead(AbstractChannelHandlerContext.java:357)
[2026-06-13T06:26:58.964Z] [ALL] 06-13 11:56:56.489 22562 22768 E appium  : 	at io.netty.channel.CombinedChannelDuplexHandler$DelegatingChannelHandlerContext.fireChannelRead(CombinedChannelDuplexHandler.java:434)
[2026-06-13T06:26:58.964Z] [ALL] 06-13 11:56:56.489 22562 22768 E appium  : 	at io.netty.handler.codec.ByteToMessageDecoder.fireChannelRead(ByteToMessageDecoder.java:361)
[2026-06-13T06:26:58.964Z] [ALL] 06-13 11:56:56.489 22562 22768 E appium  : 	at io.netty.handler.codec.ByteToMessageDecoder.channelRead(ByteToMessageDecoder.java:325)
[2026-06-13T06:26:58.964Z] [ALL] 06-13 11:56:56.489 22562 22768 E appium  : 	at io.netty.channel.CombinedChannelDuplexHandler.channelRead(CombinedChannelDuplexHandler.java:249)
[2026-06-13T06:26:58.964Z] [ALL] 06-13 11:56:56.489 22562 22768 E appium  : 	at io.netty.channel.AbstractChannelHandlerContext.fireChannelRead(AbstractChannelHandlerContext.java:355)
[2026-06-13T06:26:58.964Z] [ALL] 06-13 11:56:56.489 22562 22768 E appium  : 	at io.netty.handler.timeout.IdleStateHandler.channelRead(IdleStateHandler.java:288)
[2026-06-13T06:26:58.964Z] [ALL] 06-13 11:56:56.489 22562 22768 E appium  : 	at io.netty.channel.AbstractChannelHandlerContext.fireChannelRead(AbstractChannelHandlerContext.java:355)
[2026-06-13T06:26:58.964Z] [ALL] 06-13 11:56:56.489 22562 22768 E appium  : 	at io.netty.channel.DefaultChannelPipeline$HeadContext.channelRead(DefaultChannelPipeline.java:1429)
[2026-06-13T06:26:58.964Z] [ALL] 06-13 11:56:56.489 22562 22768 E appium  : 	at io.netty.channel.DefaultChannelPipeline.fireChannelRead(DefaultChannelPipeline.java:918)
[2026-06-13T06:26:58.964Z] [ALL] 06-13 11:56:56.489 22562 22768 E appium  : 	at io.netty.channel.nio.AbstractNioByteChannel$NioByteUnsafe.read(AbstractNioByteChannel.java:176)
[2026-06-13T06:26:58.964Z] [ALL] 06-13 11:56:56.489 22562 22768 E appium  : 	at io.netty.channel.nio.AbstractNioChannel$AbstractNioUnsafe.handle(AbstractNioChannel.java:445)
[2026-06-13T06:26:58.964Z] [ALL] 06-13 11:56:56.489 22562 22768 E appium  : 	at io.netty.channel.nio.NioIoHandler$DefaultNioRegistration.handle(NioIoHandler.java:388)
[2026-06-13T06:26:58.964Z] [ALL] 06-13 11:56:56.489 22562 22768 E appium  : 	at io.netty.channel.nio.NioIoHandler.processSelectedKey(NioIoHandler.java:596)
[2026-06-13T06:26:58.964Z] [ALL] 06-13 11:56:56.489 22562 22768 E appium  : 	at io.netty.channel.nio.NioIoHandler.processSelectedKeysOptimized(NioIoHandler.java:571)
[2026-06-13T06:26:58.964Z] [ALL] 06-13 11:56:56.489 22562 22768 E appium  : 	at io.netty.channel.nio.NioIoHandler.processSelectedKeys(NioIoHandler.java:512)
[2026-06-13T06:26:58.964Z] [ALL] 06-13 11:56:56.489 22562 22768 E appium  : 	at io.netty.channel.nio.NioIoHandler.run(NioIoHandler.java:484)
[2026-06-13T06:26:58.964Z] [ALL] 06-13 11:56:56.489 22562 22768 E appium  : 	at io.netty.channel.SingleThreadIoEventLoop.runIo(SingleThreadIoEventLoop.java:225)
[2026-06-13T06:26:58.964Z] [ALL] 06-13 11:56:56.489 22562 22768 E appium  : 	at io.netty.channel.SingleThreadIoEventLoop.run(SingleThreadIoEventLoop.java:196)
[2026-06-13T06:26:58.964Z] [ALL] 06-13 11:56:56.489 22562 22768 E appium  : 	at io.netty.util.concurrent.SingleThreadEventExecutor$5.run(SingleThreadEventExecutor.java:1195)
[2026-06-13T06:26:58.964Z] [ALL] 06-13 11:56:56.489 22562 22768 E appium  : 	at io.netty.util.internal.ThreadExecutorMap$2.run(ThreadExecutorMap.java:74)
[2026-06-13T06:26:58.964Z] [ALL] 06-13 11:56:56.489 22562 22768 E appium  : 	at io.netty.util.concurrent.FastThreadLocalRunnable.run(FastThreadLocalRunnable.java:30)
[2026-06-13T06:26:58.964Z] [ALL] 06-13 11:56:56.489 22562 22768 E appium  : 	at java.lang.Thread.run(Thread.java:1572)
[2026-06-13T06:26:58.964Z] [ALL] 06-13 11:56:56.489 22562 22768 E appium  : Caused by: java.lang.NoSuchMethodException: android.view.Display.getAddress []
[2026-06-13T06:26:58.964Z] [ALL] 06-13 11:56:56.489 22562 22768 E appium  : 	at java.lang.Class.getMethod(Class.java:2942)
[2026-06-13T06:26:58.964Z] [ALL] 06-13 11:56:56.489 22562 22768 E appium  : 	at java.lang.Class.getDeclaredMethod(Class.java:2921)
[2026-06-13T06:26:58.964Z] [ALL] 06-13 11:56:56.489 22562 22768 E appium  : 	at io.appium.uiautomator2.utils.ReflectionUtils.getMethod(ReflectionUtils.java:93)
[2026-06-13T06:26:58.964Z] [ALL] 06-13 11:56:56.489 22562 22768 E appium  : 	... 36 more
[2026-06-13T06:26:58.964Z] [ALL] 06-13 11:56:56.512  1000  1065 D OplusSurfaceFlinger: (dumpsys)pid=23927, uid=2000, calling dumpsys SF
[2026-06-13T06:26:58.964Z] [ALL] 06-13 11:56:56.513 23931 23931 E Parcel  : Attempt to read from protected data in Parcel 0x7feb210f60
[2026-06-13T06:26:58.964Z] [ALL] 06-13 11:56:56.513 23931 23931 E Parcel  : Attempt to read from protected data in Parcel 0x7feb210f60
[2026-06-13T06:26:58.964Z] [ALL] 06-13 11:56:56.513 23931 23931 E Parcel  : Attempt to read from protected data in Parcel 0x7feb210f60
[2026-06-13T06:26:58.964Z] [ALL] 06-13 11:56:56.513 23931 23931 E Parcel  : Attempt to read from protected data in Parcel 0x7feb210f60
[2026-06-13T06:26:58.964Z] [ALL] 06-13 11:56:56.513 23931 23931 E Parcel  : Attempt to read from protected data in Parcel 0x7feb210f60
[2026-06-13T06:26:58.995Z] [ALL] 06-13 11:56:56.575 23941 23941 E Parcel  : Attempt to read from protected data in Parcel 0x7fda3006d0
[2026-06-13T06:26:58.995Z] [ALL] 06-13 11:56:56.575 23941 23941 E Parcel  : Attempt to read from protected data in Parcel 0x7fda3006d0
[2026-06-13T06:26:58.995Z] [ALL] 06-13 11:56:56.575 23941 23941 E Parcel  : Attempt to read from protected data in Parcel 0x7fda3006d0
[2026-06-13T06:26:58.995Z] [ALL] 06-13 11:56:56.575 23941 23941 E Parcel  : Attempt to read from protected data in Parcel 0x7fda3006d0
[2026-06-13T06:26:58.995Z] [ALL] 06-13 11:56:56.575 23941 23941 E Parcel  : Attempt to read from protected data in Parcel 0x7fda3006d0
[2026-06-13T06:26:59.034Z] [ALL] 06-13 11:56:56.608 23936 23936 D ExtensionsLoader: createInstance(64bit) : createExtendedFactory
[2026-06-13T06:26:59.034Z] [ALL] 06-13 11:56:56.609 23936 23936 D ExtensionsLoader: Opened libguiextimpl.so
[2026-06-13T06:26:59.071Z] [ALL] 06-13 11:56:56.615   934   934 D vendor.oplus.hardware.charger@1.0-service: getPsyUsbType type: USB, ret_value = 3
[2026-06-13T06:26:59.071Z] [ALL] 06-13 11:56:56.615   934   934 D vendor.oplus.hardware.charger@1.0-service: getPsyUsbType type: USB is usb charging.
[2026-06-13T06:26:59.103Z] [ALL] 06-13 11:56:56.622 23936 23936 D AVStageUtils: Opened liboplusavenhancements.so
[2026-06-13T06:26:59.103Z] [ALL] 06-13 11:56:56.622 23936 23936 D AVStageUtils: createInstance(64bit): createVendorAVUtils success!
[2026-06-13T06:26:59.103Z] [ALL] 06-13 11:56:56.622 23936 23936 D OplusUtils: OplusUtils [89]: 
[2026-06-13T06:26:59.103Z] [ALL] 06-13 11:56:56.623 23936 23936 D AVMediaServiceFactory: Opened liboplusavenhancements.so
[2026-06-13T06:26:59.103Z] [ALL] 06-13 11:56:56.623 23936 23936 D AVMediaServiceFactory: createInstance(64bit): createExtendedMediaServiceFactory success!
[2026-06-13T06:26:59.103Z] [ALL] 06-13 11:56:56.623 23936 23936 D AVNuFactory: Opened liboplusavenhancements.so
[2026-06-13T06:26:59.103Z] [ALL] 06-13 11:56:56.623 23936 23936 D AVNuFactory: createInstance(64bit): createExtendedNuFactory success!
[2026-06-13T06:26:59.103Z] [ALL] 06-13 11:56:56.623 23936 23936 D AVStageFactory: Opened liboplusavenhancements.so
[2026-06-13T06:26:59.103Z] [ALL] 06-13 11:56:56.623 23936 23936 D AVStageFactory: createInstance(64bit): createVendorAVFactory success!
[2026-06-13T06:26:59.103Z] [ALL] 06-13 11:56:56.623 23936 23936 D AVStageUtils: createInstance(64bit): createVendorAVUtils success!
[2026-06-13T06:26:59.103Z] [ALL] 06-13 11:56:56.623 23936 23936 D OplusUtils: OplusUtils [89]: 
[2026-06-13T06:26:59.103Z] [ALL] 06-13 11:56:56.623 23936 23936 D AVStageFactory: createInstance(64bit): createVendorAVFactory success!
[2026-06-13T06:26:59.103Z] [ALL] 06-13 11:56:56.623 23936 23936 D AVStageUtils: createInstance(64bit): createVendorAVUtils success!
[2026-06-13T06:26:59.103Z] [ALL] 06-13 11:56:56.623 23936 23936 D OplusUtils: OplusUtils [89]: 
[2026-06-13T06:26:59.103Z] [ALL] 06-13 11:56:56.623 23936 23936 D AVMediaServiceFactory: createInstance(64bit): createExtendedMediaServiceFactory success!
[2026-06-13T06:26:59.103Z] [ALL] 06-13 11:56:56.623 23936 23936 D AVNuFactory: createInstance(64bit): createExtendedNuFactory success!
[2026-06-13T06:26:59.103Z] [ALL] 06-13 11:56:56.623 23936 23936 D AVStageFactory: Opened liboplusavenhancements.so
[2026-06-13T06:26:59.103Z] [ALL] 06-13 11:56:56.623 23936 23936 D AVStageFactory: createInstance(64bit): createVendorAVFactory success!
[2026-06-13T06:26:59.103Z] [ALL] 06-13 11:56:56.623 23936 23936 D AVStageUtils: createInstance(64bit): createVendorAVUtils success!
[2026-06-13T06:26:59.103Z] [ALL] 06-13 11:56:56.623 23936 23936 D OplusUtils: OplusUtils [89]: 
[2026-06-13T06:26:59.103Z] [ALL] 06-13 11:56:56.625 23936 23936 E screencap: createInstance(64bit) : createExtendedFactory
[2026-06-13T06:26:59.103Z] [ALL] 06-13 11:56:56.626 23936 23936 E screencap: createInstance(64bit) : createExtendedFactory
[2026-06-13T06:26:59.103Z] [ALL] 06-13 11:56:56.626   934   934 D vendor.oplus.hardware.charger@1.0-service: getPsyUsbType type: USB, ret_value = 3
[2026-06-13T06:26:59.103Z] [ALL] 06-13 11:56:56.626   934   934 D vendor.oplus.hardware.charger@1.0-service: getPsyUsbType type: USB is usb charging.
[2026-06-13T06:26:59.103Z] [ALL] 06-13 11:56:56.626 23936 23936 E screencap: Opened libinputextensionsimpl.so
[2026-06-13T06:26:59.103Z] [ALL] 06-13 11:56:56.626 23936 23936 E screencap: Opened libinputextensionsimpl.so
[2026-06-13T06:26:59.103Z] [ALL] 06-13 11:56:56.626 23936 23936 E screencap: createInstance(64bit) : createExtendedFactory
[2026-06-13T06:26:59.103Z] [ALL] 06-13 11:56:56.626 23936 23936 E screencap: createInstance(64bit) : createExtendedFactory
[2026-06-13T06:26:59.103Z] [ALL] 06-13 11:56:56.626 23936 23936 E screencap: Opened libsensorextimpl.so
[2026-06-13T06:26:59.103Z] [ALL] 06-13 11:56:56.626 23936 23936 E screencap: Opened libsensorextimpl.so
[2026-06-13T06:26:59.103Z] [ALL] 06-13 11:56:56.627   858 28068 E netd    : dispachCmd:oplusGetRtt
[2026-06-13T06:26:59.103Z] [ALL] 06-13 11:56:56.627   858 28068 E netd    : handleGetRttCmd: netId = 204, uid = 10316
[2026-06-13T06:26:59.103Z] [ALL] 06-13 11:56:56.628 23936 23936 W ProcessState: Extra binder thread started, but 0 threads requested. Do not use *startThreadPool when zero threads are requested.
[2026-06-13T06:26:59.103Z] [ALL] 06-13 11:56:56.628   858 28068 E netd    : dispachCmd cmd:oplusGetRtt  result:0
[2026-06-13T06:26:59.103Z] [ALL] 06-13 11:56:56.630   858 28068 E netd    : dispachCmd:oplusGetRtt
[2026-06-13T06:26:59.103Z] [ALL] 06-13 11:56:56.630   858 28068 E netd    : handleGetRttCmd: netId = 206, uid = 10316
[2026-06-13T06:26:59.103Z] [ALL] 06-13 11:56:56.632   858 28068 E netd    : dispachCmd cmd:oplusGetRtt  result:0
[2026-06-13T06:26:59.103Z] [ALL] 06-13 11:56:56.642  1695  2144 D OplusWifiConnect2: clientModeManager == null, getOplusSta2ConnectionInfo null
[2026-06-13T06:26:59.103Z] [ALL] 06-13 11:56:56.643  1695  2148 D WN_S    : isCellQualityGood is false, curscore =105, no need to switch lte
[2026-06-13T06:26:59.103Z] [ALL] 06-13 11:56:56.648 23945 23945 E Parcel  : Attempt to read from protected data in Parcel 0x7fcafc3d30
[2026-06-13T06:26:59.103Z] [ALL] 06-13 11:56:56.648 23945 23945 E Parcel  : Attempt to read from protected data in Parcel 0x7fcafc3d30
[2026-06-13T06:26:59.132Z] [ALL] 06-13 11:56:56.648 23945 23945 E Parcel  : Attempt to read from protected data in Parcel 0x7fcafc3d30
[2026-06-13T06:26:59.132Z] [ALL] 06-13 11:56:56.648 23945 23945 E Parcel  : Attempt to read from protected data in Parcel 0x7fcafc3d30
[2026-06-13T06:26:59.132Z] [ALL] 06-13 11:56:56.648 23945 23945 E Parcel  : Attempt to read from protected data in Parcel 0x7fcafc3d30
[2026-06-13T06:26:59.132Z] [ALL] 06-13 11:56:56.650   858 28068 E TetherController: property_get sys.radio.data.modem_share_flag return 0, 1!
[2026-06-13T06:26:59.132Z] [ALL] 06-13 11:56:56.655   600   600 I servicemanager: Could not find android.hardware.graphics.allocator.IAllocator/default in the VINTF manifest.
[2026-06-13T06:26:59.132Z] [ALL] 06-13 11:56:56.656 23936 23936 E ion     : ioctl c0044901 failed with code -1: Invalid argument
[2026-06-13T06:26:59.158Z] [ALL] 06-13 11:56:56.706 23951 23951 E Parcel  : Attempt to read from protected data in Parcel 0x7fc5db7400
[2026-06-13T06:26:59.158Z] [ALL] 06-13 11:56:56.706 23951 23951 E Parcel  : Attempt to read from protected data in Parcel 0x7fc5db7400
[2026-06-13T06:26:59.158Z] [ALL] 06-13 11:56:56.706 23951 23951 E Parcel  : Attempt to read from protected data in Parcel 0x7fc5db7400
[2026-06-13T06:26:59.158Z] [ALL] 06-13 11:56:56.706 23951 23951 E Parcel  : Attempt to read from protected data in Parcel 0x7fc5db7400
[2026-06-13T06:26:59.158Z] [ALL] 06-13 11:56:56.706 23951 23951 E Parcel  : Attempt to read from protected data in Parcel 0x7fc5db7400
[2026-06-13T06:26:59.195Z] [ALL] 06-13 11:56:56.761 23955 23955 E Parcel  : Attempt to read from protected data in Parcel 0x7ff2faa5d0
[2026-06-13T06:26:59.195Z] [ALL] 06-13 11:56:56.761 23955 23955 E Parcel  : Attempt to read from protected data in Parcel 0x7ff2faa5d0
[2026-06-13T06:26:59.195Z] [ALL] 06-13 11:56:56.761 23955 23955 E Parcel  : Attempt to read from protected data in Parcel 0x7ff2faa5d0
[2026-06-13T06:26:59.195Z] [ALL] 06-13 11:56:56.761 23955 23955 E Parcel  : Attempt to read from protected data in Parcel 0x7ff2faa5d0
[2026-06-13T06:26:59.195Z] [ALL] 06-13 11:56:56.761 23955 23955 E Parcel  : Attempt to read from protected data in Parcel 0x7ff2faa5d0
[2026-06-13T06:26:59.232Z] [ALL] 06-13 11:56:56.820 23961 23961 E Parcel  : Attempt to read from protected data in Parcel 0x7fe6f47870
[2026-06-13T06:26:59.232Z] [ALL] 06-13 11:56:56.820 23961 23961 E Parcel  : Attempt to read from protected data in Parcel 0x7fe6f47870
[2026-06-13T06:26:59.237Z] [ALL] 06-13 11:56:56.820 23961 23961 E Parcel  : Attempt to read from protected data in Parcel 0x7fe6f47870
[2026-06-13T06:26:59.237Z] [ALL] 06-13 11:56:56.821 23961 23961 E Parcel  : Attempt to read from protected data in Parcel 0x7fe6f47870
[2026-06-13T06:26:59.237Z] [ALL] 06-13 11:56:56.821 23961 23961 E Parcel  : Attempt to read from protected data in Parcel 0x7fe6f47870
[2026-06-13T06:26:59.298Z] [ALL] 06-13 11:56:56.876 23936 23936 W RefBase : RefBase: Explicit destruction, weak count = 0 (in 0x7780fe4f40). Use sp<> to manage this object.
[2026-06-13T06:26:59.324Z] [ALL] 06-13 11:56:56.879 23966 23966 E Parcel  : Attempt to read from protected data in Parcel 0x7fc3683b20
[2026-06-13T06:26:59.324Z] [ALL] 06-13 11:56:56.879 23966 23966 E Parcel  : Attempt to read from protected data in Parcel 0x7fc3683b20
[2026-06-13T06:26:59.324Z] [ALL] 06-13 11:56:56.879 23966 23966 E Parcel  : Attempt to read from protected data in Parcel 0x7fc3683b20
[2026-06-13T06:26:59.324Z] [ALL] 06-13 11:56:56.879 23966 23966 E Parcel  : Attempt to read from protected data in Parcel 0x7fc3683b20
[2026-06-13T06:26:59.324Z] [ALL] 06-13 11:56:56.879 23966 23966 E Parcel  : Attempt to read from protected data in Parcel 0x7fc3683b20
[2026-06-13T06:26:59.347Z] [ALL] 06-13 11:56:56.880 23936 23936 D RefBase : #00 pc 00000000000efaa8  /apex/com.android.runtime/lib64/bionic/libc.so (__cxa_finalize+280)
[2026-06-13T06:26:59.347Z] [ALL] 06-13 11:56:56.880 23936 23936 D RefBase : #01 pc 00000000000e1948  /apex/com.android.runtime/lib64/bionic/libc.so (exit+24)
[2026-06-13T06:26:59.347Z] [ALL] 06-13 11:56:56.880 23936 23936 D RefBase : #02 pc 0000000000074dd4  /apex/com.android.runtime/lib64/bionic/libc.so (__libc_init+100)
[2026-06-13T06:26:59.347Z] [ALL] 06-13 11:56:56.882 22664 22780 I NearbyConnections: Found BleAdvertisement [ 0x23 0x46 0x41 0x55 0x44 0x11 0x16 0xea 0x4d 0x1e 0x41 0xfc 0x1f 0x24 0xd6 0x55 0xc3 0x60 0xf0 0x08 0xfa 0xec 0x94 ] (with EndpointId FAUD and EndpointInfo [ 0x16 0xea 0x4d 0x1e 0x41 0xfc 0x1f 0x24 0xd6 0x55 0xc3 0x60 0xf0 0x08 0xfa 0xec 0x94 ])
[2026-06-13T06:26:59.347Z] [ALL] 06-13 11:56:56.887   891   978 W AString : ctor got NULL, using empty string instead
[2026-06-13T06:26:59.347Z] [ALL] 06-13 11:56:56.888   891   978 I sensors-hal-SensorSavedChannel: [8860,-27340,4300]==>gyro_bias.json
[2026-06-13T06:26:59.347Z] [ALL] 06-13 11:56:56.893 22664 22780 I NearbyConnections: ClientProxy(135143596 0p:com.google.android.gms.nearby.sharing) reporting onEndpointFound(FAUD)
[2026-06-13T06:26:59.347Z] [ALL] 06-13 11:56:56.894 22664 22780 I NearbyConnections: ClientProxy(135143596) reporting onEndpointDistanceChanged(FAUD, UNKNOWN)
[2026-06-13T06:26:59.347Z] [ALL] 06-13 11:56:56.912 22664 23717 I NearbySharing: NearbySharing Internal event EndpointDiscovered(endpointId=FAUD)
[2026-06-13T06:26:59.377Z] [ALL] 06-13 11:56:56.929 22562 22768 I appium  : AppiumResponse: {"sessionId":"bbd9c9d5-5fb4-4929-9d59-c57d0a8ed320","value":"iVBORw0KGgoAAAANSUhEUgAABDgAAAlgCAYAAABtGofVAAAAAXNSR0IArs4c6QAAAARzQklUCAgICHwIZIgAACAASURBVHic7N13nBPV2gfw30yyjWWXKr333hWkdxDpiA3UV8WGIlasKNj14rXXq9gQQUF6k957l7b0Xpe2bE0y8/6RTDZl0idldn/f+9krO5k5c5LJJjPPPOc5Qk6uLIOIiIiIiIiISMfEaHeAiIiIiIi…
[2026-06-13T06:26:59.411Z] [ALL] 06-13 11:56:56.948 23970 23970 E Parcel  : Attempt to read from protected data in Parcel 0x7ff92e5980
[2026-06-13T06:26:59.411Z] [ALL] 06-13 11:56:56.949 23970 23970 E Parcel  : Attempt to read from protected data in Parcel 0x7ff92e5980
[2026-06-13T06:26:59.411Z] [ALL] 06-13 11:56:56.949 23970 23970 E Parcel  : Attempt to read from protected data in Parcel 0x7ff92e5980
[2026-06-13T06:26:59.411Z] [ALL] 06-13 11:56:56.949 23970 23970 E Parcel  : Attempt to read from protected data in Parcel 0x7ff92e5980
[2026-06-13T06:26:59.411Z] [ALL] 06-13 11:56:56.949 23970 23970 E Parcel  : Attempt to read from protected data in Parcel 0x7ff92e5980